BL51 BANKED LINKER/LOCATER V6.22                                                        06/20/2018  14:42:57  PAGE 1


BL51 BANKED LINKER/LOCATER V6.22, INVOKED BY:
C:\KEIL\C51\BIN\BL51.EXE STARTUP.obj, AdcDrv.obj, AngApp.obj, Calibration.obj, CmdSub.obj, Comm.obj, Delay.obj, Filter.o
>> bj, Flash.obj, Init.obj, Key.obj, Main.obj, ModBusCrc.obj, ModBusRtu.obj, Send.obj, Sensor.obj, Sub.obj, Timer.obj TO
>>  WTAL RAMSIZE (256)


MEMORY MODEL: SMALL WITH FLOATING POINT ARITHMETIC


INPUT MODULES INCLUDED:
  STARTUP.obj (?C_STARTUP)
  AdcDrv.obj (ADCDRV)
  AngApp.obj (ANGAPP)
  Calibration.obj (CALIBRATION)
  CmdSub.obj (CMDSUB)
  Comm.obj (COMM)
  Delay.obj (DELAY)
  Filter.obj (FILTER)
  Flash.obj (FLASH)
  Init.obj (INIT)
  Key.obj (KEY)
  Main.obj (MAIN)
  ModBusCrc.obj (MODBUSCRC)
  ModBusRtu.obj (MODBUSRTU)
  Send.obj (SEND)
  Sensor.obj (SENSOR)
  Sub.obj (SUB)
  Timer.obj (TIMER)
  C:\KEIL\C51\LIB\C51FPS.LIB (?C?FPADD)
  C:\KEIL\C51\LIB\C51FPS.LIB (?C?FPMUL)
  C:\KEIL\C51\LIB\C51FPS.LIB (?C?FPDIV)
  C:\KEIL\C51\LIB\C51FPS.LIB (?C?FPCMP)
  C:\KEIL\C51\LIB\C51FPS.LIB (?C?FCAST)
  C:\KEIL\C51\LIB\C51FPS.LIB (?C?CASTF)
  C:\KEIL\C51\LIB\C51FPS.LIB (SQRT)
  C:\KEIL\C51\LIB\C51FPS.LIB (SIN)
  C:\KEIL\C51\LIB\C51FPS.LIB (ASIN)
  C:\KEIL\C51\LIB\C51FPS.LIB (?C?FPGETOPN)
  C:\KEIL\C51\LIB\C51FPS.LIB (?C?FPSERIES)
  C:\KEIL\C51\LIB\C51FPS.LIB (ATAN)
  C:\KEIL\C51\LIB\C51S.LIB (?C_INIT)
  C:\KEIL\C51\LIB\C51S.LIB (?C?CLDPTR)
  C:\KEIL\C51\LIB\C51S.LIB (?C?CLDOPTR)
  C:\KEIL\C51\LIB\C51S.LIB (?C?CILDPTR)
  C:\KEIL\C51\LIB\C51S.LIB (?C?CSTPTR)
  C:\KEIL\C51\LIB\C51S.LIB (?C?CSTOPTR)
  C:\KEIL\C51\LIB\C51S.LIB (?C?IMUL)
  C:\KEIL\C51\LIB\C51S.LIB (?C?UIDIV)
  C:\KEIL\C51\LIB\C51S.LIB (?C?SIDIV)
  C:\KEIL\C51\LIB\C51S.LIB (?C?IILDX)
  C:\KEIL\C51\LIB\C51S.LIB (?C?ILDPTR)
  C:\KEIL\C51\LIB\C51S.LIB (?C?ILDOPTR)
  C:\KEIL\C51\LIB\C51S.LIB (?C?IILDPTR)
  C:\KEIL\C51\LIB\C51S.LIB (?C?IILDOPTR)
  C:\KEIL\C51\LIB\C51S.LIB (?C?ISTPTR)
  C:\KEIL\C51\LIB\C51S.LIB (?C?ISTOPTR)
  C:\KEIL\C51\LIB\C51S.LIB (?C?LMUL)
  C:\KEIL\C51\LIB\C51S.LIB (?C?ULDIV)
BL51 BANKED LINKER/LOCATER V6.22                                                      06/20/2018  14:42:57  PAGE 2


  C:\KEIL\C51\LIB\C51S.LIB (?C?SLDIV)
  C:\KEIL\C51\LIB\C51S.LIB (?C?LNEG)
  C:\KEIL\C51\LIB\C51S.LIB (?C?SLCMP)
  C:\KEIL\C51\LIB\C51S.LIB (?C?ULCMP)
  C:\KEIL\C51\LIB\C51S.LIB (?C?ULSHR)
  C:\KEIL\C51\LIB\C51S.LIB (?C?LSHL)
  C:\KEIL\C51\LIB\C51S.LIB (?C?LLDPTR)
  C:\KEIL\C51\LIB\C51S.LIB (?C?LLDOPTR)
  C:\KEIL\C51\LIB\C51S.LIB (?C?LSTPTR)
  C:\KEIL\C51\LIB\C51S.LIB (?C?LSTOPTR)
  C:\KEIL\C51\LIB\C51S.LIB (?C?LLDCODE)
  C:\KEIL\C51\LIB\C51S.LIB (?C?LLDCODE0)
  C:\KEIL\C51\LIB\C51S.LIB (?C?LLDOPTR0)
  C:\KEIL\C51\LIB\C51S.LIB (?C?LSTXDATA)
  C:\KEIL\C51\LIB\C51S.LIB (?C?LSTKXDATA)
  C:\KEIL\C51\LIB\C51S.LIB (?C?LSTKOPTR)
  C:\KEIL\C51\LIB\C51S.LIB (?C?OFFXADD)
  C:\KEIL\C51\LIB\C51S.LIB (?C?PLDOPTR)
  C:\KEIL\C51\LIB\C51S.LIB (?C?PSTOPTR)
  C:\KEIL\C51\LIB\C51S.LIB (?C?ICASE)
  C:\KEIL\C51\LIB\C51S.LIB (?C?ICALL)
  C:\KEIL\C51\LIB\C51S.LIB (STRNCMP)
  C:\KEIL\C51\LIB\C51S.LIB (STRNCPY)
  C:\KEIL\C51\LIB\C51S.LIB (?C?LLDIDATA)
  C:\KEIL\C51\LIB\C51S.LIB (?C?LLDXDATA)
  C:\KEIL\C51\LIB\C51S.LIB (?C?LLDPDATA)
  C:\KEIL\C51\LIB\C51S.LIB (?C?LLDIDATA0)
  C:\KEIL\C51\LIB\C51S.LIB (?C?LLDXDATA0)
  C:\KEIL\C51\LIB\C51S.LIB (?C?LLDPDATA0)
  C:\KEIL\C51\LIB\C51S.LIB (?C?LSTIDATA)
  C:\KEIL\C51\LIB\C51S.LIB (?C?LSTPDATA)
  C:\KEIL\C51\LIB\C51S.LIB (?C?LSTKIDATA)
  C:\KEIL\C51\LIB\C51S.LIB (?C?LSTKPDATA)
  C:\KEIL\C51\LIB\C51S.LIB (?C?PLDIDATA)
  C:\KEIL\C51\LIB\C51S.LIB (?C?PSTIDATA)
  C:\KEIL\C51\LIB\C51S.LIB (?C?PLDXDATA)
  C:\KEIL\C51\LIB\C51S.LIB (?C?PSTXDATA)
  C:\KEIL\C51\LIB\C51S.LIB (?C?PLDPDATA)
  C:\KEIL\C51\LIB\C51S.LIB (?C?PSTPDATA)
  C:\KEIL\C51\LIB\C51S.LIB (?C?PLDCODE)


LINK MAP OF MODULE:  WTAL (?C_STARTUP)


            TYPE    BASE      LENGTH    RELOCATION   SEGMENT NAME
            -----------------------------------------------------

            * * * * * * *   D A T A   M E M O R Y   * * * * * * *
            REG     0000H     0008H     ABSOLUTE     "REG BANK 0"
            DATA    0008H     000AH     UNIT         ?DT?SEND
            DATA    0012H     0004H     UNIT         ?DT?ANGAPP
            DATA    0016H     0004H     UNIT         ?DT?CMDSUB
            DATA    001AH     0002H     UNIT         ?DT?KEY
            DATA    001CH     0002H     UNIT         ?DT?TIMER
                    001EH     0002H                  *** GAP ***
            BIT     0020H.0   0000H.2   UNIT         ?BI?COMM
BL51 BANKED LINKER/LOCATER V6.22                                                      06/20/2018  14:42:57  PAGE 3


            BIT     0020H.2   0000H.2   UNIT         _BIT_GROUP_
                    0020H.4   0000H.4                *** GAP ***
            DATA    0021H     004FH     UNIT         _DATA_GROUP_
            IDATA   0070H     0003H     UNIT         ?ID?ADCDRV
            IDATA   0073H     0001H     UNIT         ?STACK

            * * * * * * *  X D A T A   M E M O R Y  * * * * * * *
            XDATA   0000H     04B0H     UNIT         ?XD?CALIBRATION
            XDATA   04B0H     0200H     UNIT         ?XD?FLASH
            XDATA   06B0H     019EH     UNIT         ?XD?ADCDRV
            XDATA   084EH     019AH     UNIT         ?XD?COMM
            XDATA   09E8H     00C9H     UNIT         ?XD?SEND
            XDATA   0AB1H     004CH     UNIT         ?XD?ANGAPP
            XDATA   0AFDH     0041H     UNIT         ?XD?SENSOR
            XDATA   0B3EH     0018H     UNIT         ?XD?CMDSUB
            XDATA   0B56H     000DH     UNIT         ?XD?MODBUSRTU
            XDATA   0B63H     0008H     UNIT         _XDATA_GROUP_
            XDATA   0B6BH     0005H     UNIT         ?XD?MAIN
            XDATA   0B70H     0004H     UNIT         ?XD?TIMER
            XDATA   0B74H     0002H     UNIT         ?XD?KEY

            * * * * * * *   C O D E   M E M O R Y   * * * * * * *
            CODE    0000H     0003H     ABSOLUTE     
            CODE    0003H     0020H     UNIT         ?PR?_SEND_TDEAL?SEND
            CODE    0023H     0003H     ABSOLUTE     
            CODE    0026H     0004H     UNIT         ?PR?ADC_ENABLE?ADCDRV
                    002AH     0001H                  *** GAP ***
            CODE    002BH     0003H     ABSOLUTE     
            CODE    002EH     001DH     UNIT         ?PR?COMM_TIMERPROC?COMM
            CODE    004BH     0003H     ABSOLUTE     
            CODE    004EH     0BADH     UNIT         ?PR?_MODRTU_RDVAL?MODBUSRTU
            CODE    0BFBH     0AEFH     UNIT         ?C?LIB_CODE
            CODE    16EAH     0A1DH     UNIT         ?PR?_MODRTU_WRVAL?MODBUSRTU
            CODE    2107H     09A0H     UNIT         ?PR?_SEND_SDEAL?SEND
            CODE    2AA7H     0359H     UNIT         ?PR?ANGPROC?ANGAPP
            CODE    2E00H     032BH     UNIT         ?PR?_RAM_CALDATA2BUF?FLASH
            CODE    312BH     031BH     UNIT         ?PR?_RAM_BUF2CALDATA?FLASH
            CODE    3446H     0289H     UNIT         ?CO?SEND
            CODE    36CFH     0275H     UNIT         ?PR?_SEND_RDEAL?SEND
            CODE    3944H     0203H     UNIT         ?PR?_SEND_CDEAL?SEND
            CODE    3B47H     0200H     UNIT         ?CO?MODBUSCRC
            CODE    3D47H     01B6H     UNIT         ?PR?_SUB_STR2INT32S?SUB
            CODE    3EFDH     0184H     UNIT         ?PR?_ANG_CALCPRM?CALIBRATION
            CODE    4081H     016EH     UNIT         ?PR?SIN?SIN
            CODE    41EFH     015FH     UNIT         ?PR?_SUB_INT32S2STR?SUB
            CODE    434EH     0130H     UNIT         ?PR?_TEMP_CALCPRM?CALIBRATION
            CODE    447EH     0128H     UNIT         ?PR?ATAN?ATAN
            CODE    45A6H     011FH     UNIT         ?PR?ANGCALDATAINIT?CALIBRATION
            CODE    46C5H     011DH     UNIT         ?PR?SEND_TIMEPROC?SEND
            CODE    47E2H     0115H     UNIT         ?PR?CALIBINIT?CALIBRATION
            CODE    48F7H     010CH     UNIT         ?PR?FLASH_CALDATAINIT?FLASH
            CODE    4A03H     0107H     UNIT         ?PR?_TEMP_CALTREFSET?CMDSUB
            CODE    4B0AH     0103H     UNIT         ?PR?_MODRTU_WRREG?MODBUSRTU
            CODE    4C0DH     0100H     UNIT         ?PR?_SEND_WDEAL?SEND
            CODE    4D0DH     00FFH     UNIT         ?PR?_SUB_SENDTEMPCAL?SUB
            CODE    4E0CH     00EDH     UNIT         ?PR?_MODRTU_RDREG?MODBUSRTU
            CODE    4EF9H     00E8H     UNIT         ?PR?_ADC_XCALPROC?CMDSUB
BL51 BANKED LINKER/LOCATER V6.22                                                      06/20/2018  14:42:57  PAGE 4


            CODE    4FE1H     00E8H     UNIT         ?PR?_ADC_YCALPROC?CMDSUB
            CODE    50C9H     00D9H     UNIT         ?PR?_SLIDEWINFILTER?FILTER
            CODE    51A2H     00D8H     UNIT         ?PR?_PANGCALC?ANGAPP
            CODE    527AH     00BFH     UNIT         ?PR?_SUB_STR2INT16U?SUB
            CODE    5339H     00B7H     UNIT         ?PR?_GETOFFSET?SENSOR
            CODE    53F0H     00B0H     UNIT         ?PR?_SUB_INT16U2STR?SUB
            CODE    54A0H     00AAH     UNIT         ?PR?SQRT?SQRT
            CODE    554AH     00A7H     UNIT         ?PR?_ANG_CALC?SENSOR
            CODE    55F1H     00A5H     UNIT         ?PR?_GETANGCALCVAL?SENSOR
            CODE    5696H     00A4H     UNIT         ?PR?ADC_ISR?ADCDRV
            CODE    573AH     009CH     UNIT         ?PR?ANGINIT?ANGAPP
            CODE    57D6H     0097H     UNIT         ?PR?ADC_XCALSTOP?CMDSUB
            CODE    586DH     0097H     UNIT         ?PR?ADC_YCALSTOP?CMDSUB
            CODE    5904H     0092H     UNIT         ?PR?SNPROC?SENSOR
            CODE    5996H     008DH     UNIT         ?PR?_FLOATTOINT?MODBUSRTU
            CODE    5A23H     008CH     UNIT         ?C_C51STARTUP
            CODE    5AAFH     0085H     UNIT         ?PR?_ADCFILTER?ADCDRV
            CODE    5B34H     0085H     UNIT         ?PR?_TEMP_CALVALWR?CMDSUB
            CODE    5BB9H     0084H     UNIT         ?PR?SNINIT?SENSOR
            CODE    5C3DH     0080H     UNIT         ?PR?TEMPSORTANDCALCPRM?CMDSUB
            CODE    5CBDH     0080H     UNIT         ?PR?_SNFILTER?SENSOR
            CODE    5D3DH     0078H     UNIT         ?PR?COMM_ISR?COMM
            CODE    5DB5H     0077H     UNIT         ?PR?_ADC_SAVEANDSWITCH?ADCDRV
            CODE    5E2CH     0075H     UNIT         ?PR?_SUB_BUFBUBBLE2?SUB
            CODE    5EA1H     006FH     UNIT         ?PR?_STRNCMP?STRNCMP
            CODE    5F10H     006EH     UNIT         ?CO?SUB
            CODE    5F7EH     006BH     UNIT         ?PR?_ANGCHKDIFF?CMDSUB
            CODE    5FE9H     006AH     UNIT         ?PR?_FLASH_BUFWR?FLASH
            CODE    6053H     0069H     UNIT         ?PR?KEY_DOWN?KEY
            CODE    60BCH     0069H     UNIT         ?PR?_SN_DATAINIT?SENSOR
            CODE    6125H     0069H     UNIT         ?PR?_SUB_BUFBUBBLE?SUB
            CODE    618EH     0066H     UNIT         ?PR?_TEMP_CALSAMP?CMDSUB
            CODE    61F4H     0065H     UNIT         ?PR?_SEND_UDEAL?SEND
            CODE    6259H     0065H     UNIT         ?PR?SUB_SENDPRMTALL?SUB
            CODE    62BEH     0064H     UNIT         ?PR?SUB_SENDTCALTEST?SUB
            CODE    6322H     0063H     UNIT         ?PR?_SUB_SENDANGXCAL?SUB
            CODE    6385H     0061H     UNIT         ?PR?TEMPCALDATAINIT?CALIBRATION
            CODE    63E6H     005DH     UNIT         ?PR?_FILTER_1ST?FILTER
            CODE    6443H     005CH     UNIT         ?PR?_FLASH_BUFRD?FLASH
            CODE    649FH     005AH     UNIT         ?PR?INIT_SYSTEMPARA?INIT
            CODE    64F9H     005AH     UNIT         ?PR?_SUB_STR2INT16S?SUB
            CODE    6553H     0059H     UNIT         ?PR?TIMER2_TASKINISR?TIMER
            CODE    65ACH     0056H     UNIT         ?PR?FLASHAREA_USER?FLASH
            CODE    6602H     0056H     UNIT         ?PR?_SUB_SBUFSWITCH?SUB
            CODE    6658H     0052H     UNIT         ?PR?_STARSTP_TIME?TIMER
            CODE    66AAH     0052H     UNIT         ?PR?_STRNCPY?STRNCPY
            CODE    66FCH     0050H     UNIT         ?PR?RAM_CALDATAINIT_USER?FLASH
            CODE    674CH     004FH     UNIT         ?PR?_FLASH_CALDATAUPDATE_USER?FLASH
            CODE    679BH     004DH     UNIT         ?PR?ADCENTITYINIT?ADCDRV
            CODE    67E8H     004CH     UNIT         ?PR?_COMM_GETTXCHAR?COMM
            CODE    6834H     004CH     UNIT         ?PR?_COMM_GETCHAR?COMM
            CODE    6880H     004CH     UNIT         ?PR?_SUB_16SBUFSWITCH?SUB
            CODE    68CCH     004CH     UNIT         ?PR?_SUB_UBUFSWITCH?SUB
            CODE    6918H     0048H     UNIT         ?PR?_SUB_SENDADCTXY?SUB
            CODE    6960H     0046H     UNIT         ?PR?GETXANGALLSETVAL?ANGAPP
            CODE    69A6H     0046H     UNIT         ?PR?GETYANGALLSETVAL?ANGAPP
            CODE    69ECH     0045H     UNIT         ?PR?_COMM_PUTCHAR?COMM
BL51 BANKED LINKER/LOCATER V6.22                                                      06/20/2018  14:42:57  PAGE 5


            CODE    6A31H     0045H     UNIT         ?PR?_MODRTU_RLYERROR?MODBUSRTU
            CODE    6A76H     0044H     UNIT         ?C?LDIV
            CODE    6ABAH     0043H     UNIT         ?PR?FLASH_CALDATAUPDATE?FLASH
            CODE    6AFDH     0041H     UNIT         ?PR?_COMM_PUTINT16S?SUB
            CODE    6B3EH     0041H     UNIT         ?PR?_SUB_SENDANGYCAL?SUB
            CODE    6B7FH     003EH     UNIT         ?PR?_COMM_PUTRXCHAR?COMM
            CODE    6BBDH     003DH     UNIT         ?PR?TIMER2_INIT?TIMER
            CODE    6BFAH     003DH     UNIT         ?PR?TIMER2_ISR?TIMER
            CODE    6C37H     003CH     UNIT         ?PR?LEDFLASHPROC?ANGAPP
            CODE    6C73H     003CH     UNIT         ?PR?_FLASH_CHECKSUM?FLASH
            CODE    6CAFH     003CH     UNIT         ?PR?_MODRTU_RXPROC?MODBUSRTU
            CODE    6CEBH     003CH     UNIT         ?PR?SUB_SENDID?SUB
            CODE    6D27H     003CH     UNIT         ?PR?_SUB_STR2INT8U?SUB
            CODE    6D63H     003BH     UNIT         ?PR?ASIN?ASIN
            CODE    6D9EH     003AH     UNIT         ?PR?_MODBUSCRCCNT?MODBUSCRC
            CODE    6DD8H     0039H     UNIT         ?PR?SUB_SENDANGXYP?SUB
            CODE    6E11H     0038H     UNIT         ?PR?LEDGREENREDFLASH?ANGAPP
            CODE    6E49H     0036H     UNIT         ?PR?GETANGP?ANGAPP
            CODE    6E7FH     0036H     UNIT         ?PR?KEY_PROC?KEY
            CODE    6EB5H     0035H     UNIT         ?PR?MAIN?MAIN
            CODE    6EEAH     0033H     UNIT         ?PR?_MODRTU_SETZERO?MODBUSRTU
            CODE    6F1DH     0032H     UNIT         ?PR?_FLASHUPDATE?FLASH
            CODE    6F4FH     002FH     UNIT         ?C_INITSEG
            CODE    6F7EH     002FH     UNIT         ?PR?STARSTP_STRUCTINIT?ANGAPP
            CODE    6FADH     002FH     UNIT         ?PR?_SUB_STRALARMCHECK?SUB
            CODE    6FDCH     002DH     UNIT         ?PR?ADC_SETINIT?ADCDRV
            CODE    7009H     002DH     UNIT         ?PR?LED_HANDLEPROC?ANGAPP
            CODE    7036H     002CH     UNIT         ?PR?_SETANGZERO?ANGAPP
            CODE    7062H     002BH     UNIT         ?PR?LEDGREENFLASH?ANGAPP
            CODE    708DH     002BH     UNIT         ?PR?LEDREDFLASH?ANGAPP
            CODE    70B8H     0029H     UNIT         ?PR?_SETANGZEROADD?ANGAPP
            CODE    70E1H     0029H     UNIT         ?PR?_FLASH_PAGEERASE?FLASH
            CODE    710AH     0028H     UNIT         ?PR?_MODRTU_WRADDR?MODBUSRTU
            CODE    7132H     0028H     UNIT         ?PR?SUB_SENDANGXY?SUB
            CODE    715AH     0026H     UNIT         ?PR?_COMM_PUTSTR?COMM
            CODE    7180H     0026H     UNIT         ?PR?SYS_PORTINIT?INIT
            CODE    71A6H     0025H     UNIT         ?PR?_MODRTU_WRBAUD?MODBUSRTU
            CODE    71CBH     0024H     UNIT         ?PR?_VALINRANGE?FILTER
            CODE    71EFH     0022H     UNIT         ?PR?_SUB_INT16S2STR?SUB
            CODE    7211H     0021H     UNIT         ?PR?_MODRTU_WR16U?MODBUSRTU
            CODE    7232H     0020H     UNIT         ?PR?_SUB_INT8U2STR?SUB
            CODE    7252H     001EH     UNIT         ?PR?COMM_HARDWAREINIT?COMM
            CODE    7270H     001CH     UNIT         ?PR?_COMM_PUTINT16U?SUB
            CODE    728CH     001CH     UNIT         ?PR?_SUB_SENDENTERDLY?SUB
            CODE    72A8H     001CH     UNIT         ?PR?_SUB_SENDEXITDLY?SUB
            CODE    72C4H     001CH     UNIT         ?PR?SUB_SENDSYSNUM?SUB
            CODE    72E0H     001BH     UNIT         ?PR?INIT_ALL?INIT
            CODE    72FBH     001BH     UNIT         ?PR?SNXDATAINIT?SENSOR
            CODE    7316H     001BH     UNIT         ?PR?SNYDATAINIT?SENSOR
            CODE    7331H     001AH     UNIT         ?CO?ADCDRV
            CODE    734BH     0019H     UNIT         ?PR?SYS_CLKINIT?INIT
            CODE    7364H     0018H     UNIT         ?PR?FLASH_USERDATAUPDATE?FLASH
            CODE    737CH     0017H     UNIT         ?PR?_TEMP_RDTEMPVAL?CALIBRATION
            CODE    7393H     0017H     UNIT         ?PR?_TEMP_WRTEMPVAL?CALIBRATION
            CODE    73AAH     0017H     UNIT         ?PR?ADC_XCALSTA?CMDSUB
            CODE    73C1H     0017H     UNIT         ?PR?ADC_YCALSTA?CMDSUB
            CODE    73D8H     0017H     UNIT         ?PR?_DELAY_MS?DELAY
BL51 BANKED LINKER/LOCATER V6.22                                                      06/20/2018  14:42:57  PAGE 6


            CODE    73EFH     0016H     UNIT         ?PR?TEMP_CALSTOP?CMDSUB
            CODE    7405H     0016H     UNIT         ?PR?COMM_SOFTWAREINIT?COMM
            CODE    741BH     0016H     UNIT         ?PR?_MODRTU_CHKCRC?MODBUSRTU
            CODE    7431H     0016H     UNIT         ?PR?_COMM_PUTINT8U?SUB
            CODE    7447H     0015H     UNIT         ?PR?_SETTEMPXCALTEMPVAL?CALIBRATION
            CODE    745CH     0015H     UNIT         ?PR?_SETTEMPYCALTEMPVAL?CALIBRATION
            CODE    7471H     0015H     UNIT         ?PR?_SETTEMPXCALADCVAL?CALIBRATION
            CODE    7486H     0015H     UNIT         ?PR?_SETANGXCALADCVAL?CALIBRATION
            CODE    749BH     0015H     UNIT         ?PR?_SETTEMPYCALADCVAL?CALIBRATION
            CODE    74B0H     0015H     UNIT         ?PR?_SETANGYCALADCVAL?CALIBRATION
            CODE    74C5H     0014H     UNIT         ?PR?_COMM_PUTINT32S?SUB
            CODE    74D9H     0012H     UNIT         ?PR?LEDS_ON?ANGAPP
            CODE    74EBH     0012H     UNIT         ?PR?LEDS_OFF?ANGAPP
            CODE    74FDH     0012H     UNIT         ?PR?TEMP_CALSTA?CMDSUB
            CODE    750FH     0012H     UNIT         ?PR?_SNXFILTER?SENSOR
            CODE    7521H     0012H     UNIT         ?PR?_SNYFILTER?SENSOR
            CODE    7533H     0012H     UNIT         ?PR?TIMER2_TASKINMAIN?TIMER
            CODE    7545H     0011H     UNIT         ?PR?_TEMP_RDADCVAL?CALIBRATION
            CODE    7556H     0011H     UNIT         ?PR?_TEMP_WRADCVAL?CALIBRATION
            CODE    7567H     0011H     UNIT         ?PR?_ANG_RDADCVAL?CALIBRATION
            CODE    7578H     0011H     UNIT         ?PR?_ANG_WRADCVAL?CALIBRATION
            CODE    7589H     0011H     UNIT         ?PR?GET_MCUTEMP?SENSOR
            CODE    759AH     0011H     UNIT         ?PR?SUB_SENDOK?SUB
            CODE    75ABH     0011H     UNIT         ?PR?SUB_SENDERR?SUB
            CODE    75BCH     0011H     UNIT         ?PR?SUB_SENDSOFTVER?SUB
            CODE    75CDH     000FH     UNIT         ?PR?GETANGXSYSZERO?ANGAPP
            CODE    75DCH     000FH     UNIT         ?PR?GETANGYSYSZERO?ANGAPP
            CODE    75EBH     000FH     UNIT         ?PR?GETANGXUSRZERO?ANGAPP
            CODE    75FAH     000FH     UNIT         ?PR?GETANGYUSRZERO?ANGAPP
            CODE    7609H     000FH     UNIT         ?PR?GETANGXINST?ANGAPP
            CODE    7618H     000FH     UNIT         ?PR?GETANGYINST?ANGAPP
            CODE    7627H     000FH     UNIT         ?PR?GETANGXSET?ANGAPP
            CODE    7636H     000FH     UNIT         ?PR?GETANGYSET?ANGAPP
            CODE    7645H     000FH     UNIT         ?PR?GETANGPSET?ANGAPP
            CODE    7654H     000FH     UNIT         ?PR?GETANGXZEROUSR?ANGAPP
            CODE    7663H     000FH     UNIT         ?PR?GETANGYZEROUSR?ANGAPP
            CODE    7672H     000FH     UNIT         ?PR?GETANGXRELSYS?ANGAPP
            CODE    7681H     000FH     UNIT         ?PR?GETANGYRELSYS?ANGAPP
            CODE    7690H     000FH     UNIT         ?PR?_ALARMX?ANGAPP
            CODE    769FH     000FH     UNIT         ?PR?_ALARMY?ANGAPP
            CODE    76AEH     000FH     UNIT         ?PR?DELAY_100US?DELAY
            CODE    76BDH     000FH     UNIT         ?PR?GETXANG?SENSOR
            CODE    76CCH     000FH     UNIT         ?PR?GETYANG?SENSOR
            CODE    76DBH     000EH     UNIT         ?PR?_ANG_RDANGVAL?CALIBRATION
            CODE    76E9H     000EH     UNIT         ?PR?_ANG_WRANGVAL?CALIBRATION
            CODE    76F7H     000EH     UNIT         ?PR?FLASHCHK?FLASH
            CODE    7705H     000DH     UNIT         ?PR?_SETANGXSET?ANGAPP
            CODE    7712H     000DH     UNIT         ?PR?_SETANGYSET?ANGAPP
            CODE    771FH     000DH     UNIT         ?PR?_SETANGPSET?ANGAPP
            CODE    772CH     000DH     UNIT         ?PR?_MODRTU_RD16U?MODBUSRTU
            CODE    7739H     000CH     UNIT         ?PR?ADC_INIT?ADCDRV
            CODE    7745H     000CH     UNIT         ?PR?_GETTEMPXCALTEMPVAL?CALIBRATION
            CODE    7751H     000CH     UNIT         ?PR?_GETANGXCALANGVAL?CALIBRATION
            CODE    775DH     000CH     UNIT         ?PR?_GETTEMPYCALTEMPVAL?CALIBRATION
            CODE    7769H     000CH     UNIT         ?PR?_GETANGYCALANGVAL?CALIBRATION
            CODE    7775H     000CH     UNIT         ?PR?_GETTEMPXCALADCVAL?CALIBRATION
            CODE    7781H     000CH     UNIT         ?PR?_GETANGXCALADCVAL?CALIBRATION
BL51 BANKED LINKER/LOCATER V6.22                                                      06/20/2018  14:42:57  PAGE 7


            CODE    778DH     000CH     UNIT         ?PR?_GETTEMPYCALADCVAL?CALIBRATION
            CODE    7799H     000CH     UNIT         ?PR?_GETANGYCALADCVAL?CALIBRATION
            CODE    77A5H     000CH     UNIT         ?PR?_SETANGXCALANGVAL?CALIBRATION
            CODE    77B1H     000CH     UNIT         ?PR?_SETANGYCALANGVAL?CALIBRATION
            CODE    77BDH     000CH     UNIT         ?PR?_MODRTU_8TO16?MODBUSRTU
            CODE    77C9H     000BH     UNIT         ?PR?_SETTEMPXCALCNT?CALIBRATION
            CODE    77D4H     000BH     UNIT         ?PR?_SETANGXCALCNT?CALIBRATION
            CODE    77DFH     000BH     UNIT         ?PR?_SETTEMPYCALCNT?CALIBRATION
            CODE    77EAH     000BH     UNIT         ?PR?_SETANGYCALCNT?CALIBRATION
            CODE    77F5H     000BH     UNIT         ?PR?_DELAY_CYC?DELAY
            CODE    7800H     000BH     UNIT         ?PR?_MODRTU_WRCRC?MODBUSRTU
            CODE    780BH     000AH     UNIT         ?PR?DELAY_MS_?DELAY
            CODE    7815H     000AH     UNIT         ?PR?COMM_PUTNEWLINE?SUB
            CODE    781FH     0009H     UNIT         ?PR?ADC_GETXVAL?ADCDRV
            CODE    7828H     0009H     UNIT         ?PR?ADC_GETYVAL?ADCDRV
            CODE    7831H     0009H     UNIT         ?PR?ADC_GETTEMP?ADCDRV
            CODE    783AH     0009H     UNIT         ?PR?TEMPXCALCPRM?CALIBRATION
            CODE    7843H     0009H     UNIT         ?PR?TEMPYCALCPRM?CALIBRATION
            CODE    784CH     0009H     UNIT         ?PR?ANGXCALCPRM?CALIBRATION
            CODE    7855H     0009H     UNIT         ?PR?ANGYCALCPRM?CALIBRATION
            CODE    785EH     0009H     UNIT         ?CO?KEY
            CODE    7867H     0009H     UNIT         ?PR?ANGXCALC?SENSOR
            CODE    7870H     0009H     UNIT         ?PR?ANGYCALC?SENSOR
            CODE    7879H     0009H     UNIT         ?PR?GETXFTVAL?SENSOR
            CODE    7882H     0009H     UNIT         ?PR?GETYFTVAL?SENSOR
            CODE    788BH     0009H     UNIT         ?PR?GETXOFTVAL?SENSOR
            CODE    7894H     0009H     UNIT         ?PR?GETYOFTVAL?SENSOR
            CODE    789DH     0009H     UNIT         ?PR?_SUB_SENDOFFSET?SUB
            CODE    78A6H     0008H     UNIT         ?PR?_SETTEMPCALCNT?CALIBRATION
            CODE    78AEH     0008H     UNIT         ?PR?_SETANGCALCNT?CALIBRATION
            CODE    78B6H     0008H     UNIT         ?PR?_GETXOFFSET?SENSOR
            CODE    78BEH     0008H     UNIT         ?PR?_GETYOFFSET?SENSOR
            CODE    78C6H     0007H     UNIT         ?PR?MAIN_TEMP?MAIN
            CODE    78CDH     0006H     UNIT         ?PR?_SETANGXSYSZERO?ANGAPP
            CODE    78D3H     0006H     UNIT         ?PR?_SETANGYSYSZERO?ANGAPP
            CODE    78D9H     0006H     UNIT         ?PR?_SETANGXUSRZERO?ANGAPP
            CODE    78DFH     0006H     UNIT         ?PR?_SETANGYUSRZERO?ANGAPP
            CODE    78E5H     0006H     UNIT         ?PR?_SETANGXINST?ANGAPP
            CODE    78EBH     0006H     UNIT         ?PR?_SETANGYINST?ANGAPP
            CODE    78F1H     0006H     UNIT         ?PR?GETTEMPXCALCNT?CALIBRATION
            CODE    78F7H     0006H     UNIT         ?PR?GETANGXCALCNT?CALIBRATION
            CODE    78FDH     0006H     UNIT         ?PR?GETANGYCALCNT?CALIBRATION
            CODE    7903H     0006H     UNIT         ?PR?COMM_SENDSTA?COMM
            CODE    7909H     0006H     UNIT         ?PR?RAM_CALDATAINIT?FLASH
            CODE    790FH     0006H     UNIT         ?PR?GETFILTERCNT?SENSOR
            CODE    7915H     0006H     UNIT         ?PR?_SETFILTERCNT?SENSOR
            CODE    791BH     0004H     UNIT         ?PR?ADC_VREFINIT?ADCDRV
            CODE    791FH     0004H     UNIT         ?PR?ADC_ISRINIT?ADCDRV
            CODE    7923H     0004H     UNIT         ?PR?_TEMP_SETCALCNT?CALIBRATION
            CODE    7927H     0004H     UNIT         ?PR?_ANG_SETCALCNT?CALIBRATION
            CODE    792BH     0004H     UNIT         ?PR?COMM_SENDSTOP?COMM
            CODE    792FH     0003H     UNIT         ?PR?LED_GREENON?ANGAPP
            CODE    7932H     0003H     UNIT         ?PR?LED_GREENOFF?ANGAPP
            CODE    7935H     0003H     UNIT         ?PR?LED_REDON?ANGAPP
            CODE    7938H     0003H     UNIT         ?PR?LED_REDOFF?ANGAPP


BL51 BANKED LINKER/LOCATER V6.22                                                      06/20/2018  14:42:57  PAGE 8



OVERLAY MAP OF MODULE:   WTAL (?C_STARTUP)


SEGMENT                                        BIT_GROUP          DATA_GROUP          XDATA_GROUP
  +--> CALLED SEGMENT                       START    LENGTH     START    LENGTH     START    LENGTH
---------------------------------------------------------------------------------------------------
?C_C51STARTUP                               -----    -----      -----    -----      -----    -----
  +--> ?PR?MAIN?MAIN
  +--> ?C_INITSEG

?PR?MAIN?MAIN                               -----    -----      -----    -----      -----    -----
  +--> ?PR?INIT_ALL?INIT
  +--> ?PR?FLASH_CALDATAINIT?FLASH
  +--> ?PR?MAIN_TEMP?MAIN
  +--> ?PR?_DELAY_MS?DELAY
  +--> ?PR?SNPROC?SENSOR
  +--> ?PR?TIMER2_TASKINMAIN?TIMER
  +--> ?PR?SEND_TIMEPROC?SEND
  +--> ?PR?KEY_PROC?KEY
  +--> ?PR?ANGPROC?ANGAPP

?PR?INIT_ALL?INIT                           -----    -----      -----    -----      -----    -----
  +--> ?PR?SYS_PORTINIT?INIT
  +--> ?PR?SYS_CLKINIT?INIT
  +--> ?PR?COMM_HARDWAREINIT?COMM
  +--> ?PR?COMM_SOFTWAREINIT?COMM
  +--> ?PR?TIMER2_INIT?TIMER
  +--> ?PR?INIT_SYSTEMPARA?INIT
  +--> ?PR?ANGINIT?ANGAPP
  +--> ?PR?ADC_INIT?ADCDRV
  +--> ?PR?ADC_ENABLE?ADCDRV

?PR?TIMER2_INIT?TIMER                       -----    -----      -----    -----      -----    -----
  +--> ?CO?SEND

?PR?INIT_SYSTEMPARA?INIT                    -----    -----      -----    -----      -----    -----
  +--> ?CO?SEND

?PR?ANGINIT?ANGAPP                          -----    -----      -----    -----      -----    -----
  +--> ?PR?SNINIT?SENSOR
  +--> ?PR?STARSTP_STRUCTINIT?ANGAPP
  +--> ?PR?_SETANGXINST?ANGAPP
  +--> ?PR?_SETANGYINST?ANGAPP
  +--> ?PR?_SETANGXSYSZERO?ANGAPP
  +--> ?PR?_SETANGYSYSZERO?ANGAPP
  +--> ?PR?_SETANGXUSRZERO?ANGAPP
  +--> ?PR?_SETANGYUSRZERO?ANGAPP
  +--> ?PR?_SETANGXSET?ANGAPP
  +--> ?PR?_SETANGYSET?ANGAPP
  +--> ?PR?_SETANGPSET?ANGAPP

?PR?SNINIT?SENSOR                           -----    -----      -----    -----      -----    -----
  +--> ?PR?CALIBINIT?CALIBRATION
  +--> ?PR?_SETFILTERCNT?SENSOR
  +--> ?PR?SNXDATAINIT?SENSOR
  +--> ?PR?_SNXFILTER?SENSOR
BL51 BANKED LINKER/LOCATER V6.22                                                      06/20/2018  14:42:57  PAGE 9


  +--> ?PR?_GETXOFFSET?SENSOR
  +--> ?PR?ANGXCALC?SENSOR
  +--> ?PR?SNYDATAINIT?SENSOR
  +--> ?PR?_SNYFILTER?SENSOR
  +--> ?PR?_GETYOFFSET?SENSOR
  +--> ?PR?ANGYCALC?SENSOR

?PR?CALIBINIT?CALIBRATION                   -----    -----      -----    -----      -----    -----
  +--> ?PR?_SETTEMPXCALCNT?CALIBRATION
  +--> ?PR?_GETTEMPXCALTEMPVAL?CALIBRATION
  +--> ?PR?_GETTEMPXCALADCVAL?CALIBRATION
  +--> ?PR?_SETTEMPXCALTEMPVAL?CALIBRATION
  +--> ?PR?_SETTEMPXCALADCVAL?CALIBRATION
  +--> ?PR?_SETTEMPYCALCNT?CALIBRATION
  +--> ?PR?_GETTEMPYCALTEMPVAL?CALIBRATION
  +--> ?PR?_GETTEMPYCALADCVAL?CALIBRATION
  +--> ?PR?_SETTEMPYCALTEMPVAL?CALIBRATION
  +--> ?PR?_SETTEMPYCALADCVAL?CALIBRATION
  +--> ?PR?_SETANGXCALCNT?CALIBRATION
  +--> ?PR?_GETANGXCALANGVAL?CALIBRATION
  +--> ?PR?_GETANGXCALADCVAL?CALIBRATION
  +--> ?PR?_SETANGXCALANGVAL?CALIBRATION
  +--> ?PR?_SETANGXCALADCVAL?CALIBRATION
  +--> ?PR?_SETANGYCALCNT?CALIBRATION
  +--> ?PR?_GETANGYCALANGVAL?CALIBRATION
  +--> ?PR?_GETANGYCALADCVAL?CALIBRATION
  +--> ?PR?_SETANGYCALANGVAL?CALIBRATION
  +--> ?PR?_SETANGYCALADCVAL?CALIBRATION

?PR?_SETTEMPXCALCNT?CALIBRATION             -----    -----      -----    -----      -----    -----
  +--> ?PR?_TEMP_SETCALCNT?CALIBRATION

?PR?_GETTEMPXCALTEMPVAL?CALIBRATION         -----    -----      -----    -----      -----    -----
  +--> ?PR?_TEMP_RDTEMPVAL?CALIBRATION

?PR?_GETTEMPXCALADCVAL?CALIBRATION          -----    -----      -----    -----      -----    -----
  +--> ?PR?_TEMP_RDADCVAL?CALIBRATION

?PR?_SETTEMPXCALTEMPVAL?CALIBRATION         -----    -----      -----    -----      -----    -----
  +--> ?PR?_TEMP_WRTEMPVAL?CALIBRATION

?PR?_TEMP_WRTEMPVAL?CALIBRATION             -----    -----      0026H    0006H      -----    -----

?PR?_SETTEMPXCALADCVAL?CALIBRATION          -----    -----      -----    -----      -----    -----
  +--> ?PR?_TEMP_WRADCVAL?CALIBRATION

?PR?_TEMP_WRADCVAL?CALIBRATION              -----    -----      0026H    0006H      -----    -----

?PR?_SETTEMPYCALCNT?CALIBRATION             -----    -----      -----    -----      -----    -----
  +--> ?PR?_TEMP_SETCALCNT?CALIBRATION

?PR?_GETTEMPYCALTEMPVAL?CALIBRATION         -----    -----      -----    -----      -----    -----
  +--> ?PR?_TEMP_RDTEMPVAL?CALIBRATION

?PR?_GETTEMPYCALADCVAL?CALIBRATION          -----    -----      -----    -----      -----    -----
  +--> ?PR?_TEMP_RDADCVAL?CALIBRATION

BL51 BANKED LINKER/LOCATER V6.22                                                      06/20/2018  14:42:57  PAGE 10


?PR?_SETTEMPYCALTEMPVAL?CALIBRATION         -----    -----      -----    -----      -----    -----
  +--> ?PR?_TEMP_WRTEMPVAL?CALIBRATION

?PR?_SETTEMPYCALADCVAL?CALIBRATION          -----    -----      -----    -----      -----    -----
  +--> ?PR?_TEMP_WRADCVAL?CALIBRATION

?PR?_SETANGXCALCNT?CALIBRATION              -----    -----      -----    -----      -----    -----
  +--> ?PR?_ANG_SETCALCNT?CALIBRATION

?PR?_GETANGXCALANGVAL?CALIBRATION           -----    -----      -----    -----      -----    -----
  +--> ?PR?_ANG_RDANGVAL?CALIBRATION

?PR?_GETANGXCALADCVAL?CALIBRATION           -----    -----      -----    -----      -----    -----
  +--> ?PR?_ANG_RDADCVAL?CALIBRATION

?PR?_SETANGXCALANGVAL?CALIBRATION           -----    -----      0039H    0005H      -----    -----
  +--> ?PR?_ANG_WRANGVAL?CALIBRATION

?PR?_ANG_WRANGVAL?CALIBRATION               -----    -----      003EH    0008H      -----    -----

?PR?_SETANGXCALADCVAL?CALIBRATION           -----    -----      -----    -----      -----    -----
  +--> ?PR?_ANG_WRADCVAL?CALIBRATION

?PR?_ANG_WRADCVAL?CALIBRATION               -----    -----      0039H    0006H      -----    -----

?PR?_SETANGYCALCNT?CALIBRATION              -----    -----      -----    -----      -----    -----
  +--> ?PR?_ANG_SETCALCNT?CALIBRATION

?PR?_GETANGYCALANGVAL?CALIBRATION           -----    -----      -----    -----      -----    -----
  +--> ?PR?_ANG_RDANGVAL?CALIBRATION

?PR?_GETANGYCALADCVAL?CALIBRATION           -----    -----      -----    -----      -----    -----
  +--> ?PR?_ANG_RDADCVAL?CALIBRATION

?PR?_SETANGYCALANGVAL?CALIBRATION           -----    -----      0039H    0005H      -----    -----
  +--> ?PR?_ANG_WRANGVAL?CALIBRATION

?PR?_SETANGYCALADCVAL?CALIBRATION           -----    -----      -----    -----      -----    -----
  +--> ?PR?_ANG_WRADCVAL?CALIBRATION

?PR?SNXDATAINIT?SENSOR                      -----    -----      -----    -----      -----    -----
  +--> ?PR?_SN_DATAINIT?SENSOR

?PR?_SN_DATAINIT?SENSOR                     -----    -----      0021H    0009H      -----    -----

?PR?_SNXFILTER?SENSOR                       -----    -----      -----    -----      -----    -----
  +--> ?PR?_SNFILTER?SENSOR

?PR?_SNFILTER?SENSOR                        -----    -----      0021H    0006H      -----    -----
  +--> ?PR?_VALINRANGE?FILTER
  +--> ?PR?_FILTER_1ST?FILTER

?PR?_FILTER_1ST?FILTER                      -----    -----      0027H    0007H      -----    -----

?PR?_GETXOFFSET?SENSOR                      -----    -----      -----    -----      -----    -----
  +--> ?PR?_GETOFFSET?SENSOR

BL51 BANKED LINKER/LOCATER V6.22                                                      06/20/2018  14:42:57  PAGE 11


?PR?_GETOFFSET?SENSOR                       -----    -----      0021H    0006H      -----    -----

?PR?ANGXCALC?SENSOR                         -----    -----      -----    -----      -----    -----
  +--> ?PR?_ANG_CALC?SENSOR

?PR?_ANG_CALC?SENSOR                        -----    -----      0021H    0007H      -----    -----
  +--> ?PR?_GETANGCALCVAL?SENSOR
  +--> ?PR?ASIN?ASIN

?PR?_GETANGCALCVAL?SENSOR                   -----    -----      0028H    0006H      -----    -----

?PR?ASIN?ASIN                               -----    -----      -----    -----      -----    -----
  +--> ?PR?SQRT?SQRT
  +--> ?PR?ATAN?ATAN

?PR?SQRT?SQRT                               -----    -----      004AH    0004H      -----    -----

?PR?ATAN?ATAN                               0020H.2  0000H.2    004AH    0004H      -----    -----

?PR?SNYDATAINIT?SENSOR                      -----    -----      -----    -----      -----    -----
  +--> ?PR?_SN_DATAINIT?SENSOR

?PR?_SNYFILTER?SENSOR                       -----    -----      -----    -----      -----    -----
  +--> ?PR?_SNFILTER?SENSOR

?PR?_GETYOFFSET?SENSOR                      -----    -----      -----    -----      -----    -----
  +--> ?PR?_GETOFFSET?SENSOR

?PR?ANGYCALC?SENSOR                         -----    -----      -----    -----      -----    -----
  +--> ?PR?_ANG_CALC?SENSOR

?PR?ADC_INIT?ADCDRV                         -----    -----      -----    -----      -----    -----
  +--> ?PR?ADC_SETINIT?ADCDRV
  +--> ?PR?ADC_VREFINIT?ADCDRV
  +--> ?PR?ADC_ISRINIT?ADCDRV
  +--> ?PR?ADCENTITYINIT?ADCDRV

?PR?FLASH_CALDATAINIT?FLASH                 -----    -----      0021H    0001H      -----    -----
  +--> ?PR?_FLASH_BUFRD?FLASH
  +--> ?PR?FLASHCHK?FLASH
  +--> ?PR?RAM_CALDATAINIT?FLASH
  +--> ?PR?FLASH_CALDATAUPDATE?FLASH
  +--> ?PR?_RAM_BUF2CALDATA?FLASH
  +--> ?PR?_FLASH_CHECKSUM?FLASH
  +--> ?PR?FLASHAREA_USER?FLASH
  +--> ?PR?_FLASH_CALDATAUPDATE_USER?FLASH
  +--> ?PR?GETANGXCALCNT?CALIBRATION
  +--> ?PR?GETANGYCALCNT?CALIBRATION
  +--> ?PR?ADC_XCALSTOP?CMDSUB
  +--> ?PR?ADC_YCALSTOP?CMDSUB
  +--> ?PR?TEMP_CALSTOP?CMDSUB
  +--> ?CO?SEND

?PR?_FLASH_BUFRD?FLASH                      0020H.2  0000H.1    0022H    0009H      -----    -----

?PR?RAM_CALDATAINIT?FLASH                   -----    -----      -----    -----      -----    -----
  +--> ?PR?ANGCALDATAINIT?CALIBRATION
BL51 BANKED LINKER/LOCATER V6.22                                                      06/20/2018  14:42:57  PAGE 12


  +--> ?PR?TEMPCALDATAINIT?CALIBRATION

?PR?ANGCALDATAINIT?CALIBRATION              -----    -----      -----    -----      -----    -----
  +--> ?PR?_SETANGCALCNT?CALIBRATION

?PR?_SETANGCALCNT?CALIBRATION               -----    -----      -----    -----      -----    -----
  +--> ?PR?_SETANGXCALCNT?CALIBRATION
  +--> ?PR?_SETANGYCALCNT?CALIBRATION

?PR?TEMPCALDATAINIT?CALIBRATION             -----    -----      0022H    0001H      -----    -----
  +--> ?PR?_SETTEMPCALCNT?CALIBRATION

?PR?_SETTEMPCALCNT?CALIBRATION              -----    -----      -----    -----      -----    -----
  +--> ?PR?_SETTEMPXCALCNT?CALIBRATION
  +--> ?PR?_SETTEMPYCALCNT?CALIBRATION

?PR?FLASH_CALDATAUPDATE?FLASH               -----    -----      -----    -----      -----    -----
  +--> ?PR?_RAM_CALDATA2BUF?FLASH
  +--> ?PR?_FLASHUPDATE?FLASH

?PR?_RAM_CALDATA2BUF?FLASH                  -----    -----      0042H    0006H      -----    -----
  +--> ?PR?_GETANGXCALANGVAL?CALIBRATION
  +--> ?PR?_GETANGYCALANGVAL?CALIBRATION
  +--> ?PR?_GETANGXCALADCVAL?CALIBRATION
  +--> ?PR?_GETANGYCALADCVAL?CALIBRATION
  +--> ?PR?_GETTEMPXCALTEMPVAL?CALIBRATION
  +--> ?PR?_GETTEMPXCALADCVAL?CALIBRATION
  +--> ?PR?_GETTEMPYCALADCVAL?CALIBRATION
  +--> ?PR?GETANGXCALCNT?CALIBRATION
  +--> ?PR?GETTEMPXCALCNT?CALIBRATION
  +--> ?PR?GETANGXSYSZERO?ANGAPP
  +--> ?PR?GETANGYSYSZERO?ANGAPP
  +--> ?PR?GETFILTERCNT?SENSOR
  +--> ?PR?GETANGXUSRZERO?ANGAPP
  +--> ?PR?GETANGYUSRZERO?ANGAPP
  +--> ?PR?GETANGXINST?ANGAPP
  +--> ?PR?GETANGYINST?ANGAPP
  +--> ?PR?GETANGXSET?ANGAPP
  +--> ?PR?GETANGYSET?ANGAPP
  +--> ?PR?GETANGPSET?ANGAPP
  +--> ?PR?_FLASH_CHECKSUM?FLASH

?PR?_FLASH_CHECKSUM?FLASH                   -----    -----      0048H    0005H      -----    -----

?PR?_FLASHUPDATE?FLASH                      0020H.2  0000H.1    0042H    0007H      -----    -----
  +--> ?PR?_FLASH_PAGEERASE?FLASH
  +--> ?PR?_DELAY_MS?DELAY
  +--> ?PR?_FLASH_BUFWR?FLASH

?PR?_FLASH_PAGEERASE?FLASH                  0020H.3  0000H.1    -----    -----      -----    -----

?PR?_DELAY_MS?DELAY                         -----    -----      -----    -----      -----    -----
  +--> ?PR?DELAY_MS_?DELAY

?PR?DELAY_MS_?DELAY                         -----    -----      -----    -----      -----    -----
  +--> ?PR?DELAY_100US?DELAY

BL51 BANKED LINKER/LOCATER V6.22                                                      06/20/2018  14:42:57  PAGE 13


?PR?_FLASH_BUFWR?FLASH                      0020H.3  0000H.1    0049H    000BH      -----    -----

?PR?_RAM_BUF2CALDATA?FLASH                  -----    -----      0022H    0004H      -----    -----
  +--> ?PR?_SETANGXCALANGVAL?CALIBRATION
  +--> ?PR?_SETANGYCALANGVAL?CALIBRATION
  +--> ?PR?_SETANGXCALADCVAL?CALIBRATION
  +--> ?PR?_SETANGYCALADCVAL?CALIBRATION
  +--> ?PR?_SETTEMPXCALTEMPVAL?CALIBRATION
  +--> ?PR?_SETTEMPXCALADCVAL?CALIBRATION
  +--> ?PR?_SETTEMPYCALADCVAL?CALIBRATION
  +--> ?PR?_SETANGCALCNT?CALIBRATION
  +--> ?PR?_SETTEMPCALCNT?CALIBRATION
  +--> ?PR?_SETANGXSYSZERO?ANGAPP
  +--> ?PR?_SETANGYSYSZERO?ANGAPP
  +--> ?PR?_SETFILTERCNT?SENSOR
  +--> ?PR?_SETANGXUSRZERO?ANGAPP
  +--> ?PR?_SETANGYUSRZERO?ANGAPP
  +--> ?PR?_SETANGXINST?ANGAPP
  +--> ?PR?_SETANGYINST?ANGAPP
  +--> ?PR?_SETANGXSET?ANGAPP
  +--> ?PR?_SETANGYSET?ANGAPP
  +--> ?PR?_SETANGPSET?ANGAPP

?PR?FLASHAREA_USER?FLASH                    -----    -----      -----    -----      -----    -----
  +--> ?PR?_FLASH_BUFRD?FLASH
  +--> ?PR?FLASHCHK?FLASH
  +--> ?PR?_FLASH_CHECKSUM?FLASH
  +--> ?PR?RAM_CALDATAINIT_USER?FLASH
  +--> ?PR?_FLASH_CALDATAUPDATE_USER?FLASH
  +--> ?PR?_RAM_BUF2CALDATA?FLASH

?PR?RAM_CALDATAINIT_USER?FLASH              -----    -----      -----    -----      -----    -----
  +--> ?PR?_SETANGXUSRZERO?ANGAPP
  +--> ?PR?_SETANGYUSRZERO?ANGAPP
  +--> ?PR?_SETANGXSET?ANGAPP
  +--> ?PR?_SETANGYSET?ANGAPP
  +--> ?PR?_SETANGPSET?ANGAPP
  +--> ?PR?_SETANGXINST?ANGAPP
  +--> ?PR?_SETANGYINST?ANGAPP
  +--> ?PR?INIT_SYSTEMPARA?INIT

?PR?_FLASH_CALDATAUPDATE_USER?FLASH         -----    -----      0039H    0009H      -----    -----
  +--> ?PR?_RAM_CALDATA2BUF?FLASH
  +--> ?PR?_FLASHUPDATE?FLASH

?PR?ADC_XCALSTOP?CMDSUB                     -----    -----      002EH    0001H      -----    -----
  +--> ?PR?_SUB_BUFBUBBLE?SUB
  +--> ?PR?ANGXCALCPRM?CALIBRATION

?PR?_SUB_BUFBUBBLE?SUB                      -----    -----      002FH    0009H      -----    -----
  +--> ?PR?_SUB_SBUFSWITCH?SUB
  +--> ?PR?_SUB_UBUFSWITCH?SUB

?PR?_SUB_SBUFSWITCH?SUB                     -----    -----      0038H    0009H      -----    -----

?PR?_SUB_UBUFSWITCH?SUB                     -----    -----      003FH    0007H      -----    -----

BL51 BANKED LINKER/LOCATER V6.22                                                      06/20/2018  14:42:57  PAGE 14


?PR?ANGXCALCPRM?CALIBRATION                 -----    -----      -----    -----      -----    -----
  +--> ?PR?_ANG_CALCPRM?CALIBRATION

?PR?_ANG_CALCPRM?CALIBRATION                -----    -----      002FH    000CH      -----    -----
  +--> ?PR?SIN?SIN

?PR?SIN?SIN                                 0020H.2  0000H.1    004AH    0004H      -----    -----

?PR?ADC_YCALSTOP?CMDSUB                     -----    -----      002EH    0001H      -----    -----
  +--> ?PR?_SUB_BUFBUBBLE?SUB
  +--> ?PR?ANGYCALCPRM?CALIBRATION

?PR?ANGYCALCPRM?CALIBRATION                 -----    -----      -----    -----      -----    -----
  +--> ?PR?_ANG_CALCPRM?CALIBRATION

?PR?TEMP_CALSTOP?CMDSUB                     -----    -----      -----    -----      -----    -----
  +--> ?PR?TEMPSORTANDCALCPRM?CMDSUB

?PR?TEMPSORTANDCALCPRM?CMDSUB               -----    -----      -----    -----      -----    -----
  +--> ?PR?_SUB_BUFBUBBLE2?SUB
  +--> ?PR?TEMPXCALCPRM?CALIBRATION
  +--> ?PR?TEMPYCALCPRM?CALIBRATION

?PR?_SUB_BUFBUBBLE2?SUB                     -----    -----      0033H    000CH      -----    -----
  +--> ?PR?_SUB_UBUFSWITCH?SUB
  +--> ?PR?_SUB_16SBUFSWITCH?SUB

?PR?_SUB_16SBUFSWITCH?SUB                   -----    -----      003FH    0007H      -----    -----

?PR?TEMPXCALCPRM?CALIBRATION                -----    -----      -----    -----      -----    -----
  +--> ?PR?_TEMP_CALCPRM?CALIBRATION

?PR?_TEMP_CALCPRM?CALIBRATION               -----    -----      0033H    0004H      -----    -----

?PR?TEMPYCALCPRM?CALIBRATION                -----    -----      -----    -----      -----    -----
  +--> ?PR?_TEMP_CALCPRM?CALIBRATION

?PR?MAIN_TEMP?MAIN                          -----    -----      -----    -----      -----    -----
  +--> ?PR?LEDS_ON?ANGAPP

?PR?SNPROC?SENSOR                           -----    -----      -----    -----      -----    -----
  +--> ?PR?ADC_GETXVAL?ADCDRV
  +--> ?PR?GET_MCUTEMP?SENSOR
  +--> ?PR?ADC_GETYVAL?ADCDRV

?PR?GET_MCUTEMP?SENSOR                      -----    -----      -----    -----      -----    -----
  +--> ?PR?ADC_GETTEMP?ADCDRV

?PR?TIMER2_TASKINMAIN?TIMER                 -----    -----      -----    -----      -----    -----
  +--> ?PR?SUB_SENDANGXY?SUB

?PR?SUB_SENDANGXY?SUB                       -----    -----      -----    -----      -----    -----
  +--> ?CO?SUB
  +--> ?PR?_COMM_PUTSTR?COMM
  +--> ?PR?GETXANGALLSETVAL?ANGAPP
  +--> ?PR?_COMM_PUTINT32S?SUB
  +--> ?PR?GETYANGALLSETVAL?ANGAPP
BL51 BANKED LINKER/LOCATER V6.22                                                      06/20/2018  14:42:57  PAGE 15


  +--> ?PR?COMM_PUTNEWLINE?SUB
  +--> ?PR?COMM_SENDSTA?COMM

?PR?_COMM_PUTSTR?COMM                       -----    -----      003BH    0003H      -----    -----
  +--> ?PR?_COMM_PUTCHAR?COMM

?PR?GETXANGALLSETVAL?ANGAPP                 -----    -----      003AH    0004H      -----    -----
  +--> ?PR?GETXANG?SENSOR
  +--> ?PR?_SETANGZERO?ANGAPP
  +--> ?PR?_SETANGZEROADD?ANGAPP

?PR?_SETANGZERO?ANGAPP                      -----    -----      003EH    0004H      -----    -----

?PR?_SETANGZEROADD?ANGAPP                   -----    -----      003EH    0004H      -----    -----

?PR?_COMM_PUTINT32S?SUB                     -----    -----      -----    -----      -----    -----
  +--> ?PR?_SUB_INT32S2STR?SUB
  +--> ?PR?_COMM_PUTSTR?COMM

?PR?_SUB_INT32S2STR?SUB                     -----    -----      002EH    0007H      -----    -----

?PR?GETYANGALLSETVAL?ANGAPP                 -----    -----      003AH    0004H      -----    -----
  +--> ?PR?GETYANG?SENSOR
  +--> ?PR?_SETANGZERO?ANGAPP
  +--> ?PR?_SETANGZEROADD?ANGAPP

?PR?COMM_PUTNEWLINE?SUB                     -----    -----      -----    -----      -----    -----
  +--> ?PR?_COMM_PUTCHAR?COMM

?PR?SEND_TIMEPROC?SEND                      -----    -----      -----    -----      -----    -----
  +--> ?PR?_COMM_GETCHAR?COMM
  +--> ?PR?_MODRTU_RXPROC?MODBUSRTU
  +--> ?PR?_SEND_RDEAL?SEND
  +--> ?PR?_SEND_CDEAL?SEND
  +--> ?PR?_SEND_SDEAL?SEND
  +--> ?PR?_SEND_UDEAL?SEND
  +--> ?PR?_SEND_WDEAL?SEND
  +--> ?PR?_SEND_TDEAL?SEND

?PR?_MODRTU_RXPROC?MODBUSRTU                -----    -----      0021H    0004H      -----    -----
  +--> ?PR?_MODRTU_CHKCRC?MODBUSRTU
  +--> ?PR?_MODRTU_RDREG?MODBUSRTU
  +--> ?PR?_MODRTU_WRREG?MODBUSRTU
  +--> ?PR?_MODRTU_RLYERROR?MODBUSRTU

?PR?_MODRTU_CHKCRC?MODBUSRTU                -----    -----      -----    -----      -----    -----
  +--> ?PR?_MODBUSCRCCNT?MODBUSCRC

?PR?_MODBUSCRCCNT?MODBUSCRC                 -----    -----      0035H    0003H      -----    -----
  +--> ?CO?MODBUSCRC

?PR?_MODRTU_RDREG?MODBUSRTU                 -----    -----      0025H    000DH      -----    -----
  +--> ?PR?_MODRTU_8TO16?MODBUSRTU
  +--> ?PR?_MODRTU_RDVAL?MODBUSRTU
  +--> ?PR?_MODRTU_RLYERROR?MODBUSRTU
  +--> ?PR?_MODBUSCRCCNT?MODBUSCRC
  +--> ?PR?_MODRTU_WRCRC?MODBUSRTU
BL51 BANKED LINKER/LOCATER V6.22                                                      06/20/2018  14:42:57  PAGE 16


  +--> ?PR?_COMM_PUTSTR?COMM
  +--> ?PR?COMM_SENDSTA?COMM

?PR?_MODRTU_RDVAL?MODBUSRTU                 -----    -----      0032H    0008H      0B63H    0004H
  +--> ?PR?GETXANGALLSETVAL?ANGAPP
  +--> ?PR?GETYANGALLSETVAL?ANGAPP
  +--> ?PR?GETANGP?ANGAPP
  +--> ?PR?GETANGXINST?ANGAPP
  +--> ?PR?GETANGYINST?ANGAPP
  +--> ?PR?GETANGXSET?ANGAPP
  +--> ?PR?GETANGYSET?ANGAPP
  +--> ?PR?GETANGPSET?ANGAPP
  +--> ?PR?GET_MCUTEMP?SENSOR
  +--> ?PR?_GETTEMPXCALTEMPVAL?CALIBRATION
  +--> ?PR?_GETTEMPXCALADCVAL?CALIBRATION
  +--> ?PR?_GETTEMPYCALADCVAL?CALIBRATION
  +--> ?PR?GETXOFTVAL?SENSOR
  +--> ?PR?_FLOATTOINT?MODBUSRTU
  +--> ?PR?_GETANGXCALADCVAL?CALIBRATION
  +--> ?PR?_GETANGXCALANGVAL?CALIBRATION
  +--> ?PR?GETYOFTVAL?SENSOR
  +--> ?PR?_GETANGYCALADCVAL?CALIBRATION
  +--> ?PR?_GETANGYCALANGVAL?CALIBRATION
  +--> ?PR?GETXFTVAL?SENSOR
  +--> ?PR?GETYFTVAL?SENSOR
  +--> ?PR?GETXANG?SENSOR
  +--> ?PR?GETYANG?SENSOR
  +--> ?PR?GETANGXRELSYS?ANGAPP
  +--> ?PR?GETANGYRELSYS?ANGAPP
  +--> ?PR?GETANGXZEROUSR?ANGAPP
  +--> ?PR?GETANGYZEROUSR?ANGAPP
  +--> ?PR?GETANGXSYSZERO?ANGAPP
  +--> ?PR?GETANGYSYSZERO?ANGAPP
  +--> ?PR?GETANGXUSRZERO?ANGAPP
  +--> ?PR?GETANGYUSRZERO?ANGAPP
  +--> ?PR?GETANGXCALCNT?CALIBRATION
  +--> ?PR?GETTEMPXCALCNT?CALIBRATION
  +--> ?PR?GETFILTERCNT?SENSOR
  +--> ?PR?_MODRTU_RD16U?MODBUSRTU

?PR?GETANGP?ANGAPP                          -----    -----      -----    -----      -----    -----
  +--> ?PR?GETXANGALLSETVAL?ANGAPP
  +--> ?PR?GETYANGALLSETVAL?ANGAPP
  +--> ?PR?_PANGCALC?ANGAPP

?PR?_PANGCALC?ANGAPP                        -----    -----      003AH    0010H      -----    -----
  +--> ?PR?SIN?SIN
  +--> ?PR?SQRT?SQRT
  +--> ?PR?ASIN?ASIN

?PR?_FLOATTOINT?MODBUSRTU                   -----    -----      003AH    000CH      -----    -----

?PR?_MODRTU_RLYERROR?MODBUSRTU              -----    -----      0032H    0003H      -----    -----
  +--> ?PR?_MODBUSCRCCNT?MODBUSCRC
  +--> ?PR?_COMM_PUTSTR?COMM
  +--> ?PR?COMM_SENDSTA?COMM

BL51 BANKED LINKER/LOCATER V6.22                                                      06/20/2018  14:42:57  PAGE 17


?PR?_MODRTU_WRREG?MODBUSRTU                 -----    -----      0025H    000CH      -----    -----
  +--> ?PR?_MODRTU_8TO16?MODBUSRTU
  +--> ?PR?_MODRTU_WRVAL?MODBUSRTU
  +--> ?PR?_MODRTU_RLYERROR?MODBUSRTU
  +--> ?PR?_MODBUSCRCCNT?MODBUSCRC
  +--> ?PR?_MODRTU_WRCRC?MODBUSRTU
  +--> ?PR?_COMM_PUTSTR?COMM
  +--> ?PR?COMM_SENDSTA?COMM
  +--> ?PR?FLASH_USERDATAUPDATE?FLASH

?PR?_MODRTU_WRVAL?MODBUSRTU                 -----    -----      0031H    0008H      0B63H    0008H
  +--> ?PR?_MODRTU_WR16U?MODBUSRTU
  +--> ?PR?_SETANGXINST?ANGAPP
  +--> ?PR?_SETANGYINST?ANGAPP
  +--> ?PR?_SETANGXSET?ANGAPP
  +--> ?PR?_SETANGYSET?ANGAPP
  +--> ?PR?_SETANGPSET?ANGAPP
  +--> ?PR?_MODRTU_SETZERO?MODBUSRTU
  +--> ?PR?_MODRTU_WRADDR?MODBUSRTU
  +--> ?PR?_MODRTU_WRBAUD?MODBUSRTU
  +--> ?PR?GETANGXRELSYS?ANGAPP
  +--> ?PR?_SETANGXUSRZERO?ANGAPP
  +--> ?PR?FLASH_USERDATAUPDATE?FLASH
  +--> ?PR?_SETANGCALCNT?CALIBRATION
  +--> ?PR?GETANGXCALCNT?CALIBRATION
  +--> ?PR?_SETANGXCALANGVAL?CALIBRATION
  +--> ?PR?GETXOFTVAL?SENSOR
  +--> ?PR?_SETANGXCALADCVAL?CALIBRATION
  +--> ?PR?_SETANGYCALANGVAL?CALIBRATION
  +--> ?PR?GETYOFTVAL?SENSOR
  +--> ?PR?_SETANGYCALADCVAL?CALIBRATION
  +--> ?PR?FLASH_CALDATAUPDATE?FLASH
  +--> ?PR?GETXANG?SENSOR
  +--> ?PR?_SETANGXSYSZERO?ANGAPP
  +--> ?PR?GETYANG?SENSOR
  +--> ?PR?_SETANGYSYSZERO?ANGAPP
  +--> ?PR?GETANGYRELSYS?ANGAPP
  +--> ?PR?_SETANGYUSRZERO?ANGAPP
  +--> ?PR?_SETFILTERCNT?SENSOR

?PR?_MODRTU_SETZERO?MODBUSRTU               -----    -----      0039H    0002H      -----    -----
  +--> ?PR?_MODRTU_8TO16?MODBUSRTU
  +--> ?PR?GETANGXRELSYS?ANGAPP
  +--> ?PR?_SETANGXUSRZERO?ANGAPP
  +--> ?PR?GETANGYRELSYS?ANGAPP
  +--> ?PR?_SETANGYUSRZERO?ANGAPP

?PR?FLASH_USERDATAUPDATE?FLASH              -----    -----      -----    -----      -----    -----
  +--> ?PR?_FLASH_CALDATAUPDATE_USER?FLASH

?PR?_SEND_RDEAL?SEND                        -----    -----      0021H    0005H      -----    -----
  +--> ?CO?SEND
  +--> ?PR?_STRNCMP?STRNCMP
  +--> ?PR?SUB_SENDPRMTALL?SUB
  +--> ?PR?SUB_SENDANGXYP?SUB
  +--> ?PR?SUB_SENDANGXY?SUB
  +--> ?PR?SUB_SENDSOFTVER?SUB
BL51 BANKED LINKER/LOCATER V6.22                                                      06/20/2018  14:42:57  PAGE 18


  +--> ?PR?SUB_SENDSYSNUM?SUB
  +--> ?PR?SUB_SENDID?SUB
  +--> ?PR?_SUB_STR2INT8U?SUB
  +--> ?PR?_SUB_SENDTEMPCAL?SUB
  +--> ?PR?_COMM_PUTSTR?COMM
  +--> ?PR?GETANGXINST?ANGAPP
  +--> ?PR?GETANGYINST?ANGAPP
  +--> ?PR?_SUB_SENDOFFSET?SUB
  +--> ?PR?_SUB_SENDANGXCAL?SUB
  +--> ?PR?_SUB_SENDANGYCAL?SUB
  +--> ?PR?_SUB_SENDENTERDLY?SUB
  +--> ?PR?_SUB_SENDEXITDLY?SUB
  +--> ?PR?SUB_SENDERR?SUB

?PR?_STRNCMP?STRNCMP                        -----    -----      002EH    0008H      -----    -----

?PR?SUB_SENDPRMTALL?SUB                     -----    -----      -----    -----      -----    -----
  +--> ?CO?SUB
  +--> ?PR?_COMM_PUTSTR?COMM
  +--> ?PR?GET_MCUTEMP?SENSOR
  +--> ?PR?_COMM_PUTINT16U?SUB
  +--> ?PR?GETXFTVAL?SENSOR
  +--> ?PR?_COMM_PUTCHAR?COMM
  +--> ?PR?GETXOFTVAL?SENSOR
  +--> ?PR?GETXANG?SENSOR
  +--> ?PR?_COMM_PUTINT32S?SUB
  +--> ?PR?GETYFTVAL?SENSOR
  +--> ?PR?GETYOFTVAL?SENSOR
  +--> ?PR?GETYANG?SENSOR
  +--> ?PR?COMM_PUTNEWLINE?SUB
  +--> ?PR?COMM_SENDSTA?COMM

?PR?_COMM_PUTINT16U?SUB                     -----    -----      -----    -----      -----    -----
  +--> ?PR?_SUB_INT16U2STR?SUB
  +--> ?PR?_COMM_PUTSTR?COMM

?PR?_SUB_INT16U2STR?SUB                     -----    -----      003BH    0005H      -----    -----

?PR?SUB_SENDANGXYP?SUB                      -----    -----      -----    -----      -----    -----
  +--> ?CO?SUB
  +--> ?PR?_COMM_PUTSTR?COMM
  +--> ?PR?GETXANGALLSETVAL?ANGAPP
  +--> ?PR?_COMM_PUTINT32S?SUB
  +--> ?PR?GETYANGALLSETVAL?ANGAPP
  +--> ?PR?GETANGP?ANGAPP
  +--> ?PR?COMM_PUTNEWLINE?SUB
  +--> ?PR?COMM_SENDSTA?COMM

?PR?SUB_SENDSOFTVER?SUB                     -----    -----      -----    -----      -----    -----
  +--> ?CO?SUB
  +--> ?PR?_COMM_PUTSTR?COMM
  +--> ?PR?COMM_PUTNEWLINE?SUB
  +--> ?PR?COMM_SENDSTA?COMM

?PR?SUB_SENDSYSNUM?SUB                      -----    -----      -----    -----      -----    -----
  +--> ?CO?SUB
  +--> ?PR?_COMM_PUTSTR?COMM
BL51 BANKED LINKER/LOCATER V6.22                                                      06/20/2018  14:42:57  PAGE 19


  +--> ?PR?COMM_PUTNEWLINE?SUB
  +--> ?PR?COMM_SENDSTA?COMM

?PR?SUB_SENDID?SUB                          -----    -----      -----    -----      -----    -----
  +--> ?PR?_COMM_PUTINT16U?SUB
  +--> ?PR?_COMM_PUTCHAR?COMM
  +--> ?PR?GETANGXCALCNT?CALIBRATION
  +--> ?PR?GETTEMPXCALCNT?CALIBRATION
  +--> ?PR?COMM_PUTNEWLINE?SUB
  +--> ?PR?COMM_SENDSTA?COMM

?PR?_SUB_SENDTEMPCAL?SUB                    -----    -----      0026H    0001H      -----    -----
  +--> ?CO?SUB
  +--> ?PR?_COMM_PUTSTR?COMM
  +--> ?PR?_COMM_PUTINT8U?SUB
  +--> ?PR?_COMM_PUTCHAR?COMM
  +--> ?PR?_GETTEMPXCALTEMPVAL?CALIBRATION
  +--> ?PR?_COMM_PUTINT16U?SUB
  +--> ?PR?_GETTEMPXCALADCVAL?CALIBRATION
  +--> ?PR?_COMM_PUTINT16S?SUB
  +--> ?PR?_GETTEMPYCALADCVAL?CALIBRATION
  +--> ?PR?COMM_PUTNEWLINE?SUB
  +--> ?PR?COMM_SENDSTA?COMM

?PR?_COMM_PUTINT8U?SUB                      -----    -----      -----    -----      -----    -----
  +--> ?PR?_SUB_INT8U2STR?SUB
  +--> ?PR?_COMM_PUTSTR?COMM

?PR?_COMM_PUTINT16S?SUB                     -----    -----      -----    -----      -----    -----
  +--> ?PR?_SUB_INT16S2STR?SUB
  +--> ?PR?_COMM_PUTSTR?COMM

?PR?_SUB_INT16S2STR?SUB                     -----    -----      -----    -----      -----    -----
  +--> ?PR?_SUB_INT16U2STR?SUB

?PR?_SUB_SENDOFFSET?SUB                     -----    -----      -----    -----      -----    -----
  +--> ?PR?_COMM_PUTINT32S?SUB
  +--> ?PR?COMM_PUTNEWLINE?SUB
  +--> ?PR?COMM_SENDSTA?COMM

?PR?_SUB_SENDANGXCAL?SUB                    -----    -----      0026H    0001H      -----    -----
  +--> ?CO?SUB
  +--> ?PR?_COMM_PUTSTR?COMM
  +--> ?PR?_COMM_PUTINT8U?SUB
  +--> ?PR?_GETANGXCALADCVAL?CALIBRATION
  +--> ?PR?_COMM_PUTINT16U?SUB
  +--> ?PR?_COMM_PUTINT16S?SUB
  +--> ?PR?COMM_PUTNEWLINE?SUB
  +--> ?PR?COMM_SENDSTA?COMM

?PR?_SUB_SENDANGYCAL?SUB                    -----    -----      0026H    0001H      -----    -----
  +--> ?CO?SUB
  +--> ?PR?_COMM_PUTSTR?COMM
  +--> ?PR?_COMM_PUTINT8U?SUB
  +--> ?PR?_COMM_PUTCHAR?COMM
  +--> ?PR?_GETANGYCALADCVAL?CALIBRATION
  +--> ?PR?_COMM_PUTINT16U?SUB
BL51 BANKED LINKER/LOCATER V6.22                                                      06/20/2018  14:42:57  PAGE 20


  +--> ?PR?_COMM_PUTINT16S?SUB
  +--> ?PR?COMM_PUTNEWLINE?SUB
  +--> ?PR?COMM_SENDSTA?COMM

?PR?_SUB_SENDENTERDLY?SUB                   -----    -----      0026H    0002H      -----    -----
  +--> ?CO?SUB
  +--> ?PR?_COMM_PUTSTR?COMM
  +--> ?PR?_COMM_PUTINT16U?SUB
  +--> ?PR?COMM_PUTNEWLINE?SUB
  +--> ?PR?COMM_SENDSTA?COMM

?PR?_SUB_SENDEXITDLY?SUB                    -----    -----      0026H    0002H      -----    -----
  +--> ?CO?SUB
  +--> ?PR?_COMM_PUTSTR?COMM
  +--> ?PR?_COMM_PUTINT16U?SUB
  +--> ?PR?COMM_PUTNEWLINE?SUB
  +--> ?PR?COMM_SENDSTA?COMM

?PR?SUB_SENDERR?SUB                         -----    -----      -----    -----      -----    -----
  +--> ?CO?SUB
  +--> ?PR?_COMM_PUTSTR?COMM
  +--> ?PR?COMM_PUTNEWLINE?SUB
  +--> ?PR?COMM_SENDSTA?COMM

?PR?_SEND_CDEAL?SEND                        -----    -----      0021H    0004H      -----    -----
  +--> ?CO?SEND
  +--> ?PR?_STRNCMP?STRNCMP
  +--> ?PR?SUB_SENDERR?SUB
  +--> ?PR?_SETANGXSYSZERO?ANGAPP
  +--> ?PR?_SETANGYSYSZERO?ANGAPP
  +--> ?PR?_COMM_PUTSTR?COMM
  +--> ?PR?SUB_SENDOK?SUB
  +--> ?PR?_SETANGXUSRZERO?ANGAPP
  +--> ?PR?ADC_XCALSTA?CMDSUB
  +--> ?PR?ADC_XCALSTOP?CMDSUB
  +--> ?PR?ADC_YCALSTA?CMDSUB
  +--> ?PR?ADC_YCALSTOP?CMDSUB
  +--> ?PR?_SETANGYUSRZERO?ANGAPP
  +--> ?PR?TEMP_CALSTA?CMDSUB
  +--> ?PR?TEMP_CALSTOP?CMDSUB

?PR?SUB_SENDOK?SUB                          -----    -----      -----    -----      -----    -----
  +--> ?CO?SUB
  +--> ?PR?_COMM_PUTSTR?COMM
  +--> ?PR?COMM_PUTNEWLINE?SUB
  +--> ?PR?COMM_SENDSTA?COMM

?PR?_SEND_SDEAL?SEND                        -----    -----      0021H    000DH      -----    -----
  +--> ?CO?SEND
  +--> ?PR?_STRNCMP?STRNCMP
  +--> ?PR?_COMM_PUTSTR?COMM
  +--> ?PR?SUB_SENDOK?SUB
  +--> ?PR?SUB_SENDERR?SUB
  +--> ?PR?SUB_SENDANGXY?SUB
  +--> ?PR?_SUB_STR2INT8U?SUB
  +--> ?PR?_SETFILTERCNT?SENSOR
  +--> ?PR?GETXANG?SENSOR
BL51 BANKED LINKER/LOCATER V6.22                                                      06/20/2018  14:42:57  PAGE 21


  +--> ?PR?_SETANGXSYSZERO?ANGAPP
  +--> ?PR?GETYANG?SENSOR
  +--> ?PR?_SETANGYSYSZERO?ANGAPP
  +--> ?PR?GETANGXRELSYS?ANGAPP
  +--> ?PR?_SETANGXUSRZERO?ANGAPP
  +--> ?PR?GETANGYRELSYS?ANGAPP
  +--> ?PR?_SETANGYUSRZERO?ANGAPP
  +--> ?PR?_SUB_STR2INT32S?SUB
  +--> ?PR?_SETANGXINST?ANGAPP
  +--> ?PR?_SETANGYINST?ANGAPP
  +--> ?PR?_SETANGCALCNT?CALIBRATION
  +--> ?PR?_SETTEMPCALCNT?CALIBRATION
  +--> ?PR?GETXOFTVAL?SENSOR
  +--> ?PR?_ADC_XCALPROC?CMDSUB
  +--> ?PR?_COMM_PUTCHAR?COMM
  +--> ?PR?GETANGXCALCNT?CALIBRATION
  +--> ?PR?_ANGCHKDIFF?CMDSUB
  +--> ?PR?_COMM_PUTINT16U?SUB
  +--> ?PR?ADC_XCALSTOP?CMDSUB
  +--> ?PR?GETYOFTVAL?SENSOR
  +--> ?PR?_ADC_YCALPROC?CMDSUB
  +--> ?PR?ADC_YCALSTOP?CMDSUB
  +--> ?PR?GET_MCUTEMP?SENSOR
  +--> ?PR?GETXFTVAL?SENSOR
  +--> ?PR?GETYFTVAL?SENSOR
  +--> ?PR?_TEMP_CALSAMP?CMDSUB
  +--> ?PR?_TEMP_CALTREFSET?CMDSUB
  +--> ?PR?_SETANGXSET?ANGAPP
  +--> ?PR?_SETANGYSET?ANGAPP
  +--> ?PR?_SETANGPSET?ANGAPP
  +--> ?PR?_SUB_STRALARMCHECK?SUB
  +--> ?PR?_DELAY_MS?DELAY
  +--> ?PR?_SUB_STR2INT16U?SUB

?PR?_SUB_STR2INT32S?SUB                     -----    -----      002EH    000AH      -----    -----

?PR?_ADC_XCALPROC?CMDSUB                    -----    -----      002EH    0006H      -----    -----
  +--> ?PR?_ANGCHKDIFF?CMDSUB

?PR?_ANGCHKDIFF?CMDSUB                      -----    -----      0034H    000EH      -----    -----

?PR?_ADC_YCALPROC?CMDSUB                    -----    -----      002EH    0006H      -----    -----
  +--> ?PR?_ANGCHKDIFF?CMDSUB

?PR?_TEMP_CALSAMP?CMDSUB                    -----    -----      002EH    0007H      -----    -----
  +--> ?PR?_TEMP_CALVALWR?CMDSUB
  +--> ?PR?_SUB_SENDADCTXY?SUB

?PR?_TEMP_CALVALWR?CMDSUB                   -----    -----      0035H    0007H      -----    -----

?PR?_SUB_SENDADCTXY?SUB                     -----    -----      0035H    0006H      -----    -----
  +--> ?CO?SUB
  +--> ?PR?_COMM_PUTSTR?COMM
  +--> ?PR?_COMM_PUTINT16U?SUB
  +--> ?PR?COMM_PUTNEWLINE?SUB
  +--> ?PR?COMM_SENDSTA?COMM

BL51 BANKED LINKER/LOCATER V6.22                                                      06/20/2018  14:42:57  PAGE 22


?PR?_TEMP_CALTREFSET?CMDSUB                 -----    -----      002EH    0005H      -----    -----
  +--> ?PR?TEMP_CALSTOP?CMDSUB

?PR?_SUB_STRALARMCHECK?SUB                  -----    -----      002EH    0006H      -----    -----

?PR?_SUB_STR2INT16U?SUB                     -----    -----      0033H    0006H      -----    -----

?PR?_SEND_UDEAL?SEND                        -----    -----      0021H    0004H      -----    -----
  +--> ?CO?SEND
  +--> ?PR?_STRNCMP?STRNCMP
  +--> ?PR?FLASH_CALDATAUPDATE?FLASH
  +--> ?PR?FLASH_USERDATAUPDATE?FLASH
  +--> ?PR?_COMM_PUTSTR?COMM
  +--> ?PR?SUB_SENDOK?SUB
  +--> ?PR?SUB_SENDERR?SUB

?PR?_SEND_WDEAL?SEND                        -----    -----      0021H    000AH      -----    -----
  +--> ?CO?SEND
  +--> ?PR?_STRNCMP?STRNCMP
  +--> ?PR?_SUB_STR2INT16S?SUB
  +--> ?PR?_SUB_STR2INT16U?SUB
  +--> ?PR?_SUB_STR2INT8U?SUB
  +--> ?PR?_TEMP_CALVALWR?CMDSUB
  +--> ?PR?SUB_SENDERR?SUB
  +--> ?PR?_STRNCPY?STRNCPY
  +--> ?PR?_COMM_PUTSTR?COMM
  +--> ?PR?SUB_SENDOK?SUB

?PR?_SUB_STR2INT16S?SUB                     -----    -----      002BH    0008H      -----    -----
  +--> ?PR?_SUB_STR2INT16U?SUB

?PR?_STRNCPY?STRNCPY                        -----    -----      002BH    000AH      -----    -----

?PR?_SEND_TDEAL?SEND                        -----    -----      0021H    0001H      -----    -----
  +--> ?CO?SEND
  +--> ?PR?_STRNCMP?STRNCMP
  +--> ?PR?SUB_SENDTCALTEST?SUB

?PR?SUB_SENDTCALTEST?SUB                    -----    -----      0022H    0004H      -----    -----
  +--> ?PR?GET_MCUTEMP?SENSOR
  +--> ?PR?_COMM_PUTINT16U?SUB
  +--> ?PR?_COMM_PUTCHAR?COMM
  +--> ?PR?_COMM_PUTINT16S?SUB
  +--> ?PR?COMM_PUTNEWLINE?SUB
  +--> ?PR?COMM_SENDSTA?COMM

?PR?KEY_PROC?KEY                            -----    -----      -----    -----      -----    -----
  +--> ?PR?KEY_DOWN?KEY
  +--> ?PR?LED_GREENON?ANGAPP
  +--> ?PR?LED_REDON?ANGAPP
  +--> ?PR?GETANGXRELSYS?ANGAPP
  +--> ?PR?_SETANGXUSRZERO?ANGAPP
  +--> ?PR?GETANGYRELSYS?ANGAPP
  +--> ?PR?_SETANGYUSRZERO?ANGAPP
  +--> ?CO?KEY
  +--> ?PR?_COMM_PUTSTR?COMM
  +--> ?PR?SUB_SENDOK?SUB
BL51 BANKED LINKER/LOCATER V6.22                                                      06/20/2018  14:42:57  PAGE 23


  +--> ?PR?FLASH_USERDATAUPDATE?FLASH

?PR?KEY_DOWN?KEY                            -----    -----      -----    -----      -----    -----
  +--> ?PR?_DELAY_CYC?DELAY

?PR?ANGPROC?ANGAPP                          -----    -----      0021H    0008H      -----    -----
  +--> ?PR?GETXANGALLSETVAL?ANGAPP
  +--> ?PR?_ALARMX?ANGAPP
  +--> ?PR?GETYANGALLSETVAL?ANGAPP
  +--> ?PR?_ALARMY?ANGAPP
  +--> ?PR?LEDS_ON?ANGAPP
  +--> ?PR?LEDS_OFF?ANGAPP
  +--> ?PR?LED_HANDLEPROC?ANGAPP

?PR?LED_HANDLEPROC?ANGAPP                   -----    -----      -----    -----      -----    -----
  +--> ?PR?LED_GREENON?ANGAPP
  +--> ?PR?LED_REDOFF?ANGAPP
  +--> ?PR?LED_GREENOFF?ANGAPP
  +--> ?PR?LED_REDON?ANGAPP

*** NEW ROOT ***************************************************

?PR?ADC_ISR?ADCDRV                          -----    -----      -----    -----      -----    -----
  +--> ?PR?_ADC_SAVEANDSWITCH?ADCDRV

?PR?_ADC_SAVEANDSWITCH?ADCDRV               -----    -----      0054H    0003H      -----    -----
  +--> ?CO?ADCDRV
  +--> ?PR?_ADCFILTER?ADCDRV

?PR?_ADCFILTER?ADCDRV                       -----    -----      0057H    0005H      -----    -----
  +--> ?PR?_VALINRANGE?FILTER
  +--> ?PR?_SLIDEWINFILTER?FILTER

?PR?_SLIDEWINFILTER?FILTER                  -----    -----      005CH    0012H      -----    -----

*** NEW ROOT ***************************************************

?PR?COMM_ISR?COMM                           -----    -----      006EH    0002H      -----    -----
  +--> ?PR?_COMM_GETTXCHAR?COMM
  +--> ?PR?COMM_SENDSTOP?COMM
  +--> ?PR?_COMM_PUTRXCHAR?COMM

*** NEW ROOT ***************************************************

?PR?TIMER2_ISR?TIMER                        -----    -----      -----    -----      -----    -----
  +--> ?PR?TIMER2_TASKINISR?TIMER

?PR?TIMER2_TASKINISR?TIMER                  -----    -----      -----    -----      -----    -----
  +--> ?PR?COMM_TIMERPROC?COMM
  +--> ?CO?SEND
  +--> ?PR?_STARSTP_TIME?TIMER
  +--> ?PR?LEDFLASHPROC?ANGAPP

?PR?LEDFLASHPROC?ANGAPP                     -----    -----      -----    -----      -----    -----
  +--> ?PR?LEDGREENFLASH?ANGAPP
  +--> ?PR?LEDREDFLASH?ANGAPP
  +--> ?PR?LEDGREENREDFLASH?ANGAPP
BL51 BANKED LINKER/LOCATER V6.22                                                      06/20/2018  14:42:57  PAGE 24


  +--> ?PR?LED_REDOFF?ANGAPP
  +--> ?PR?LED_GREENOFF?ANGAPP

?PR?LEDGREENFLASH?ANGAPP                    -----    -----      -----    -----      -----    -----
  +--> ?PR?LED_GREENON?ANGAPP
  +--> ?PR?LED_GREENOFF?ANGAPP

?PR?LEDREDFLASH?ANGAPP                      -----    -----      -----    -----      -----    -----
  +--> ?PR?LED_REDON?ANGAPP
  +--> ?PR?LED_REDOFF?ANGAPP

?PR?LEDGREENREDFLASH?ANGAPP                 -----    -----      -----    -----      -----    -----
  +--> ?PR?LED_GREENON?ANGAPP
  +--> ?PR?LED_REDON?ANGAPP
  +--> ?PR?LED_GREENOFF?ANGAPP
  +--> ?PR?LED_REDOFF?ANGAPP



SYMBOL TABLE OF MODULE:  WTAL (?C_STARTUP)

  VALUE           TYPE          NAME
  ----------------------------------

  -------         MODULE        ?C_STARTUP
  C:5A23H         SEGMENT       ?C_C51STARTUP
  I:0073H         SEGMENT       ?STACK
  C:0000H         PUBLIC        ?C_STARTUP
  D:00E0H         SYMBOL        ACC
  D:00F0H         SYMBOL        B
  D:0083H         SYMBOL        DPH
  D:0082H         SYMBOL        DPL
  N:0000H         SYMBOL        IBPSTACK
  N:0100H         SYMBOL        IBPSTACKTOP
  N:0080H         SYMBOL        IDATALEN
  C:5A26H         SYMBOL        IDATALOOP
  N:0000H         SYMBOL        PBPSTACK
  N:0100H         SYMBOL        PBPSTACKTOP
  N:0000H         SYMBOL        PDATALEN
  N:0000H         SYMBOL        PDATASTART
  N:0000H         SYMBOL        PPAGE
  N:0000H         SYMBOL        PPAGEENABLE
  D:00A0H         SYMBOL        PPAGE_SFR
  D:0081H         SYMBOL        SP
  C:5A23H         SYMBOL        STARTUP1
  N:0000H         SYMBOL        XBPSTACK
  N:0000H         SYMBOL        XBPSTACKTOP
  N:0000H         SYMBOL        XDATALEN
  N:0000H         SYMBOL        XDATASTART
  C:0000H         LINE#         126
  C:5A23H         LINE#         133
  C:5A25H         LINE#         134
  C:5A26H         LINE#         135
  C:5A27H         LINE#         136
  C:5A29H         LINE#         185
  C:5A2CH         LINE#         196
  -------         ENDMOD        ?C_STARTUP
BL51 BANKED LINKER/LOCATER V6.22                                                      06/20/2018  14:42:57  PAGE 25



  -------         MODULE        ADCDRV
  C:0000H         SYMBOL        _ICE_DUMMY_
  C:7739H         PUBLIC        Adc_Init
  D:0090H         PUBLIC        P1
  D:00A0H         PUBLIC        P2
  D:00BCH         PUBLIC        ADC0CF
  D:00E6H         PUBLIC        EIE1
  C:5DB5H         SYMBOL        _Adc_SaveAndSwitch
  C:781FH         PUBLIC        Adc_GetXVal
  C:7828H         PUBLIC        Adc_GetYVal
  D:00E8H         PUBLIC        ADC0CN
  D:00A7H         PUBLIC        SFRPAGE
  C:791BH         SYMBOL        Adc_VrefInit
  C:5696H         PUBLIC        Adc_Isr
  X:06B6H         PUBLIC        x_axis_adc
  X:073EH         PUBLIC        y_axis_adc
  D:00BBH         PUBLIC        ADC0MX
  D:00D1H         PUBLIC        REF0CN
  C:679BH         SYMBOL        AdcEntityInit
  B:00E8H.5       PUBLIC        AD0INT
  C:7831H         PUBLIC        Adc_GetTemp
  C:6FDCH         SYMBOL        Adc_SetInit
  I:0070H         PUBLIC        AdcSwitchId
  C:791FH         SYMBOL        Adc_IsrInit
  C:0026H         PUBLIC        Adc_Enable
  I:0071H         PUBLIC        AdcEndTag
  D:00BEH         PUBLIC        ADC0H
  X:07C6H         PUBLIC        temp_adc
  D:00BDH         PUBLIC        ADC0L
  I:0072H         PUBLIC        AdcEndId
  C:7331H         SYMBOL        PinIdTab
  C:5AAFH         SYMBOL        _AdcFilter
  D:00BDH         PUBLIC        ADC0
  C:733EH         SYMBOL        PinMuxTab
  -------         PROC          ADC_INIT
  C:7739H         LINE#         45
  C:7739H         LINE#         46
  C:7739H         LINE#         47
  C:773CH         LINE#         48
  C:773FH         LINE#         49
  C:7742H         LINE#         50
  -------         ENDPROC       ADC_INIT
  -------         PROC          ADC_ENABLE
  C:0026H         LINE#         53
  C:0026H         LINE#         54
  C:0026H         LINE#         55
  C:0029H         LINE#         56
  -------         ENDPROC       ADC_ENABLE
  -------         PROC          ADC_GETXVAL
  C:781FH         LINE#         64
  C:781FH         LINE#         65
  C:781FH         LINE#         66
  C:7827H         LINE#         67
  -------         ENDPROC       ADC_GETXVAL
  -------         PROC          ADC_GETYVAL
  C:7828H         LINE#         75
BL51 BANKED LINKER/LOCATER V6.22                                                      06/20/2018  14:42:57  PAGE 26


  C:7828H         LINE#         76
  C:7828H         LINE#         77
  C:7830H         LINE#         78
  -------         ENDPROC       ADC_GETYVAL
  -------         PROC          ADC_GETTEMP
  C:7831H         LINE#         86
  C:7831H         LINE#         87
  C:7831H         LINE#         88
  C:7839H         LINE#         89
  -------         ENDPROC       ADC_GETTEMP
  -------         PROC          ADC_SETINIT
  -------         DO            
  D:0007H         SYMBOL        SfrPage_
  -------         ENDDO         
  C:6FDCH         LINE#         110
  C:6FDCH         LINE#         111
  C:6FDEH         LINE#         114
  C:6FE1H         LINE#         115
  C:6FE4H         LINE#         116
  C:6FE7H         LINE#         117
  C:6FEAH         LINE#         118
  C:6FEDH         LINE#         119
  C:6FF0H         LINE#         120
  C:6FF2H         LINE#         121
  C:6FF5H         LINE#         122
  C:6FF8H         LINE#         123
  C:6FFBH         LINE#         124
  C:6FFEH         LINE#         125
  C:7000H         LINE#         126
  C:7003H         LINE#         127
  C:7006H         LINE#         128
  C:7008H         LINE#         129
  -------         ENDPROC       ADC_SETINIT
  -------         PROC          ADC_VREFINIT
  C:791BH         LINE#         131
  C:791BH         LINE#         132
  C:791BH         LINE#         133
  C:791EH         LINE#         134
  -------         ENDPROC       ADC_VREFINIT
  -------         PROC          ADC_ISRINIT
  C:791FH         LINE#         136
  C:791FH         LINE#         137
  C:791FH         LINE#         138
  C:7922H         LINE#         139
  -------         ENDPROC       ADC_ISRINIT
  -------         PROC          _ADCFILTER
  D:0057H         SYMBOL        p_adc
  D:005AH         SYMBOL        val
  C:5AAFH         LINE#         148
  C:5AB9H         LINE#         149
  C:5AB9H         LINE#         150
  C:5ACEH         LINE#         151
  C:5ACEH         LINE#         153
  C:5B1DH         LINE#         154
  C:5B1DH         LINE#         156
  C:5B1DH         LINE#         157
  C:5B2CH         LINE#         158
BL51 BANKED LINKER/LOCATER V6.22                                                      06/20/2018  14:42:57  PAGE 27


  C:5B33H         LINE#         159
  C:5B33H         LINE#         160
  -------         ENDPROC       _ADCFILTER
  -------         PROC          ADCENTITYINIT
  C:679BH         LINE#         218
  C:679BH         LINE#         219
  C:679BH         LINE#         221
  C:67A0H         LINE#         222
  C:67A2H         LINE#         223
  C:67A4H         LINE#         224
  C:67AAH         LINE#         226
  C:67B5H         LINE#         228
  C:67B9H         LINE#         229
  C:67BCH         LINE#         230
  C:67BEH         LINE#         231
  C:67C4H         LINE#         233
  C:67CFH         LINE#         235
  C:67D3H         LINE#         236
  C:67D6H         LINE#         237
  C:67D8H         LINE#         238
  C:67DEH         LINE#         240
  C:67E7H         LINE#         248
  -------         ENDPROC       ADCENTITYINIT
  -------         PROC          _ADC_SAVEANDSWITCH
  D:0004H         SYMBOL        val
  -------         DO            
  D:0054H         SYMBOL        adc_ent
  -------         ENDDO         
  C:5DB5H         LINE#         264
  C:5DB9H         LINE#         265
  C:5DB9H         LINE#         267
  C:5DC2H         LINE#         268
  C:5DCBH         LINE#         269
  C:5DD1H         LINE#         271
  C:5DD9H         LINE#         272
  C:5DD9H         LINE#         273
  C:5DEDH         LINE#         274
  C:5DEDH         LINE#         275
  C:5DF9H         LINE#         276
  C:5DFBH         LINE#         277
  C:5E03H         LINE#         279
  C:5E0CH         LINE#         281
  C:5E16H         LINE#         282
  C:5E19H         LINE#         284
  C:5E1FH         LINE#         285
  C:5E28H         LINE#         286
  C:5E2BH         LINE#         287
  -------         ENDPROC       _ADC_SAVEANDSWITCH
  -------         PROC          ADC_ISR
  -------         DO            
  X:06B0H         SYMBOL        sum
  X:06B4H         SYMBOL        cnt
  -------         ENDDO         
  C:5696H         LINE#         295
  C:56B3H         LINE#         300
  C:56B5H         LINE#         301
  C:56DCH         LINE#         302
BL51 BANKED LINKER/LOCATER V6.22                                                      06/20/2018  14:42:57  PAGE 28


  C:56EFH         LINE#         303
  C:56EFH         LINE#         304
  C:5709H         LINE#         305
  C:5713H         LINE#         306
  C:571AH         LINE#         307
  C:571CH         LINE#         309
  C:571FH         LINE#         310
  -------         ENDPROC       ADC_ISR
  -------         ENDMOD        ADCDRV

  -------         MODULE        ANGAPP
  C:0000H         SYMBOL        _ICE_DUMMY_
  C:78DFH         PUBLIC        _SetAngYUsrZero
  C:6960H         PUBLIC        GetXAngAllSetVal
  D:0090H         PUBLIC        P1
  C:69A6H         PUBLIC        GetYAngAllSetVal
  D:00A0H         PUBLIC        P2
  C:78CDH         PUBLIC        _SetAngXSysZero
  C:78D3H         PUBLIC        _SetAngYSysZero
  C:7932H         PUBLIC        Led_GreenOff
  C:74D9H         PUBLIC        LedS_On
  B:00A0H.5       PUBLIC        LED_S
  C:6E49H         PUBLIC        GetAngP
  B:0090H.4       PUBLIC        LED_RED
  X:0AB1H         PUBLIC        FlashCnt
  C:6E11H         PUBLIC        LedGreenRedFlash
  X:0AB2H         PUBLIC        LedMode
  C:6C37H         PUBLIC        LedFlashProc
  C:708DH         PUBLIC        LedRedFlash
  X:0AB3H         SYMBOL        angp
  X:0AB7H         PUBLIC        DELAY_X
  C:792FH         PUBLIC        Led_GreenOn
  B:0090H.5       PUBLIC        LED_GREEN
  X:0ABDH         PUBLIC        DELAY_Y
  C:2AA7H         PUBLIC        AngProc
  C:573AH         PUBLIC        AngInit
  C:7938H         PUBLIC        Led_RedOff
  X:0AC3H         SYMBOL        angx_usrzero
  X:0AC7H         SYMBOL        angy_usrzero
  C:7609H         PUBLIC        GetAngXInst
  C:7618H         PUBLIC        GetAngYInst
  X:0ACBH         SYMBOL        angx_syszero
  X:0ACFH         SYMBOL        angy_syszero
  C:7645H         PUBLIC        GetAngPSet
  C:78E5H         PUBLIC        _SetAngXInst
  C:78EBH         PUBLIC        _SetAngYInst
  C:7627H         PUBLIC        GetAngXSet
  C:7636H         PUBLIC        GetAngYSet
  C:771FH         PUBLIC        _SetAngPSet
  C:7690H         PUBLIC        _AlarmX
  C:769FH         PUBLIC        _AlarmY
  C:7705H         PUBLIC        _SetAngXSet
  C:7712H         PUBLIC        _SetAngYSet
  X:0AD3H         SYMBOL        angx_inst
  C:7935H         PUBLIC        Led_RedOn
  X:0AD7H         SYMBOL        angy_inst
  C:6F7EH         PUBLIC        StarStp_StructInit
BL51 BANKED LINKER/LOCATER V6.22                                                      06/20/2018  14:42:57  PAGE 29


  X:0ADBH         SYMBOL        angp_set
  C:51A2H         SYMBOL        _PAngCalc
  C:7009H         PUBLIC        Led_HandleProc
  X:0ADFH         SYMBOL        angx_set
  X:0AE3H         SYMBOL        angy_set
  X:0AE7H         PUBLIC        LedFMode
  C:74EBH         PUBLIC        LedS_Off
  C:7043H         PUBLIC        _SetAngZero
  X:0AE8H         SYMBOL        AlarmFlag
  X:0AE9H         PUBLIC        EnDlyTime
  C:7654H         PUBLIC        GetAngXZeroUsr
  C:75EBH         PUBLIC        GetAngXUsrZero
  C:7663H         PUBLIC        GetAngYZeroUsr
  C:75FAH         PUBLIC        GetAngYUsrZero
  C:70C3H         PUBLIC        _SetAngZeroAdd
  X:0AEBH         SYMBOL        BufZerox_usr
  C:75CDH         PUBLIC        GetAngXSysZero
  X:0AEFH         SYMBOL        BufZeroy_usr
  C:75DCH         PUBLIC        GetAngYSysZero
  C:7672H         PUBLIC        GetAngXRelSys
  C:7681H         PUBLIC        GetAngYRelSys
  X:0AF3H         PUBLIC        ExDlyTime
  X:0AF5H         SYMBOL        BufZerox_sys
  C:7062H         PUBLIC        LedGreenFlash
  X:0AF9H         SYMBOL        BufZeroy_sys
  C:78D9H         PUBLIC        _SetAngXUsrZero
  -------         PROC          STARSTP_STRUCTINIT
  C:6F7EH         LINE#         44
  C:6F7EH         LINE#         45
  C:6F7EH         LINE#         46
  C:6F85H         LINE#         47
  C:6F8BH         LINE#         48
  C:6F8FH         LINE#         49
  C:6F93H         LINE#         51
  C:6F9DH         LINE#         52
  C:6FA7H         LINE#         53
  C:6FACH         LINE#         54
  -------         ENDPROC       STARSTP_STRUCTINIT
  -------         PROC          ANGINIT
  C:573AH         LINE#         55
  C:573AH         LINE#         56
  C:573AH         LINE#         57
  C:573DH         LINE#         58
  C:5740H         LINE#         60
  C:574AH         LINE#         61
  C:5755H         LINE#         62
  C:5760H         LINE#         63
  C:576BH         LINE#         64
  C:5776H         LINE#         65
  C:5781H         LINE#         66
  C:578CH         LINE#         67
  C:5797H         LINE#         68
  C:57A2H         LINE#         69
  C:57ADH         LINE#         71
  C:57B7H         LINE#         72
  C:57C1H         LINE#         73
  C:57CBH         LINE#         74
BL51 BANKED LINKER/LOCATER V6.22                                                      06/20/2018  14:42:57  PAGE 30


  C:57D5H         LINE#         76
  -------         ENDPROC       ANGINIT
  -------         PROC          _PANGCALC
  D:0004H         SYMBOL        angx
  D:003EH         SYMBOL        angy
  -------         DO            
  D:0042H         SYMBOL        x
  D:0004H         SYMBOL        y
  D:0046H         SYMBOL        s
  -------         ENDDO         
  C:51A2H         LINE#         84
  C:51A2H         LINE#         85
  C:51A2H         LINE#         88
  C:51AEH         LINE#         89
  C:51CCH         LINE#         90
  C:51D7H         LINE#         91
  C:51EAH         LINE#         93
  C:51F6H         LINE#         94
  C:520CH         LINE#         95
  C:520FH         LINE#         96
  C:521AH         LINE#         98
  C:5230H         LINE#         99
  C:5244H         LINE#         100
  C:5244H         LINE#         101
  C:524DH         LINE#         102
  C:524DH         LINE#         103
  C:5276H         LINE#         104
  C:5279H         LINE#         105
  -------         ENDPROC       _PANGCALC
  -------         PROC          GETANGP
  C:6E49H         LINE#         113
  C:6E49H         LINE#         114
  C:6E49H         LINE#         116
  C:6E70H         LINE#         117
  C:6E7EH         LINE#         118
  -------         ENDPROC       GETANGP
  -------         PROC          GETANGXSYSZERO
  C:75CDH         LINE#         120
  C:75CDH         LINE#         121
  C:75CDH         LINE#         122
  C:75DBH         LINE#         123
  -------         ENDPROC       GETANGXSYSZERO
  -------         PROC          GETANGYSYSZERO
  C:75DCH         LINE#         124
  C:75DCH         LINE#         125
  C:75DCH         LINE#         126
  C:75EAH         LINE#         127
  -------         ENDPROC       GETANGYSYSZERO
  -------         PROC          GETANGXUSRZERO
  C:75EBH         LINE#         128
  C:75EBH         LINE#         129
  C:75EBH         LINE#         130
  C:75F9H         LINE#         131
  -------         ENDPROC       GETANGXUSRZERO
  -------         PROC          GETANGYUSRZERO
  C:75FAH         LINE#         132
  C:75FAH         LINE#         133
BL51 BANKED LINKER/LOCATER V6.22                                                      06/20/2018  14:42:57  PAGE 31


  C:75FAH         LINE#         134
  C:7608H         LINE#         135
  -------         ENDPROC       GETANGYUSRZERO
  -------         PROC          GETANGXINST
  C:7609H         LINE#         137
  C:7609H         LINE#         138
  C:7609H         LINE#         139
  C:7617H         LINE#         140
  -------         ENDPROC       GETANGXINST
  -------         PROC          GETANGYINST
  C:7618H         LINE#         141
[...]
  C:6D39H         LINE#         335
  C:6D4EH         LINE#         336
  C:6D62H         LINE#         337
  C:6D62H         LINE#         338
  -------         ENDPROC       _SUB_STR2INT8U
  -------         PROC          _SUB_INT32S2STR
  D:002EH         SYMBOL        s
  D:0031H         SYMBOL        val
  C:41EFH         LINE#         340
  C:41FDH         LINE#         341
  C:41FDH         LINE#         342
  C:4201H         LINE#         343
  C:4201H         LINE#         344
  C:420CH         LINE#         345
  C:420EH         LINE#         346
  C:4210H         LINE#         348
  C:4210H         LINE#         349
  C:421BH         LINE#         350
  C:421BH         LINE#         351
  C:4249H         LINE#         353
  C:426AH         LINE#         354
  C:428CH         LINE#         355
BL51 BANKED LINKER/LOCATER V6.22                                                      06/20/2018  14:42:57  PAGE 106


  C:42A5H         LINE#         356
  C:42C7H         LINE#         357
  C:42D5H         LINE#         358
  C:42F5H         LINE#         359
  C:4316H         LINE#         360
  C:432EH         LINE#         361
  -------         ENDPROC       _SUB_INT32S2STR
  -------         PROC          _SUB_INT16S2STR
  D:0001H         SYMBOL        s
  D:0004H         SYMBOL        val
  C:71EFH         LINE#         364
  C:71EFH         LINE#         365
  C:71EFH         LINE#         366
  C:71F7H         LINE#         367
  C:71FEH         LINE#         368
  C:7200H         LINE#         369
  C:7202H         LINE#         371
  C:7207H         LINE#         372
  C:7207H         LINE#         373
  -------         ENDPROC       _SUB_INT16S2STR
  -------         PROC          _SUB_INT16U2STR
  D:003BH         SYMBOL        s
  D:003EH         SYMBOL        val
  C:53F0H         LINE#         376
  C:53FAH         LINE#         377
  C:53FAH         LINE#         378
  C:540BH         LINE#         379
  C:541AH         LINE#         380
  C:5434H         LINE#         381
  C:5443H         LINE#         382
  C:545DH         LINE#         383
  C:546CH         LINE#         384
  C:5486H         LINE#         385
  -------         ENDPROC       _SUB_INT16U2STR
  -------         PROC          _SUB_INT8U2STR
  D:0001H         SYMBOL        s
  D:0005H         SYMBOL        val
  C:7232H         LINE#         388
  C:7232H         LINE#         389
  C:7232H         LINE#         390
  C:7239H         LINE#         391
  C:7243H         LINE#         392
  -------         ENDPROC       _SUB_INT8U2STR
  -------         PROC          _SUB_SBUFSWITCH
  D:0038H         SYMBOL        buf
  D:003BH         SYMBOL        i
  D:003CH         SYMBOL        j
  -------         DO            
  D:003DH         SYMBOL        temp
  -------         ENDDO         
  C:6602H         LINE#         458
  C:660AH         LINE#         459
  C:660AH         LINE#         462
  C:6620H         LINE#         463
  C:663CH         LINE#         464
  -------         ENDPROC       _SUB_SBUFSWITCH
  -------         PROC          _SUB_16SBUFSWITCH
BL51 BANKED LINKER/LOCATER V6.22                                                      06/20/2018  14:42:57  PAGE 107


  D:003FH         SYMBOL        buf
  D:0005H         SYMBOL        i
  D:0043H         SYMBOL        j
  -------         DO            
  D:0044H         SYMBOL        temp
  -------         ENDDO         
  C:6880H         LINE#         468
  C:6886H         LINE#         469
  C:6886H         LINE#         472
  C:6898H         LINE#         473
  C:68B9H         LINE#         474
  -------         ENDPROC       _SUB_16SBUFSWITCH
  -------         PROC          _SUB_UBUFSWITCH
  D:003FH         SYMBOL        buf
  D:0005H         SYMBOL        i
  D:0043H         SYMBOL        j
  -------         DO            
  D:0044H         SYMBOL        temp
  -------         ENDDO         
  C:68CCH         LINE#         478
  C:68D2H         LINE#         479
  C:68D2H         LINE#         482
  C:68E4H         LINE#         483
  C:6905H         LINE#         484
  -------         ENDPROC       _SUB_UBUFSWITCH
  -------         PROC          _SUB_BUFBUBBLE
  D:002FH         SYMBOL        id
  D:0032H         SYMBOL        x
  D:0035H         SYMBOL        n
  -------         DO            
  D:0036H         SYMBOL        i
  D:0037H         SYMBOL        j
  -------         ENDDO         
  C:6125H         LINE#         487
  C:612BH         LINE#         488
  C:612BH         LINE#         490
  C:6135H         LINE#         491
  C:6141H         LINE#         492
  C:6169H         LINE#         493
  C:6177H         LINE#         494
  C:6185H         LINE#         495
  C:6185H         LINE#         496
  C:6189H         LINE#         497
  C:618DH         LINE#         498
  -------         ENDPROC       _SUB_BUFBUBBLE
  -------         PROC          _SUB_BUFBUBBLE2
  D:0033H         SYMBOL        id
  D:0036H         SYMBOL        x
  D:0039H         SYMBOL        y
  D:003CH         SYMBOL        n
  -------         DO            
  D:003DH         SYMBOL        i
  D:003EH         SYMBOL        j
  -------         ENDDO         
  C:5E2CH         LINE#         500
  C:5E32H         LINE#         501
  C:5E32H         LINE#         503
BL51 BANKED LINKER/LOCATER V6.22                                                      06/20/2018  14:42:57  PAGE 108


  C:5E3CH         LINE#         504
  C:5E48H         LINE#         505
  C:5E74H         LINE#         506
  C:5E7CH         LINE#         507
  C:5E8AH         LINE#         508
  C:5E98H         LINE#         509
  C:5E98H         LINE#         510
  C:5E9CH         LINE#         511
  C:5EA0H         LINE#         512
  -------         ENDPROC       _SUB_BUFBUBBLE2
  -------         PROC          _SUB_STRALARMCHECK
  D:002EH         SYMBOL        val
  D:0031H         SYMBOL        str
  C:6FADH         LINE#         528
  C:6FB3H         LINE#         529
  C:6FB3H         LINE#         530
  C:6FC5H         LINE#         531
  C:6FC5H         LINE#         532
  C:6FD6H         LINE#         533
  C:6FD9H         LINE#         534
  C:6FD9H         LINE#         536
  C:6FD9H         LINE#         537
  C:6FDBH         LINE#         538
  C:6FDBH         LINE#         540
  -------         ENDPROC       _SUB_STRALARMCHECK
  -------         ENDMOD        SUB

  -------         MODULE        TIMER
  C:0000H         SYMBOL        _ICE_DUMMY_
  D:0090H         PUBLIC        P1
  D:001DH         SYMBOL        MainTime4En
  D:00A0H         PUBLIC        P2
  C:6BFAH         PUBLIC        Timer2_ISR
  D:00A7H         PUBLIC        SFRPAGE
  C:6553H         PUBLIC        Timer2_TaskInIsr
  B:00C8H.7       PUBLIC        TF2H
  D:00CCH         PUBLIC        TMR2
  C:6BBDH         PUBLIC        Timer2_Init
  D:00C8H         PUBLIC        TMR2CN
  D:00CAH         PUBLIC        TMR2RL
  C:6658H         PUBLIC        _StarStp_Time
  B:00A8H.5       PUBLIC        ET2
  X:0B70H         PUBLIC        alarmcnt
  B:00C8H.2       PUBLIC        TR2
  C:7533H         PUBLIC        Timer2_TaskInMain
  D:008EH         PUBLIC        CKCON
  X:0B72H         PUBLIC        MainTime4Cnt
  -------         PROC          TIMER2_INIT
  -------         DO            
  D:0007H         SYMBOL        SfrPage_
  -------         ENDDO         
  C:6BBDH         LINE#         26
  C:6BBDH         LINE#         27
  C:6BBDH         LINE#         28
  C:6BBFH         LINE#         29
  C:6BC2H         LINE#         30
  C:6BC4H         LINE#         31
BL51 BANKED LINKER/LOCATER V6.22                                                      06/20/2018  14:42:57  PAGE 109


  C:6BC7H         LINE#         32
  C:6BCDH         LINE#         33
  C:6BD3H         LINE#         34
  C:6BD5H         LINE#         35
  C:6BD7H         LINE#         36
  C:6BD9H         LINE#         37
  C:6BF9H         LINE#         40
  -------         ENDPROC       TIMER2_INIT
  -------         PROC          TIMER2_ISR
  C:6BFAH         LINE#         48
  C:6C17H         LINE#         50
  C:6C19H         LINE#         51
  C:6C1CH         LINE#         52
  -------         ENDPROC       TIMER2_ISR
  -------         PROC          _STARSTP_TIME
  D:0001H         SYMBOL        PTR
  C:6658H         LINE#         64
  C:6658H         LINE#         65
  C:6658H         LINE#         66
  C:6664H         LINE#         67
  C:6664H         LINE#         68
  C:666FH         LINE#         69
  C:666FH         LINE#         70
  C:6674H         LINE#         71
  C:667CH         LINE#         72
  C:667CH         LINE#         74
  C:667CH         LINE#         77
  C:668BH         LINE#         78
  C:668BH         LINE#         79
  C:6699H         LINE#         80
  C:6699H         LINE#         81
  C:66A1H         LINE#         82
  C:66A9H         LINE#         83
  C:66A9H         LINE#         85
  C:66A9H         LINE#         86
  -------         ENDPROC       _STARSTP_TIME
  -------         PROC          TIMER2_TASKINISR
  -------         DO            
  D:001CH         SYMBOL        cnt100ms
  -------         ENDDO         
  C:6553H         LINE#         94
  C:6553H         LINE#         95
  C:6553H         LINE#         98
  C:6556H         LINE#         99
  C:6564H         LINE#         100
  C:656BH         LINE#         101
  C:656BH         LINE#         102
  C:658BH         LINE#         103
  C:658EH         LINE#         105
  C:658EH         LINE#         106
  C:6597H         LINE#         107
  C:659EH         LINE#         109
  C:65A5H         LINE#         110
  C:65A5H         LINE#         111
  C:65A8H         LINE#         112
  C:65ABH         LINE#         113
  C:65ABH         LINE#         114
BL51 BANKED LINKER/LOCATER V6.22                                                      06/20/2018  14:42:57  PAGE 110


  -------         ENDPROC       TIMER2_TASKINISR
  -------         PROC          TIMER2_TASKINMAIN
  C:7533H         LINE#         122
  C:7533H         LINE#         123
  C:7533H         LINE#         124
  C:7538H         LINE#         125
  C:753BH         LINE#         126
  C:7541H         LINE#         127
  C:7544H         LINE#         129
  C:7544H         LINE#         130
  -------         ENDPROC       TIMER2_TASKINMAIN
  -------         ENDMOD        TIMER

  -------         MODULE        ?C?FPADD
  C:0C02H         PUBLIC        ?C?FPADD
  C:0BFEH         PUBLIC        ?C?FPSUB
  -------         ENDMOD        ?C?FPADD

  -------         MODULE        ?C?FPMUL
  C:0CF3H         PUBLIC        ?C?FPMUL
  -------         ENDMOD        ?C?FPMUL

  -------         MODULE        ?C?FPDIV
  C:0DFCH         PUBLIC        ?C?FPDIV
  -------         ENDMOD        ?C?FPDIV

  -------         MODULE        ?C?FPCMP
  C:0E9BH         PUBLIC        ?C?FPCMP
  C:0E99H         PUBLIC        ?C?FPCMP3
  -------         ENDMOD        ?C?FPCMP

  -------         MODULE        ?C?FCAST
  C:0F10H         PUBLIC        ?C?FCASTC
  C:0F0BH         PUBLIC        ?C?FCASTI
  C:0F06H         PUBLIC        ?C?FCASTL
  -------         ENDMOD        ?C?FCAST

  -------         MODULE        ?C?CASTF
  C:0F44H         PUBLIC        ?C?CASTF
  -------         ENDMOD        ?C?CASTF

  -------         MODULE        SQRT
  C:54A4H         PUBLIC        _SQRT
  -------         ENDMOD        SQRT

  -------         MODULE        SIN
  C:40C9H         PUBLIC        _COS
  C:40DFH         PUBLIC        _SIN
  C:4111H         PUBLIC        _TAN
  -------         ENDMOD        SIN

  -------         MODULE        ASIN
  C:6D63H         PUBLIC        _ASIN
  -------         ENDMOD        ASIN

  -------         MODULE        ATAN
  C:449EH         PUBLIC        _ATAN
BL51 BANKED LINKER/LOCATER V6.22                                                      06/20/2018  14:42:57  PAGE 111


  -------         ENDMOD        ATAN

  -------         MODULE        ?C?CLDPTR
  C:1012H         PUBLIC        ?C?CLDPTR
  -------         ENDMOD        ?C?CLDPTR

  -------         MODULE        ?C?CLDOPTR
  C:102BH         PUBLIC        ?C?CLDOPTR
  -------         ENDMOD        ?C?CLDOPTR

  -------         MODULE        ?C?CILDPTR
  C:1058H         PUBLIC        ?C?CILDPTR
  -------         ENDMOD        ?C?CILDPTR

  -------         MODULE        ?C?CSTPTR
  C:107AH         PUBLIC        ?C?CSTPTR
  -------         ENDMOD        ?C?CSTPTR

  -------         MODULE        ?C?CSTOPTR
  C:108CH         PUBLIC        ?C?CSTOPTR
  -------         ENDMOD        ?C?CSTOPTR

  -------         MODULE        ?C?IMUL
  C:10AEH         PUBLIC        ?C?IMUL
  -------         ENDMOD        ?C?IMUL

  -------         MODULE        ?C?UIDIV
  C:10C0H         PUBLIC        ?C?UIDIV
  -------         ENDMOD        ?C?UIDIV

  -------         MODULE        ?C?SIDIV
  C:1115H         PUBLIC        ?C?SIDIV
  -------         ENDMOD        ?C?SIDIV

  -------         MODULE        ?C?IILDX
  C:114BH         PUBLIC        ?C?IILDX
  -------         ENDMOD        ?C?IILDX

  -------         MODULE        ?C?ILDPTR
  C:1161H         PUBLIC        ?C?ILDPTR
  -------         ENDMOD        ?C?ILDPTR

  -------         MODULE        ?C?ILDOPTR
  C:118CH         PUBLIC        ?C?ILDOPTR
  -------         ENDMOD        ?C?ILDOPTR

  -------         MODULE        ?C?IILDPTR
  C:11C4H         PUBLIC        ?C?IILDPTR
  -------         ENDMOD        ?C?IILDPTR

  -------         MODULE        ?C?IILDOPTR
  C:11FCH         PUBLIC        ?C?IILDOPTR
  -------         ENDMOD        ?C?IILDOPTR

  -------         MODULE        ?C?ISTPTR
  C:1249H         PUBLIC        ?C?ISTPTR
  -------         ENDMOD        ?C?ISTPTR
BL51 BANKED LINKER/LOCATER V6.22                                                      06/20/2018  14:42:57  PAGE 112



  -------         MODULE        ?C?ISTOPTR
  C:1268H         PUBLIC        ?C?ISTOPTR
  -------         ENDMOD        ?C?ISTOPTR

  -------         MODULE        ?C?LMUL
  C:1295H         PUBLIC        ?C?LMUL
  -------         ENDMOD        ?C?LMUL

  -------         MODULE        ?C?ULDIV
  C:1320H         PUBLIC        ?C?ULDIV
  -------         ENDMOD        ?C?ULDIV

  -------         MODULE        ?C?SLDIV
  C:6A76H         PUBLIC        ?C?SLDIV
  -------         ENDMOD        ?C?SLDIV

  -------         MODULE        ?C?LNEG
  C:13B2H         PUBLIC        ?C?LNEG
  -------         ENDMOD        ?C?LNEG

  -------         MODULE        ?C?SLCMP
  C:13C0H         PUBLIC        ?C?SLCMP
  -------         ENDMOD        ?C?SLCMP

  -------         MODULE        ?C?ULCMP
  C:13D6H         PUBLIC        ?C?ULCMP
  -------         ENDMOD        ?C?ULCMP

  -------         MODULE        ?C?ULSHR
  C:13E7H         PUBLIC        ?C?ULSHR
  -------         ENDMOD        ?C?ULSHR

  -------         MODULE        ?C?LSHL
  C:13FAH         PUBLIC        ?C?LSHL
  -------         ENDMOD        ?C?LSHL

  -------         MODULE        ?C?LLDPTR
  C:140DH         PUBLIC        ?C?LLDPTR
  -------         ENDMOD        ?C?LLDPTR

  -------         MODULE        ?C?LLDOPTR
  C:142DH         PUBLIC        ?C?LLDOPTR
  -------         ENDMOD        ?C?LLDOPTR

  -------         MODULE        ?C?LSTPTR
  C:145DH         PUBLIC        ?C?LSTPTR
  -------         ENDMOD        ?C?LSTPTR

  -------         MODULE        ?C?LSTOPTR
  C:1477H         PUBLIC        ?C?LSTOPTR
  -------         ENDMOD        ?C?LSTOPTR

  -------         MODULE        ?C?LLDCODE
  C:149BH         PUBLIC        ?C?LLDCODE
  -------         ENDMOD        ?C?LLDCODE

BL51 BANKED LINKER/LOCATER V6.22                                                      06/20/2018  14:42:57  PAGE 113


  -------         MODULE        ?C?LLDCODE0
  C:14ABH         PUBLIC        ?C?LLDCODE0
  -------         ENDMOD        ?C?LLDCODE0

  -------         MODULE        ?C?LLDOPTR0
  C:14BBH         PUBLIC        ?C?LLDOPTR0
  -------         ENDMOD        ?C?LLDOPTR0

  -------         MODULE        ?C?LSTXDATA
  C:14EBH         PUBLIC        ?C?LSTXDATA
  -------         ENDMOD        ?C?LSTXDATA

  -------         MODULE        ?C?LSTKXDATA
  C:14F7H         PUBLIC        ?C?LSTKXDATA
  -------         ENDMOD        ?C?LSTKXDATA

  -------         MODULE        ?C?LSTKOPTR
  C:1528H         PUBLIC        ?C?LSTKOPTR
  -------         ENDMOD        ?C?LSTKOPTR

  -------         MODULE        ?C?OFFXADD
  C:154CH         PUBLIC        ?C?OFFXADD
  -------         ENDMOD        ?C?OFFXADD

  -------         MODULE        ?C?PLDOPTR
  C:1558H         PUBLIC        ?C?PLDOPTR
  -------         ENDMOD        ?C?PLDOPTR

  -------         MODULE        ?C?PSTOPTR
  C:1588H         PUBLIC        ?C?PSTOPTR
  -------         ENDMOD        ?C?PSTOPTR

  -------         MODULE        ?C?ICASE
  C:15E1H         PUBLIC        ?C?ICASE
  -------         ENDMOD        ?C?ICASE

  -------         MODULE        ?C?ICALL
  C:160EH         PUBLIC        ?C?ICALL
  C:1612H         PUBLIC        ?C?ICALL2
  -------         ENDMOD        ?C?ICALL

  -------         MODULE        STRNCMP
  D:002EH         PUBLIC        ?_strncmp?BYTE
  C:5EA1H         PUBLIC        _strncmp
  -------         ENDMOD        STRNCMP

  -------         MODULE        STRNCPY
  D:002BH         PUBLIC        ?_strncpy?BYTE
  C:66AAH         PUBLIC        _strncpy
  -------         ENDMOD        STRNCPY

  -------         MODULE        ?C?LLDIDATA
  C:1614H         PUBLIC        ?C?LLDIDATA
  -------         ENDMOD        ?C?LLDIDATA

  -------         MODULE        ?C?LLDXDATA
  C:1620H         PUBLIC        ?C?LLDXDATA
BL51 BANKED LINKER/LOCATER V6.22                                                      06/20/2018  14:42:57  PAGE 114


  -------         ENDMOD        ?C?LLDXDATA

  -------         MODULE        ?C?LLDPDATA
  C:162CH         PUBLIC        ?C?LLDPDATA
  -------         ENDMOD        ?C?LLDPDATA

  -------         MODULE        ?C?LLDIDATA0
  C:1638H         PUBLIC        ?C?LLDIDATA0
  -------         ENDMOD        ?C?LLDIDATA0

  -------         MODULE        ?C?LLDXDATA0
  C:1645H         PUBLIC        ?C?LLDXDATA0
  -------         ENDMOD        ?C?LLDXDATA0

  -------         MODULE        ?C?LLDPDATA0
  C:1651H         PUBLIC        ?C?LLDPDATA0
  -------         ENDMOD        ?C?LLDPDATA0

  -------         MODULE        ?C?LSTIDATA
  C:165EH         PUBLIC        ?C?LSTIDATA
  -------         ENDMOD        ?C?LSTIDATA

  -------         MODULE        ?C?LSTPDATA
  C:166AH         PUBLIC        ?C?LSTPDATA
  -------         ENDMOD        ?C?LSTPDATA

  -------         MODULE        ?C?LSTKIDATA
  C:1676H         PUBLIC        ?C?LSTKIDATA
  -------         ENDMOD        ?C?LSTKIDATA

  -------         MODULE        ?C?LSTKPDATA
  C:168FH         PUBLIC        ?C?LSTKPDATA
  -------         ENDMOD        ?C?LSTKPDATA

  -------         MODULE        ?C?PLDIDATA
  C:16A8H         PUBLIC        ?C?PLDIDATA
  -------         ENDMOD        ?C?PLDIDATA

  -------         MODULE        ?C?PSTIDATA
  C:16B1H         PUBLIC        ?C?PSTIDATA
  -------         ENDMOD        ?C?PSTIDATA

  -------         MODULE        ?C?PLDXDATA
  C:16BAH         PUBLIC        ?C?PLDXDATA
  -------         ENDMOD        ?C?PLDXDATA

  -------         MODULE        ?C?PSTXDATA
  C:16C3H         PUBLIC        ?C?PSTXDATA
  -------         ENDMOD        ?C?PSTXDATA

  -------         MODULE        ?C?PLDPDATA
  C:16CCH         PUBLIC        ?C?PLDPDATA
  -------         ENDMOD        ?C?PLDPDATA

  -------         MODULE        ?C?PSTPDATA
  C:16D5H         PUBLIC        ?C?PSTPDATA
  -------         ENDMOD        ?C?PSTPDATA
BL51 BANKED LINKER/LOCATER V6.22                                                      06/20/2018  14:42:57  PAGE 115



  -------         MODULE        ?C?PLDCODE
  C:16DEH         PUBLIC        ?C?PLDCODE
  -------         ENDMOD        ?C?PLDCODE

Program Size: data=113.4 xdata=2934 code=31034
LINK/LOCATE RUN COMPLETE.  0 WARNING(S),  0 ERROR(S)
