BL51 BANKED LINKER/LOCATER V6.22                                                        06/25/2018  15:28:32  PAGE 1


BL51 BANKED LINKER/LOCATER V6.22, INVOKED BY:
C:\KEIL\C51\BIN\BL51.EXE .\obj\STARTUP.obj, .\obj\AdcDrv.obj, .\obj\Calibration.obj, .\obj\CmdSub.obj, .\obj\Comm.obj, .
>> \obj\Delay.obj, .\obj\Filter.obj, .\obj\Flash.obj, .\obj\Init.obj, .\obj\Main.obj, .\obj\ModBusCrc.obj, .\obj\ModBusR
>> tu.obj, .\obj\Send.obj, .\obj\Sensor.obj, .\obj\Sub.obj, .\obj\Timer.obj, .\obj\AngApp.obj TO .\obj\WTAL PRINT (.\lis
>> t\WTAL.m51) RAMSIZE (256)


MEMORY MODEL: SMALL WITH FLOATING POINT ARITHMETIC


INPUT MODULES INCLUDED:
  .\obj\STARTUP.obj (?C_STARTUP)
  .\obj\AdcDrv.obj (ADCDRV)
  .\obj\Calibration.obj (CALIBRATION)
  .\obj\CmdSub.obj (CMDSUB)
  .\obj\Comm.obj (COMM)
  .\obj\Delay.obj (DELAY)
  .\obj\Filter.obj (FILTER)
  .\obj\Flash.obj (FLASH)
  .\obj\Init.obj (INIT)
  .\obj\Main.obj (MAIN)
  .\obj\ModBusCrc.obj (MODBUSCRC)
  .\obj\ModBusRtu.obj (MODBUSRTU)
  .\obj\Send.obj (SEND)
  .\obj\Sensor.obj (SENSOR)
  .\obj\Sub.obj (SUB)
  .\obj\Timer.obj (TIMER)
  .\obj\AngApp.obj (ANGAPP)
  C:\KEIL\C51\LIB\C51FPS.LIB (?C?FPADD)
  C:\KEIL\C51\LIB\C51FPS.LIB (?C?FPMUL)
  C:\KEIL\C51\LIB\C51FPS.LIB (?C?FPDIV)
  C:\KEIL\C51\LIB\C51FPS.LIB (?C?FPCMP)
  C:\KEIL\C51\LIB\C51FPS.LIB (?C?FCAST)
  C:\KEIL\C51\LIB\C51FPS.LIB (?C?CASTF)
  C:\KEIL\C51\LIB\C51FPS.LIB (SQRT)
  C:\KEIL\C51\LIB\C51FPS.LIB (SIN)
  C:\KEIL\C51\LIB\C51FPS.LIB (ASIN)
  C:\KEIL\C51\LIB\C51FPS.LIB (?C?FPGETOPN)
  C:\KEIL\C51\LIB\C51FPS.LIB (?C?FPSERIES)
  C:\KEIL\C51\LIB\C51FPS.LIB (ATAN)
  C:\KEIL\C51\LIB\C51S.LIB (?C_INIT)
  C:\KEIL\C51\LIB\C51S.LIB (?C?CLDPTR)
  C:\KEIL\C51\LIB\C51S.LIB (?C?CLDOPTR)
  C:\KEIL\C51\LIB\C51S.LIB (?C?CILDPTR)
  C:\KEIL\C51\LIB\C51S.LIB (?C?CSTPTR)
  C:\KEIL\C51\LIB\C51S.LIB (?C?CSTOPTR)
  C:\KEIL\C51\LIB\C51S.LIB (?C?IMUL)
  C:\KEIL\C51\LIB\C51S.LIB (?C?UIDIV)
  C:\KEIL\C51\LIB\C51S.LIB (?C?SIDIV)
  C:\KEIL\C51\LIB\C51S.LIB (?C?IILDX)
  C:\KEIL\C51\LIB\C51S.LIB (?C?ILDOPTR)
  C:\KEIL\C51\LIB\C51S.LIB (?C?ISTPTR)
  C:\KEIL\C51\LIB\C51S.LIB (?C?ISTOPTR)
  C:\KEIL\C51\LIB\C51S.LIB (?C?LADD)
  C:\KEIL\C51\LIB\C51S.LIB (?C?LMUL)
  C:\KEIL\C51\LIB\C51S.LIB (?C?ULDIV)
  C:\KEIL\C51\LIB\C51S.LIB (?C?SLDIV)
  C:\KEIL\C51\LIB\C51S.LIB (?C?LNEG)
BL51 BANKED LINKER/LOCATER V6.22                                                      06/25/2018  15:28:32  PAGE 2


  C:\KEIL\C51\LIB\C51S.LIB (?C?SLCMP)
  C:\KEIL\C51\LIB\C51S.LIB (?C?ULCMP)
  C:\KEIL\C51\LIB\C51S.LIB (?C?ULSHR)
  C:\KEIL\C51\LIB\C51S.LIB (?C?LSHL)
  C:\KEIL\C51\LIB\C51S.LIB (?C?LLDPTR)
  C:\KEIL\C51\LIB\C51S.LIB (?C?LLDOPTR)
  C:\KEIL\C51\LIB\C51S.LIB (?C?LSTPTR)
  C:\KEIL\C51\LIB\C51S.LIB (?C?LSTOPTR)
  C:\KEIL\C51\LIB\C51S.LIB (?C?LLDXDATA)
  C:\KEIL\C51\LIB\C51S.LIB (?C?LLDCODE)
  C:\KEIL\C51\LIB\C51S.LIB (?C?LLDXDATA0)
  C:\KEIL\C51\LIB\C51S.LIB (?C?LLDCODE0)
  C:\KEIL\C51\LIB\C51S.LIB (?C?LLDOPTR0)
  C:\KEIL\C51\LIB\C51S.LIB (?C?LSTXDATA)
  C:\KEIL\C51\LIB\C51S.LIB (?C?LSTKXDATA)
  C:\KEIL\C51\LIB\C51S.LIB (?C?LSTKOPTR)
  C:\KEIL\C51\LIB\C51S.LIB (?C?OFFXADD)
  C:\KEIL\C51\LIB\C51S.LIB (?C?PLDIIDATA)
  C:\KEIL\C51\LIB\C51S.LIB (?C?PLDXDATA)
  C:\KEIL\C51\LIB\C51S.LIB (?C?PSTXDATA)
  C:\KEIL\C51\LIB\C51S.LIB (?C?PLDOPTR)
  C:\KEIL\C51\LIB\C51S.LIB (?C?PSTOPTR)
  C:\KEIL\C51\LIB\C51S.LIB (?C?CCASE)
  C:\KEIL\C51\LIB\C51S.LIB (?C?ICASE)
  C:\KEIL\C51\LIB\C51S.LIB (?C?ICALL)
  C:\KEIL\C51\LIB\C51S.LIB (STRNCMP)
  C:\KEIL\C51\LIB\C51S.LIB (STRNCPY)
  C:\KEIL\C51\LIB\C51S.LIB (?C?LLDIDATA)
  C:\KEIL\C51\LIB\C51S.LIB (?C?LLDPDATA)
  C:\KEIL\C51\LIB\C51S.LIB (?C?LLDIDATA0)
  C:\KEIL\C51\LIB\C51S.LIB (?C?LLDPDATA0)
  C:\KEIL\C51\LIB\C51S.LIB (?C?LSTIDATA)
  C:\KEIL\C51\LIB\C51S.LIB (?C?LSTPDATA)
  C:\KEIL\C51\LIB\C51S.LIB (?C?LSTKIDATA)
  C:\KEIL\C51\LIB\C51S.LIB (?C?LSTKPDATA)
  C:\KEIL\C51\LIB\C51S.LIB (?C?PLDIDATA)
  C:\KEIL\C51\LIB\C51S.LIB (?C?PSTIDATA)
  C:\KEIL\C51\LIB\C51S.LIB (?C?PLDPDATA)
  C:\KEIL\C51\LIB\C51S.LIB (?C?PSTPDATA)
  C:\KEIL\C51\LIB\C51S.LIB (?C?PLDCODE)


LINK MAP OF MODULE:  .\obj\WTAL (?C_STARTUP)


            TYPE    BASE      LENGTH    RELOCATION   SEGMENT NAME
            -----------------------------------------------------

            * * * * * * *   D A T A   M E M O R Y   * * * * * * *
            REG     0000H     0008H     ABSOLUTE     "REG BANK 0"
            DATA    0008H     000AH     UNIT         ?DT?SEND
            DATA    0012H     0004H     UNIT         ?DT?CMDSUB
            DATA    0016H     0002H     UNIT         ?DT?TIMER
            IDATA   0018H     0003H     UNIT         ?ID?ADCDRV
                    001BH     0005H                  *** GAP ***
            BIT     0020H.0   0000H.2   UNIT         ?BI?COMM
            BIT     0020H.2   0000H.2   UNIT         _BIT_GROUP_
BL51 BANKED LINKER/LOCATER V6.22                                                      06/25/2018  15:28:32  PAGE 3


                    0020H.4   0000H.4                *** GAP ***
            DATA    0021H     004FH     UNIT         _DATA_GROUP_
            IDATA   0070H     0001H     UNIT         ?STACK

            * * * * * * *  X D A T A   M E M O R Y  * * * * * * *
            XDATA   0000H     02CCH     UNIT         ?XD?CALIBRATION
            XDATA   02CCH     0200H     UNIT         ?XD?FLASH
            XDATA   04CCH     019BH     UNIT         ?XD?ADCDRV
            XDATA   0667H     019AH     UNIT         ?XD?COMM
            XDATA   0801H     00C9H     UNIT         ?XD?SEND
            XDATA   08CAH     003FH     UNIT         ?XD?ANGAPP
            XDATA   0909H     0031H     UNIT         ?XD?SENSOR
            XDATA   093AH     0014H     UNIT         ?XD?CMDSUB
            XDATA   094EH     000DH     UNIT         ?XD?MODBUSRTU
            XDATA   095BH     0008H     UNIT         _XDATA_GROUP_
            XDATA   0963H     0004H     UNIT         ?XD?TIMER
            XDATA   0967H     0001H     UNIT         ?XD?MAIN

            * * * * * * *   C O D E   M E M O R Y   * * * * * * *
            CODE    0000H     0003H     ABSOLUTE     
            CODE    0003H     0020H     UNIT         ?PR?_SUB_INT8U2STR?SUB
            CODE    0023H     0003H     ABSOLUTE     
            CODE    0026H     0004H     UNIT         ?PR?ADC_ENABLE?ADCDRV
                    002AH     0001H                  *** GAP ***
            CODE    002BH     0003H     ABSOLUTE     
            CODE    002EH     001CH     UNIT         ?PR?SUB_SENDSYSNUM?SUB
                    004AH     0001H                  *** GAP ***
            CODE    004BH     0003H     ABSOLUTE     
            CODE    004EH     0A82H     UNIT         ?C?LIB_CODE
            CODE    0AD0H     0632H     UNIT         ?PR?_MODRTU_RDVAL?MODBUSRTU
            CODE    1102H     0510H     UNIT         ?PR?_SEND_SDEAL?SEND
            CODE    1612H     0444H     UNIT         ?PR?_MODRTU_WRVAL?MODBUSRTU
            CODE    1A56H     0200H     UNIT         ?CO?MODBUSCRC
            CODE    1C56H     01BFH     UNIT         ?CO?SEND
            CODE    1E15H     0198H     UNIT         ?PR?_RAM_CALDATA2BUF?FLASH
            CODE    1FADH     0198H     UNIT         ?PR?_SEND_RDEAL?SEND
            CODE    2145H     016EH     UNIT         ?PR?SIN?SIN
            CODE    22B3H     0144H     UNIT         ?PR?_SEND_CDEAL?SEND
            CODE    23F7H     0139H     UNIT         ?PR?_SUB_STR2INT32S?SUB
            CODE    2530H     0128H     UNIT         ?PR?ATAN?ATAN
            CODE    2658H     011FH     UNIT         ?PR?_RAM_BUF2CALDATA?FLASH
            CODE    2777H     00FCH     UNIT         ?PR?_ANG_CALCPRM?CALIBRATION
            CODE    2873H     00F3H     UNIT         ?PR?MODBUSRTU
            CODE    2966H     00EFH     UNIT         ?PR?FLASH_CALDATAINIT?FLASH
            CODE    2A55H     00E9H     UNIT         ?PR?_MODRTU_WRREG?MODBUSRTU
            CODE    2B3EH     00E4H     UNIT         ?PR?_MODRTU_RDREG?MODBUSRTU
            CODE    2C22H     00DDH     UNIT         ?PR?SEND_TIMEPROC?SEND
            CODE    2CFFH     00DBH     UNIT         ?PR?_SLIDEWINFILTER?FILTER
            CODE    2DDAH     00CDH     UNIT         ?PR?_SUB_INT32S2STR?SUB
            CODE    2EA7H     00AEH     UNIT         ?PR?ANGCALDATAINIT?CALIBRATION
            CODE    2F55H     00AEH     UNIT         ?PR?SUB
            CODE    3003H     00AAH     UNIT         ?PR?SQRT?SQRT
            CODE    30ADH     009AH     UNIT         ?PR?_ADC_XCALPROC?CMDSUB
            CODE    3147H     009AH     UNIT         ?PR?_ADC_YCALPROC?CMDSUB
            CODE    31E1H     0099H     UNIT         ?PR?_PANGCALC?ANGAPP
            CODE    327AH     008CH     UNIT         ?C_C51STARTUP
            CODE    3306H     0085H     UNIT         ?PR?_ADCFILTER?ADCDRV
BL51 BANKED LINKER/LOCATER V6.22                                                      06/25/2018  15:28:32  PAGE 4


            CODE    338BH     0085H     UNIT         ?PR?CALIBRATION
            CODE    3410H     0085H     UNIT         ?PR?FLASH
            CODE    3495H     0078H     UNIT         ?PR?COMM_ISR?COMM
            CODE    350DH     0074H     UNIT         ?PR?_SNFILTER?SENSOR
            CODE    3581H     0074H     UNIT         ?PR?_SUB_INT16U2STR?SUB
            CODE    35F5H     0071H     UNIT         ?PR?ADC_ISR?ADCDRV
            CODE    3666H     0070H     UNIT         ?PR?SEND
            CODE    36D6H     006FH     UNIT         ?PR?_STRNCMP?STRNCMP
            CODE    3745H     006DH     UNIT         ?PR?_GETANGCALCVAL?SENSOR
            CODE    37B2H     006CH     UNIT         ?PR?_ANG_CALC?SENSOR
            CODE    381EH     006BH     UNIT         ?PR?_ADC_SAVEANDSWITCH?ADCDRV
            CODE    3889H     0066H     UNIT         ?PR?CALIBINIT?CALIBRATION
            CODE    38EFH     0064H     UNIT         ?PR?SENSOR
            CODE    3953H     0063H     UNIT         ?PR?_SUB_BUFBUBBLE?SUB
            CODE    39B6H     005DH     UNIT         ?PR?_FILTER_1ST?FILTER
            CODE    3A13H     005CH     UNIT         ?PR?_SEND_UDEAL?SEND
            CODE    3A6FH     005BH     UNIT         ?PR?_FLASH_BUFWR?FLASH
            CODE    3ACAH     005AH     UNIT         ?PR?SNINIT?SENSOR
            CODE    3B24H     005AH     UNIT         ?PR?_SUB_SENDANGXCAL?SUB
            CODE    3B7EH     005AH     UNIT         ?PR?ANGINIT?ANGAPP
            CODE    3BD8H     0055H     UNIT         ?PR?_ANGCHKDIFF?CMDSUB
            CODE    3C2DH     0055H     UNIT         ?PR?ADC_XCALSTOP?CMDSUB
            CODE    3C82H     0055H     UNIT         ?PR?ADC_YCALSTOP?CMDSUB
            CODE    3CD7H     0053H     UNIT         ?PR?_SEND_WDEAL?SEND
            CODE    3D2AH     0052H     UNIT         ?PR?_FLOATTOINT?MODBUSRTU
            CODE    3D7CH     0052H     UNIT         ?PR?_STRNCPY?STRNCPY
            CODE    3DCEH     004FH     UNIT         ?PR?SUB_SENDPRMTALL?SUB
            CODE    3E1DH     004AH     UNIT         ?PR?ADCENTITYINIT?ADCDRV
            CODE    3E67H     004AH     UNIT         ?PR?GETXANGALLSETVAL?ANGAPP
            CODE    3EB1H     004AH     UNIT         ?PR?GETYANGALLSETVAL?ANGAPP
            CODE    3EFBH     0048H     UNIT         ?PR?_SN_DATAINIT?SENSOR
            CODE    3F43H     0047H     UNIT         ?PR?_SUB_SENDANGYCAL?SUB
            CODE    3F8AH     0046H     UNIT         ?CO?SUB
            CODE    3FD0H     0044H     UNIT         ?C?LDIV
            CODE    4014H     0043H     UNIT         ?PR?_COMM_GETTXCHAR?COMM
            CODE    4057H     0043H     UNIT         ?PR?_COMM_GETCHAR?COMM
            CODE    409AH     0043H     UNIT         ?PR?_FLASH_BUFRD?FLASH
            CODE    40DDH     0042H     UNIT         ?PR?SNPROC?SENSOR
            CODE    411FH     0040H     UNIT         ?PR?_COMM_PUTCHAR?COMM
            CODE    415FH     0040H     UNIT         ?PR?_SUB_UBUFSWITCH?SUB
            CODE    419FH     003FH     UNIT         ?PR?FLASHAREA_USER?FLASH
            CODE    41DEH     003DH     UNIT         ?PR?_FLASH_CALDATAUPDATE_USER?FLASH
            CODE    421BH     003DH     UNIT         ?PR?_SUB_SBUFSWITCH?SUB
            CODE    4258H     003DH     UNIT         ?PR?TIMER2_ISR?TIMER
            CODE    4295H     003CH     UNIT         ?PR?CMDSUB
            CODE    42D1H     003BH     UNIT         ?PR?ASIN?ASIN
            CODE    430CH     0039H     UNIT         ?PR?_COMM_PUTRXCHAR?COMM
            CODE    4345H     0039H     UNIT         ?PR?FLASH_CALDATAUPDATE?FLASH
            CODE    437EH     0039H     UNIT         ?PR?_MODRTU_RLYERROR?MODBUSRTU
            CODE    43B7H     0039H     UNIT         ?PR?SUB_SENDANGXYP?SUB
            CODE    43F0H     0038H     UNIT         ?PR?SUB_SENDID?SUB
            CODE    4428H     0035H     UNIT         ?PR?_MODBUSCRCCNT?MODBUSCRC
            CODE    445DH     0035H     UNIT         ?PR?_SUB_STR2INT8U?SUB
            CODE    4492H     0032H     UNIT         ?PR?_FLASHUPDATE?FLASH
            CODE    44C4H     0030H     UNIT         ?PR?_MODRTU_RXPROC?MODBUSRTU
            CODE    44F4H     002FH     UNIT         ?PR?INIT_SYSTEMPARA?INIT
            CODE    4523H     002EH     UNIT         ?PR?_MODRTU_SETZERO?MODBUSRTU
BL51 BANKED LINKER/LOCATER V6.22                                                      06/25/2018  15:28:32  PAGE 5


            CODE    4551H     002EH     UNIT         ?PR?GETANGP?ANGAPP
            CODE    457FH     002DH     UNIT         ?PR?ADC_SETINIT?ADCDRV
            CODE    45ACH     002BH     UNIT         ?PR?MAIN?MAIN
            CODE    45D7H     0029H     UNIT         ?PR?_FLASH_CHECKSUM?FLASH
            CODE    4600H     0029H     UNIT         ?PR?ANGAPP
            CODE    4629H     0028H     UNIT         ?PR?SUB_SENDANGXY?SUB
            CODE    4651H     0028H     UNIT         ?PR?TIMER2_TASKINISR?TIMER
            CODE    4679H     0027H     UNIT         ?C_INITSEG
            CODE    46A0H     0026H     UNIT         ?PR?SYS_PORTINIT?INIT
            CODE    46C6H     0025H     UNIT         ?PR?_MODRTU_WRADDR?MODBUSRTU
            CODE    46EBH     0024H     UNIT         ?PR?_VALINRANGE?FILTER
            CODE    470FH     0023H     UNIT         ?PR?_FLASH_PAGEERASE?FLASH
            CODE    4732H     0022H     UNIT         ?PR?_MODRTU_WRBAUD?MODBUSRTU
            CODE    4754H     0022H     UNIT         ?PR?_SUB_INT16S2STR?SUB
            CODE    4776H     0021H     UNIT         ?PR?_COMM_PUTSTR?COMM
            CODE    4797H     0020H     UNIT         ?PR?TIMER2_INIT?TIMER
            CODE    47B7H     001FH     UNIT         ?PR?_SETANGZERO?ANGAPP
            CODE    47D6H     001EH     UNIT         ?PR?COMM_HARDWAREINIT?COMM
            CODE    47F4H     001EH     UNIT         ?PR?_SETANGZEROADD?ANGAPP
            CODE    4812H     001CH     UNIT         ?PR?TIMER
            CODE    482EH     001BH     UNIT         ?PR?INIT_ALL?INIT
            CODE    4849H     001AH     UNIT         ?CO?ADCDRV
            CODE    4863H     0019H     UNIT         ?PR?COMM_TIMERPROC?COMM
            CODE    487CH     0019H     UNIT         ?PR?RAM_CALDATAINIT_USER?FLASH
            CODE    4895H     0019H     UNIT         ?PR?SYS_CLKINIT?INIT
            CODE    48AEH     0018H     UNIT         ?PR?_MODRTU_WR16U?MODBUSRTU
            CODE    48C6H     0017H     UNIT         ?PR?ADC_XCALSTA?CMDSUB
            CODE    48DDH     0017H     UNIT         ?PR?ADC_YCALSTA?CMDSUB
            CODE    48F4H     0017H     UNIT         ?PR?_DELAY_MS?DELAY
            CODE    490BH     0016H     UNIT         ?PR?COMM_SOFTWAREINIT?COMM
            CODE    4921H     0016H     UNIT         ?PR?_MODRTU_CHKCRC?MODBUSRTU
            CODE    4937H     0014H     UNIT         ?PR?FLASH_USERDATAUPDATE?FLASH
            CODE    494BH     0012H     UNIT         ?PR?_SETANGXCALADCVAL?CALIBRATION
            CODE    495DH     0012H     UNIT         ?PR?_SETANGYCALADCVAL?CALIBRATION
            CODE    496FH     0012H     UNIT         ?PR?TIMER2_TASKINMAIN?TIMER
            CODE    4981H     0011H     UNIT         ?PR?_ANG_WRADCVAL?CALIBRATION
            CODE    4992H     0011H     UNIT         ?PR?SUB_SENDOK?SUB
            CODE    49A3H     0011H     UNIT         ?PR?SUB_SENDERR?SUB
            CODE    49B4H     0011H     UNIT         ?PR?SUB_SENDSOFTVER?SUB
            CODE    49C5H     0010H     UNIT         ?PR?_COMM_PUTINT8U?SUB
            CODE    49D5H     000FH     UNIT         ?PR?DELAY_100US?DELAY
            CODE    49E4H     000FH     UNIT         ?PR?SNXDATAINIT?SENSOR
            CODE    49F3H     000FH     UNIT         ?PR?SNYDATAINIT?SENSOR
            CODE    4A02H     000FH     UNIT         ?PR?_SNXFILTER?SENSOR
            CODE    4A11H     000FH     UNIT         ?PR?_SNYFILTER?SENSOR
            CODE    4A20H     000EH     UNIT         ?PR?_ANG_WRANGVAL?CALIBRATION
            CODE    4A2EH     000EH     UNIT         ?PR?FLASHCHK?FLASH
            CODE    4A3CH     000EH     UNIT         ?PR?_COMM_PUTINT32S?SUB
            CODE    4A4AH     000EH     UNIT         ?PR?_COMM_PUTINT16S?SUB
            CODE    4A58H     000EH     UNIT         ?PR?_COMM_PUTINT16U?SUB
            CODE    4A66H     000DH     UNIT         ?PR?_MODRTU_RD16U?MODBUSRTU
            CODE    4A73H     000CH     UNIT         ?PR?ADC_INIT?ADCDRV
            CODE    4A7FH     000BH     UNIT         ?PR?_ANG_RDANGVAL?CALIBRATION
            CODE    4A8AH     000BH     UNIT         ?PR?_ANG_RDADCVAL?CALIBRATION
            CODE    4A95H     000BH     UNIT         ?PR?_MODRTU_WRCRC?MODBUSRTU
            CODE    4AA0H     000AH     UNIT         ?PR?DELAY_MS_?DELAY
            CODE    4AAAH     000AH     UNIT         ?PR?COMM_PUTNEWLINE?SUB
BL51 BANKED LINKER/LOCATER V6.22                                                      06/25/2018  15:28:32  PAGE 6


            CODE    4AB4H     0009H     UNIT         ?PR?ADC_GETXVAL?ADCDRV
            CODE    4ABDH     0009H     UNIT         ?PR?ADC_GETYVAL?ADCDRV
            CODE    4AC6H     0009H     UNIT         ?PR?ADC_GETTEMP?ADCDRV
            CODE    4ACFH     0009H     UNIT         ?PR?_SETANGXCALANGVAL?CALIBRATION
            CODE    4AD8H     0009H     UNIT         ?PR?_SETANGYCALANGVAL?CALIBRATION
            CODE    4AE1H     0009H     UNIT         ?PR?_MODRTU_8TO16?MODBUSRTU
            CODE    4AEAH     0009H     UNIT         ?PR?GETXFTVAL?SENSOR
            CODE    4AF3H     0009H     UNIT         ?PR?GETYFTVAL?SENSOR
            CODE    4AFCH     0009H     UNIT         ?PR?_SUB_SENDOFFSET?SUB
            CODE    4B05H     0008H     UNIT         ?PR?ADCDRV
            CODE    4B0DH     0008H     UNIT         ?PR?_SETANGCALCNT?CALIBRATION
            CODE    4B15H     0007H     UNIT         ?PR?_GETANGXCALANGVAL?CALIBRATION
            CODE    4B1CH     0007H     UNIT         ?PR?_GETANGYCALANGVAL?CALIBRATION
            CODE    4B23H     0007H     UNIT         ?PR?_GETANGXCALADCVAL?CALIBRATION
            CODE    4B2AH     0007H     UNIT         ?PR?_GETANGYCALADCVAL?CALIBRATION
            CODE    4B31H     0007H     UNIT         ?PR?COMM
            CODE    4B38H     0007H     UNIT         ?PR?GETXANG?SENSOR
            CODE    4B3FH     0007H     UNIT         ?PR?GETYANG?SENSOR
            CODE    4B46H     0007H     UNIT         ?PR?GETANGXSYSZERO?ANGAPP
            CODE    4B4DH     0007H     UNIT         ?PR?GETANGYSYSZERO?ANGAPP
            CODE    4B54H     0007H     UNIT         ?PR?GETANGXUSRZERO?ANGAPP
            CODE    4B5BH     0007H     UNIT         ?PR?GETANGYUSRZERO?ANGAPP
            CODE    4B62H     0007H     UNIT         ?PR?GETANGXINST?ANGAPP
            CODE    4B69H     0007H     UNIT         ?PR?GETANGYINST?ANGAPP
            CODE    4B70H     0007H     UNIT         ?PR?GETANGXZEROUSR?ANGAPP
            CODE    4B77H     0007H     UNIT         ?PR?GETANGYZEROUSR?ANGAPP
            CODE    4B7EH     0007H     UNIT         ?PR?GETANGXRELSYS?ANGAPP
            CODE    4B85H     0007H     UNIT         ?PR?GETANGYRELSYS?ANGAPP
            CODE    4B8CH     0006H     UNIT         ?PR?GETANGXCALCNT?CALIBRATION
            CODE    4B92H     0006H     UNIT         ?PR?GETANGYCALCNT?CALIBRATION
            CODE    4B98H     0006H     UNIT         ?PR?_SETANGXCALCNT?CALIBRATION
            CODE    4B9EH     0006H     UNIT         ?PR?_SETANGYCALCNT?CALIBRATION
            CODE    4BA4H     0006H     UNIT         ?PR?ANGXCALCPRM?CALIBRATION
            CODE    4BAAH     0006H     UNIT         ?PR?ANGYCALCPRM?CALIBRATION
            CODE    4BB0H     0006H     UNIT         ?PR?COMM_SENDSTA?COMM
            CODE    4BB6H     0006H     UNIT         ?PR?ANGXCALC?SENSOR
            CODE    4BBCH     0006H     UNIT         ?PR?ANGYCALC?SENSOR
            CODE    4BC2H     0006H     UNIT         ?PR?GETFILTERCNT?SENSOR
            CODE    4BC8H     0006H     UNIT         ?PR?_SETFILTERCNT?SENSOR
            CODE    4BCEH     0006H     UNIT         ?PR?_SETANGXSYSZERO?ANGAPP
            CODE    4BD4H     0006H     UNIT         ?PR?_SETANGYSYSZERO?ANGAPP
            CODE    4BDAH     0006H     UNIT         ?PR?_SETANGXUSRZERO?ANGAPP
            CODE    4BE0H     0006H     UNIT         ?PR?_SETANGYUSRZERO?ANGAPP
            CODE    4BE6H     0006H     UNIT         ?PR?_SETANGXINST?ANGAPP
            CODE    4BECH     0006H     UNIT         ?PR?_SETANGYINST?ANGAPP
            CODE    4BF2H     0004H     UNIT         ?PR?ADC_VREFINIT?ADCDRV
            CODE    4BF6H     0004H     UNIT         ?PR?ADC_ISRINIT?ADCDRV
            CODE    4BFAH     0004H     UNIT         ?PR?_ANG_SETCALCNT?CALIBRATION
            CODE    4BFEH     0004H     UNIT         ?PR?COMM_SENDSTOP?COMM
            CODE    4C02H     0004H     UNIT         ?PR?GET_MCUTEMP?SENSOR
            CODE    4C06H     0003H     UNIT         ?PR?RAM_CALDATAINIT?FLASH



OVERLAY MAP OF MODULE:   .\obj\WTAL (?C_STARTUP)


BL51 BANKED LINKER/LOCATER V6.22                                                      06/25/2018  15:28:32  PAGE 7


SEGMENT                                        BIT_GROUP          DATA_GROUP          XDATA_GROUP
  +--> CALLED SEGMENT                       START    LENGTH     START    LENGTH     START    LENGTH
---------------------------------------------------------------------------------------------------
?C_C51STARTUP                               -----    -----      -----    -----      -----    -----
  +--> ?PR?MAIN?MAIN
  +--> ?C_INITSEG

?PR?MAIN?MAIN                               -----    -----      -----    -----      -----    -----
  +--> ?PR?INIT_ALL?INIT
  +--> ?PR?FLASH_CALDATAINIT?FLASH
  +--> ?PR?_DELAY_MS?DELAY
  +--> ?PR?SNPROC?SENSOR
  +--> ?PR?TIMER2_TASKINMAIN?TIMER
  +--> ?PR?SEND_TIMEPROC?SEND

?PR?INIT_ALL?INIT                           -----    -----      -----    -----      -----    -----
  +--> ?PR?SYS_PORTINIT?INIT
  +--> ?PR?SYS_CLKINIT?INIT
  +--> ?PR?COMM_HARDWAREINIT?COMM
  +--> ?PR?COMM_SOFTWAREINIT?COMM
  +--> ?PR?TIMER2_INIT?TIMER
  +--> ?PR?INIT_SYSTEMPARA?INIT
  +--> ?PR?ANGINIT?ANGAPP
  +--> ?PR?ADC_INIT?ADCDRV
  +--> ?PR?ADC_ENABLE?ADCDRV

?PR?TIMER2_INIT?TIMER                       -----    -----      -----    -----      -----    -----
  +--> ?PR?TIMER

?PR?TIMER                                   -----    -----      -----    -----      -----    -----
  +--> ?CO?SEND

?PR?INIT_SYSTEMPARA?INIT                    -----    -----      -----    -----      -----    -----
  +--> ?CO?SEND

?PR?ANGINIT?ANGAPP                          -----    -----      -----    -----      -----    -----
  +--> ?PR?SNINIT?SENSOR
  +--> ?PR?ANGAPP
  +--> ?PR?_SETANGXINST?ANGAPP
  +--> ?PR?_SETANGYINST?ANGAPP
  +--> ?PR?_SETANGXSYSZERO?ANGAPP
  +--> ?PR?_SETANGYSYSZERO?ANGAPP
  +--> ?PR?_SETANGXUSRZERO?ANGAPP
  +--> ?PR?_SETANGYUSRZERO?ANGAPP

?PR?SNINIT?SENSOR                           -----    -----      -----    -----      -----    -----
  +--> ?PR?CALIBINIT?CALIBRATION
  +--> ?PR?_SETFILTERCNT?SENSOR
  +--> ?PR?SNXDATAINIT?SENSOR
  +--> ?PR?_SNXFILTER?SENSOR
  +--> ?PR?ANGXCALC?SENSOR
  +--> ?PR?SNYDATAINIT?SENSOR
  +--> ?PR?_SNYFILTER?SENSOR
  +--> ?PR?ANGYCALC?SENSOR

?PR?CALIBINIT?CALIBRATION                   -----    -----      -----    -----      -----    -----
  +--> ?PR?_SETANGXCALCNT?CALIBRATION
BL51 BANKED LINKER/LOCATER V6.22                                                      06/25/2018  15:28:32  PAGE 8


  +--> ?PR?_GETANGXCALANGVAL?CALIBRATION
  +--> ?PR?_GETANGXCALADCVAL?CALIBRATION
  +--> ?PR?_SETANGXCALANGVAL?CALIBRATION
  +--> ?PR?_SETANGXCALADCVAL?CALIBRATION
  +--> ?PR?_SETANGYCALCNT?CALIBRATION
  +--> ?PR?_GETANGYCALANGVAL?CALIBRATION
  +--> ?PR?_GETANGYCALADCVAL?CALIBRATION
  +--> ?PR?_SETANGYCALANGVAL?CALIBRATION
  +--> ?PR?_SETANGYCALADCVAL?CALIBRATION

?PR?_SETANGXCALCNT?CALIBRATION              -----    -----      -----    -----      -----    -----
  +--> ?PR?CALIBRATION
  +--> ?PR?_ANG_SETCALCNT?CALIBRATION

?PR?_GETANGXCALANGVAL?CALIBRATION           -----    -----      -----    -----      -----    -----
  +--> ?PR?CALIBRATION
  +--> ?PR?_ANG_RDANGVAL?CALIBRATION

?PR?_ANG_RDANGVAL?CALIBRATION               -----    -----      -----    -----      -----    -----
  +--> ?PR?CALIBRATION

?PR?_GETANGXCALADCVAL?CALIBRATION           -----    -----      -----    -----      -----    -----
  +--> ?PR?CALIBRATION
  +--> ?PR?_ANG_RDADCVAL?CALIBRATION

?PR?_ANG_RDADCVAL?CALIBRATION               -----    -----      -----    -----      -----    -----
  +--> ?PR?CALIBRATION

?PR?_SETANGXCALANGVAL?CALIBRATION           -----    -----      0039H    0005H      -----    -----
  +--> ?PR?CALIBRATION
  +--> ?PR?_ANG_WRANGVAL?CALIBRATION

?PR?_ANG_WRANGVAL?CALIBRATION               -----    -----      003EH    0008H      -----    -----

?PR?_SETANGXCALADCVAL?CALIBRATION           -----    -----      -----    -----      -----    -----
  +--> ?PR?CALIBRATION
  +--> ?PR?_ANG_WRADCVAL?CALIBRATION

?PR?_ANG_WRADCVAL?CALIBRATION               -----    -----      0039H    0006H      -----    -----

?PR?_SETANGYCALCNT?CALIBRATION              -----    -----      -----    -----      -----    -----
  +--> ?PR?CALIBRATION
  +--> ?PR?_ANG_SETCALCNT?CALIBRATION

?PR?_GETANGYCALANGVAL?CALIBRATION           -----    -----      -----    -----      -----    -----
  +--> ?PR?CALIBRATION
  +--> ?PR?_ANG_RDANGVAL?CALIBRATION

?PR?_GETANGYCALADCVAL?CALIBRATION           -----    -----      -----    -----      -----    -----
  +--> ?PR?CALIBRATION
  +--> ?PR?_ANG_RDADCVAL?CALIBRATION

?PR?_SETANGYCALANGVAL?CALIBRATION           -----    -----      0039H    0005H      -----    -----
  +--> ?PR?CALIBRATION
  +--> ?PR?_ANG_WRANGVAL?CALIBRATION

?PR?_SETANGYCALADCVAL?CALIBRATION           -----    -----      -----    -----      -----    -----
BL51 BANKED LINKER/LOCATER V6.22                                                      06/25/2018  15:28:32  PAGE 9


  +--> ?PR?CALIBRATION
  +--> ?PR?_ANG_WRADCVAL?CALIBRATION

?PR?SNXDATAINIT?SENSOR                      -----    -----      -----    -----      -----    -----
  +--> ?PR?SENSOR
  +--> ?PR?_SN_DATAINIT?SENSOR

?PR?_SN_DATAINIT?SENSOR                     -----    -----      0021H    0006H      -----    -----

?PR?_SNXFILTER?SENSOR                       -----    -----      -----    -----      -----    -----
  +--> ?PR?SENSOR
  +--> ?PR?_SNFILTER?SENSOR

?PR?_SNFILTER?SENSOR                        -----    -----      0021H    0006H      -----    -----
  +--> ?PR?_VALINRANGE?FILTER
  +--> ?PR?SENSOR
  +--> ?PR?_FILTER_1ST?FILTER

?PR?_FILTER_1ST?FILTER                      -----    -----      0027H    0007H      -----    -----

?PR?ANGXCALC?SENSOR                         -----    -----      -----    -----      -----    -----
  +--> ?PR?SENSOR
  +--> ?PR?_ANG_CALC?SENSOR

?PR?_ANG_CALC?SENSOR                        -----    -----      0021H    0007H      -----    -----
  +--> ?PR?_GETANGCALCVAL?SENSOR
  +--> ?PR?SENSOR
  +--> ?PR?ASIN?ASIN

?PR?_GETANGCALCVAL?SENSOR                   -----    -----      0028H    0006H      -----    -----
  +--> ?PR?SENSOR

?PR?ASIN?ASIN                               -----    -----      -----    -----      -----    -----
  +--> ?PR?SQRT?SQRT
  +--> ?PR?ATAN?ATAN

?PR?SQRT?SQRT                               -----    -----      004AH    0004H      -----    -----

?PR?ATAN?ATAN                               0020H.2  0000H.2    004AH    0004H      -----    -----

?PR?SNYDATAINIT?SENSOR                      -----    -----      -----    -----      -----    -----
  +--> ?PR?SENSOR
  +--> ?PR?_SN_DATAINIT?SENSOR

?PR?_SNYFILTER?SENSOR                       -----    -----      -----    -----      -----    -----
  +--> ?PR?SENSOR
  +--> ?PR?_SNFILTER?SENSOR

?PR?ANGYCALC?SENSOR                         -----    -----      -----    -----      -----    -----
  +--> ?PR?SENSOR
  +--> ?PR?_ANG_CALC?SENSOR

?PR?ADC_INIT?ADCDRV                         -----    -----      -----    -----      -----    -----
  +--> ?PR?ADC_SETINIT?ADCDRV
  +--> ?PR?ADC_VREFINIT?ADCDRV
  +--> ?PR?ADC_ISRINIT?ADCDRV
  +--> ?PR?ADCENTITYINIT?ADCDRV
BL51 BANKED LINKER/LOCATER V6.22                                                      06/25/2018  15:28:32  PAGE 10



?PR?FLASH_CALDATAINIT?FLASH                 -----    -----      0021H    0001H      -----    -----
  +--> ?PR?FLASH
  +--> ?PR?RAM_CALDATAINIT?FLASH
  +--> ?PR?FLASH_CALDATAUPDATE?FLASH
  +--> ?PR?_RAM_BUF2CALDATA?FLASH
  +--> ?PR?_FLASH_CHECKSUM?FLASH
  +--> ?PR?FLASHAREA_USER?FLASH
  +--> ?PR?_FLASH_BUFRD?FLASH
  +--> ?PR?FLASHCHK?FLASH
  +--> ?PR?_FLASH_CALDATAUPDATE_USER?FLASH
  +--> ?PR?GETANGXCALCNT?CALIBRATION
  +--> ?PR?GETANGYCALCNT?CALIBRATION
  +--> ?PR?ADC_XCALSTOP?CMDSUB
  +--> ?PR?ADC_YCALSTOP?CMDSUB
  +--> ?CO?SEND

?PR?RAM_CALDATAINIT?FLASH                   -----    -----      -----    -----      -----    -----
  +--> ?PR?ANGCALDATAINIT?CALIBRATION

?PR?ANGCALDATAINIT?CALIBRATION              -----    -----      -----    -----      -----    -----
  +--> ?PR?_SETANGCALCNT?CALIBRATION
  +--> ?PR?CALIBRATION

?PR?_SETANGCALCNT?CALIBRATION               -----    -----      -----    -----      -----    -----
  +--> ?PR?_SETANGXCALCNT?CALIBRATION
  +--> ?PR?_SETANGYCALCNT?CALIBRATION

?PR?FLASH_CALDATAUPDATE?FLASH               -----    -----      -----    -----      -----    -----
  +--> ?PR?_FLASHUPDATE?FLASH
  +--> ?PR?_RAM_CALDATA2BUF?FLASH

?PR?_FLASHUPDATE?FLASH                      0020H.2  0000H.1    0042H    0007H      -----    -----
  +--> ?PR?_FLASH_PAGEERASE?FLASH
  +--> ?PR?_DELAY_MS?DELAY
  +--> ?PR?_FLASH_BUFWR?FLASH

?PR?_FLASH_PAGEERASE?FLASH                  0020H.3  0000H.1    -----    -----      -----    -----
  +--> ?PR?FLASH

?PR?_DELAY_MS?DELAY                         -----    -----      -----    -----      -----    -----
  +--> ?PR?DELAY_MS_?DELAY

?PR?DELAY_MS_?DELAY                         -----    -----      -----    -----      -----    -----
  +--> ?PR?DELAY_100US?DELAY

?PR?_FLASH_BUFWR?FLASH                      0020H.3  0000H.1    0049H    000BH      -----    -----
  +--> ?PR?FLASH

?PR?_RAM_CALDATA2BUF?FLASH                  -----    -----      0042H    0006H      -----    -----
  +--> ?PR?_GETANGXCALANGVAL?CALIBRATION
  +--> ?PR?FLASH
  +--> ?PR?_GETANGYCALANGVAL?CALIBRATION
  +--> ?PR?_GETANGXCALADCVAL?CALIBRATION
  +--> ?PR?_GETANGYCALADCVAL?CALIBRATION
  +--> ?PR?GETANGXCALCNT?CALIBRATION
  +--> ?PR?GETANGXSYSZERO?ANGAPP
BL51 BANKED LINKER/LOCATER V6.22                                                      06/25/2018  15:28:32  PAGE 11


  +--> ?PR?GETANGYSYSZERO?ANGAPP
  +--> ?PR?GETFILTERCNT?SENSOR
  +--> ?PR?GETANGXUSRZERO?ANGAPP
  +--> ?PR?GETANGYUSRZERO?ANGAPP
  +--> ?PR?GETANGXINST?ANGAPP
  +--> ?PR?GETANGYINST?ANGAPP
  +--> ?PR?_FLASH_CHECKSUM?FLASH

?PR?_FLASH_CHECKSUM?FLASH                   -----    -----      0048H    0005H      -----    -----
  +--> ?PR?FLASH

?PR?_RAM_BUF2CALDATA?FLASH                  -----    -----      0022H    0004H      -----    -----
  +--> ?PR?FLASH
  +--> ?PR?_SETANGXCALANGVAL?CALIBRATION
  +--> ?PR?_SETANGYCALANGVAL?CALIBRATION
  +--> ?PR?_SETANGXCALADCVAL?CALIBRATION
  +--> ?PR?_SETANGYCALADCVAL?CALIBRATION
  +--> ?PR?_SETANGCALCNT?CALIBRATION
  +--> ?PR?_SETFILTERCNT?SENSOR
  +--> ?PR?_SETANGXUSRZERO?ANGAPP
  +--> ?PR?_SETANGYUSRZERO?ANGAPP
  +--> ?PR?_SETANGXINST?ANGAPP
  +--> ?PR?_SETANGYINST?ANGAPP

?PR?FLASHAREA_USER?FLASH                    -----    -----      -----    -----      -----    -----
  +--> ?PR?FLASH
  +--> ?PR?_FLASH_BUFRD?FLASH
  +--> ?PR?FLASHCHK?FLASH
  +--> ?PR?_FLASH_CHECKSUM?FLASH
  +--> ?PR?RAM_CALDATAINIT_USER?FLASH
  +--> ?PR?_FLASH_CALDATAUPDATE_USER?FLASH
  +--> ?PR?_RAM_BUF2CALDATA?FLASH

?PR?_FLASH_BUFRD?FLASH                      0020H.2  0000H.1    0022H    0009H      -----    -----
  +--> ?PR?FLASH

?PR?RAM_CALDATAINIT_USER?FLASH              -----    -----      -----    -----      -----    -----
  +--> ?PR?_SETANGXUSRZERO?ANGAPP
  +--> ?PR?_SETANGYUSRZERO?ANGAPP
  +--> ?PR?INIT_SYSTEMPARA?INIT

?PR?_FLASH_CALDATAUPDATE_USER?FLASH         -----    -----      0039H    0009H      -----    -----
  +--> ?PR?_RAM_CALDATA2BUF?FLASH
  +--> ?PR?_FLASHUPDATE?FLASH

?PR?ADC_XCALSTOP?CMDSUB                     -----    -----      002BH    0001H      -----    -----
  +--> ?PR?CMDSUB
  +--> ?PR?_SUB_BUFBUBBLE?SUB
  +--> ?PR?ANGXCALCPRM?CALIBRATION

?PR?_SUB_BUFBUBBLE?SUB                      -----    -----      002CH    0009H      -----    -----
  +--> ?PR?SUB
  +--> ?PR?_SUB_SBUFSWITCH?SUB
  +--> ?PR?_SUB_UBUFSWITCH?SUB

?PR?_SUB_SBUFSWITCH?SUB                     -----    -----      0035H    0009H      -----    -----
  +--> ?PR?SUB
BL51 BANKED LINKER/LOCATER V6.22                                                      06/25/2018  15:28:32  PAGE 12



?PR?_SUB_UBUFSWITCH?SUB                     -----    -----      0035H    0007H      -----    -----
  +--> ?PR?SUB

?PR?ANGXCALCPRM?CALIBRATION                 -----    -----      -----    -----      -----    -----
  +--> ?PR?CALIBRATION
  +--> ?PR?_ANG_CALCPRM?CALIBRATION

?PR?_ANG_CALCPRM?CALIBRATION                -----    -----      002CH    000CH      -----    -----
  +--> ?PR?CALIBRATION
  +--> ?PR?SIN?SIN

?PR?SIN?SIN                                 0020H.2  0000H.1    004AH    0004H      -----    -----

?PR?ADC_YCALSTOP?CMDSUB                     -----    -----      002BH    0001H      -----    -----
  +--> ?PR?CMDSUB
  +--> ?PR?_SUB_BUFBUBBLE?SUB
  +--> ?PR?ANGYCALCPRM?CALIBRATION

?PR?ANGYCALCPRM?CALIBRATION                 -----    -----      -----    -----      -----    -----
  +--> ?PR?CALIBRATION
  +--> ?PR?_ANG_CALCPRM?CALIBRATION

?PR?SNPROC?SENSOR                           -----    -----      -----    -----      -----    -----
  +--> ?PR?ADC_GETXVAL?ADCDRV
  +--> ?PR?SENSOR
  +--> ?PR?ADC_GETYVAL?ADCDRV

?PR?TIMER2_TASKINMAIN?TIMER                 -----    -----      -----    -----      -----    -----
  +--> ?PR?SUB_SENDANGXY?SUB

?PR?SUB_SENDANGXY?SUB                       -----    -----      -----    -----      -----    -----
  +--> ?CO?SUB
  +--> ?PR?_COMM_PUTSTR?COMM
  +--> ?PR?GETXANGALLSETVAL?ANGAPP
  +--> ?PR?_COMM_PUTINT32S?SUB
  +--> ?PR?GETYANGALLSETVAL?ANGAPP
  +--> ?PR?COMM_PUTNEWLINE?SUB
  +--> ?PR?COMM_SENDSTA?COMM

?PR?_COMM_PUTSTR?COMM                       -----    -----      0035H    0003H      -----    -----
  +--> ?PR?_COMM_PUTCHAR?COMM

?PR?GETXANGALLSETVAL?ANGAPP                 -----    -----      003AH    0004H      -----    -----
  +--> ?PR?GETXANG?SENSOR
  +--> ?PR?_SETANGZEROADD?ANGAPP
  +--> ?PR?_SETANGZERO?ANGAPP

?PR?_SETANGZEROADD?ANGAPP                   -----    -----      003EH    0004H      -----    -----

?PR?_SETANGZERO?ANGAPP                      -----    -----      003EH    0004H      -----    -----

?PR?_COMM_PUTINT32S?SUB                     -----    -----      -----    -----      -----    -----
  +--> ?PR?SUB
  +--> ?PR?_SUB_INT32S2STR?SUB
  +--> ?PR?_COMM_PUTSTR?COMM

BL51 BANKED LINKER/LOCATER V6.22                                                      06/25/2018  15:28:32  PAGE 13


?PR?_SUB_INT32S2STR?SUB                     -----    -----      002BH    0007H      -----    -----
  +--> ?PR?SUB

?PR?GETYANGALLSETVAL?ANGAPP                 -----    -----      003AH    0004H      -----    -----
  +--> ?PR?GETYANG?SENSOR
  +--> ?PR?_SETANGZEROADD?ANGAPP
  +--> ?PR?_SETANGZERO?ANGAPP

?PR?COMM_PUTNEWLINE?SUB                     -----    -----      -----    -----      -----    -----
  +--> ?PR?_COMM_PUTCHAR?COMM

?PR?SEND_TIMEPROC?SEND                      -----    -----      -----    -----      -----    -----
  +--> ?PR?_COMM_GETCHAR?COMM
  +--> ?PR?SEND
  +--> ?PR?_MODRTU_RXPROC?MODBUSRTU
  +--> ?PR?_SEND_RDEAL?SEND
  +--> ?PR?_SEND_CDEAL?SEND
  +--> ?PR?_SEND_SDEAL?SEND
  +--> ?PR?_SEND_UDEAL?SEND
  +--> ?PR?_SEND_WDEAL?SEND

?PR?_COMM_GETCHAR?COMM                      -----    -----      -----    -----      -----    -----
  +--> ?PR?COMM

?PR?_MODRTU_RXPROC?MODBUSRTU                -----    -----      0021H    0004H      -----    -----
  +--> ?PR?_MODRTU_CHKCRC?MODBUSRTU
  +--> ?PR?MODBUSRTU
  +--> ?PR?_MODRTU_RDREG?MODBUSRTU
  +--> ?PR?_MODRTU_WRREG?MODBUSRTU
  +--> ?PR?_MODRTU_RLYERROR?MODBUSRTU

?PR?_MODRTU_CHKCRC?MODBUSRTU                -----    -----      -----    -----      -----    -----
  +--> ?PR?_MODBUSCRCCNT?MODBUSCRC

?PR?_MODBUSCRCCNT?MODBUSCRC                 -----    -----      0035H    0003H      -----    -----
  +--> ?CO?MODBUSCRC

?PR?_MODRTU_RDREG?MODBUSRTU                 -----    -----      0025H    000DH      -----    -----
  +--> ?PR?_MODRTU_8TO16?MODBUSRTU
  +--> ?PR?_MODRTU_RDVAL?MODBUSRTU
  +--> ?PR?MODBUSRTU
  +--> ?PR?_MODRTU_RLYERROR?MODBUSRTU
  +--> ?PR?_MODBUSCRCCNT?MODBUSCRC
  +--> ?PR?_MODRTU_WRCRC?MODBUSRTU
  +--> ?PR?_COMM_PUTSTR?COMM
  +--> ?PR?COMM_SENDSTA?COMM

?PR?_MODRTU_8TO16?MODBUSRTU                 -----    -----      -----    -----      -----    -----
  +--> ?PR?MODBUSRTU

?PR?_MODRTU_RDVAL?MODBUSRTU                 -----    -----      0032H    0008H      095BH    0004H
  +--> ?PR?GETXANGALLSETVAL?ANGAPP
  +--> ?PR?GETYANGALLSETVAL?ANGAPP
  +--> ?PR?GETANGP?ANGAPP
  +--> ?PR?GETANGXINST?ANGAPP
  +--> ?PR?GETANGYINST?ANGAPP
  +--> ?PR?MODBUSRTU
BL51 BANKED LINKER/LOCATER V6.22                                                      06/25/2018  15:28:32  PAGE 14


  +--> ?PR?GET_MCUTEMP?SENSOR
  +--> ?PR?GETXFTVAL?SENSOR
  +--> ?PR?_GETANGXCALADCVAL?CALIBRATION
  +--> ?PR?_GETANGYCALADCVAL?CALIBRATION
  +--> ?PR?GETYFTVAL?SENSOR
  +--> ?PR?GETXANG?SENSOR
  +--> ?PR?GETYANG?SENSOR
  +--> ?PR?GETANGXRELSYS?ANGAPP
  +--> ?PR?GETANGYRELSYS?ANGAPP
  +--> ?PR?GETANGXZEROUSR?ANGAPP
  +--> ?PR?GETANGYZEROUSR?ANGAPP
  +--> ?PR?GETANGXSYSZERO?ANGAPP
  +--> ?PR?GETANGYSYSZERO?ANGAPP
  +--> ?PR?GETANGXUSRZERO?ANGAPP
  +--> ?PR?GETANGYUSRZERO?ANGAPP
  +--> ?PR?_FLOATTOINT?MODBUSRTU
  +--> ?PR?GETFILTERCNT?SENSOR
  +--> ?PR?_MODRTU_RD16U?MODBUSRTU
  +--> ?PR?_GETANGXCALANGVAL?CALIBRATION
  +--> ?PR?_GETANGYCALANGVAL?CALIBRATION

?PR?GETANGP?ANGAPP                          -----    -----      -----    -----      -----    -----
  +--> ?PR?GETXANGALLSETVAL?ANGAPP
  +--> ?PR?GETYANGALLSETVAL?ANGAPP
  +--> ?PR?_PANGCALC?ANGAPP

?PR?_PANGCALC?ANGAPP                        -----    -----      003AH    0010H      -----    -----
  +--> ?PR?ANGAPP
  +--> ?PR?SIN?SIN
  +--> ?PR?SQRT?SQRT
  +--> ?PR?ASIN?ASIN

?PR?GET_MCUTEMP?SENSOR                      -----    -----      -----    -----      -----    -----
  +--> ?PR?ADC_GETTEMP?ADCDRV

?PR?_FLOATTOINT?MODBUSRTU                   -----    -----      003AH    000CH      -----    -----
  +--> ?PR?MODBUSRTU

?PR?_MODRTU_RLYERROR?MODBUSRTU              -----    -----      0032H    0003H      -----    -----
  +--> ?PR?MODBUSRTU
  +--> ?PR?_MODBUSCRCCNT?MODBUSCRC
  +--> ?PR?_COMM_PUTSTR?COMM
  +--> ?PR?COMM_SENDSTA?COMM

?PR?_MODRTU_WRREG?MODBUSRTU                 -----    -----      0025H    000CH      -----    -----
  +--> ?PR?_MODRTU_8TO16?MODBUSRTU
  +--> ?PR?MODBUSRTU
  +--> ?PR?_MODRTU_WRVAL?MODBUSRTU
  +--> ?PR?_MODRTU_RLYERROR?MODBUSRTU
  +--> ?PR?_MODBUSCRCCNT?MODBUSCRC
  +--> ?PR?_MODRTU_WRCRC?MODBUSRTU
  +--> ?PR?_COMM_PUTSTR?COMM
  +--> ?PR?COMM_SENDSTA?COMM
  +--> ?PR?FLASH_USERDATAUPDATE?FLASH

?PR?_MODRTU_WRVAL?MODBUSRTU                 -----    -----      0031H    0008H      095BH    0008H
  +--> ?PR?MODBUSRTU
BL51 BANKED LINKER/LOCATER V6.22                                                      06/25/2018  15:28:32  PAGE 15


  +--> ?PR?_MODRTU_WR16U?MODBUSRTU
  +--> ?PR?_SETANGXINST?ANGAPP
  +--> ?PR?_SETANGYINST?ANGAPP
  +--> ?PR?_MODRTU_SETZERO?MODBUSRTU
  +--> ?PR?_MODRTU_WRADDR?MODBUSRTU
  +--> ?PR?_MODRTU_WRBAUD?MODBUSRTU
  +--> ?PR?GETANGXRELSYS?ANGAPP
  +--> ?PR?_SETANGXUSRZERO?ANGAPP
  +--> ?PR?FLASH_USERDATAUPDATE?FLASH
  +--> ?PR?_SETANGCALCNT?CALIBRATION
  +--> ?PR?GETANGXCALCNT?CALIBRATION
  +--> ?PR?_SETANGXCALANGVAL?CALIBRATION
  +--> ?PR?GETXFTVAL?SENSOR
  +--> ?PR?_SETANGXCALADCVAL?CALIBRATION
  +--> ?PR?_SETANGYCALANGVAL?CALIBRATION
  +--> ?PR?GETYFTVAL?SENSOR
  +--> ?PR?_SETANGYCALADCVAL?CALIBRATION
  +--> ?PR?FLASH_CALDATAUPDATE?FLASH
  +--> ?PR?GETXANG?SENSOR
  +--> ?PR?_SETANGXSYSZERO?ANGAPP
  +--> ?PR?GETYANG?SENSOR
  +--> ?PR?_SETANGYSYSZERO?ANGAPP
  +--> ?PR?GETANGYRELSYS?ANGAPP
  +--> ?PR?_SETANGYUSRZERO?ANGAPP
  +--> ?PR?_SETFILTERCNT?SENSOR

?PR?_MODRTU_WR16U?MODBUSRTU                 -----    -----      -----    -----      -----    -----
  +--> ?PR?MODBUSRTU

?PR?_MODRTU_SETZERO?MODBUSRTU               -----    -----      0039H    0002H      -----    -----
  +--> ?PR?_MODRTU_8TO16?MODBUSRTU
  +--> ?PR?GETANGXRELSYS?ANGAPP
  +--> ?PR?_SETANGXUSRZERO?ANGAPP
  +--> ?PR?GETANGYRELSYS?ANGAPP
  +--> ?PR?MODBUSRTU
  +--> ?PR?_SETANGYUSRZERO?ANGAPP

?PR?_MODRTU_WRADDR?MODBUSRTU                -----    -----      -----    -----      -----    -----
  +--> ?PR?MODBUSRTU

?PR?_MODRTU_WRBAUD?MODBUSRTU                -----    -----      -----    -----      -----    -----
  +--> ?PR?MODBUSRTU

?PR?FLASH_USERDATAUPDATE?FLASH              -----    -----      -----    -----      -----    -----
  +--> ?PR?FLASH
  +--> ?PR?_FLASH_CALDATAUPDATE_USER?FLASH

?PR?_SEND_RDEAL?SEND                        -----    -----      0021H    0005H      -----    -----
  +--> ?CO?SEND
  +--> ?PR?SEND
  +--> ?PR?_STRNCMP?STRNCMP
  +--> ?PR?SUB_SENDPRMTALL?SUB
  +--> ?PR?SUB_SENDANGXYP?SUB
  +--> ?PR?SUB_SENDANGXY?SUB
  +--> ?PR?SUB_SENDSOFTVER?SUB
  +--> ?PR?SUB_SENDSYSNUM?SUB
  +--> ?PR?SUB_SENDID?SUB
BL51 BANKED LINKER/LOCATER V6.22                                                      06/25/2018  15:28:32  PAGE 16


  +--> ?PR?_COMM_PUTSTR?COMM
  +--> ?PR?GETANGXINST?ANGAPP
  +--> ?PR?GETANGYINST?ANGAPP
  +--> ?PR?_SUB_SENDOFFSET?SUB
  +--> ?PR?_SUB_SENDANGXCAL?SUB
  +--> ?PR?_SUB_SENDANGYCAL?SUB
  +--> ?PR?SUB_SENDERR?SUB
  +--> ?PR?_SUB_STR2INT8U?SUB

?PR?_STRNCMP?STRNCMP                        -----    -----      002BH    0008H      -----    -----

?PR?SUB_SENDPRMTALL?SUB                     -----    -----      -----    -----      -----    -----
  +--> ?CO?SUB
  +--> ?PR?_COMM_PUTSTR?COMM
  +--> ?PR?GET_MCUTEMP?SENSOR
  +--> ?PR?_COMM_PUTINT16U?SUB
  +--> ?PR?GETXFTVAL?SENSOR
  +--> ?PR?_COMM_PUTCHAR?COMM
  +--> ?PR?GETXANG?SENSOR
  +--> ?PR?_COMM_PUTINT32S?SUB
  +--> ?PR?GETYFTVAL?SENSOR
  +--> ?PR?GETYANG?SENSOR
  +--> ?PR?COMM_PUTNEWLINE?SUB
  +--> ?PR?COMM_SENDSTA?COMM

?PR?_COMM_PUTINT16U?SUB                     -----    -----      -----    -----      -----    -----
  +--> ?PR?SUB
  +--> ?PR?_SUB_INT16U2STR?SUB
  +--> ?PR?_COMM_PUTSTR?COMM

?PR?_SUB_INT16U2STR?SUB                     -----    -----      002BH    0005H      -----    -----
  +--> ?PR?SUB

?PR?SUB_SENDANGXYP?SUB                      -----    -----      -----    -----      -----    -----
  +--> ?CO?SUB
  +--> ?PR?_COMM_PUTSTR?COMM
  +--> ?PR?GETXANGALLSETVAL?ANGAPP
  +--> ?PR?_COMM_PUTINT32S?SUB
  +--> ?PR?GETYANGALLSETVAL?ANGAPP
  +--> ?PR?GETANGP?ANGAPP
  +--> ?PR?COMM_PUTNEWLINE?SUB
  +--> ?PR?COMM_SENDSTA?COMM

?PR?SUB_SENDSOFTVER?SUB                     -----    -----      -----    -----      -----    -----
  +--> ?CO?SUB
  +--> ?PR?_COMM_PUTSTR?COMM
  +--> ?PR?COMM_PUTNEWLINE?SUB
  +--> ?PR?COMM_SENDSTA?COMM

?PR?SUB_SENDSYSNUM?SUB                      -----    -----      -----    -----      -----    -----
  +--> ?CO?SUB
  +--> ?PR?_COMM_PUTSTR?COMM
  +--> ?PR?COMM_PUTNEWLINE?SUB
  +--> ?PR?COMM_SENDSTA?COMM

?PR?SUB_SENDID?SUB                          -----    -----      -----    -----      -----    -----
  +--> ?PR?GETANGXCALCNT?CALIBRATION
BL51 BANKED LINKER/LOCATER V6.22                                                      06/25/2018  15:28:32  PAGE 17


  +--> ?PR?COMM_PUTNEWLINE?SUB
  +--> ?PR?COMM_SENDSTA?COMM
  +--> ?PR?_COMM_PUTINT16U?SUB
  +--> ?PR?_COMM_PUTCHAR?COMM

?PR?_SUB_SENDOFFSET?SUB                     -----    -----      -----    -----      -----    -----
  +--> ?PR?_COMM_PUTINT32S?SUB
  +--> ?PR?COMM_PUTNEWLINE?SUB
  +--> ?PR?COMM_SENDSTA?COMM

?PR?_SUB_SENDANGXCAL?SUB                    -----    -----      0026H    0001H      -----    -----
  +--> ?CO?SUB
  +--> ?PR?_COMM_PUTSTR?COMM
  +--> ?PR?_COMM_PUTINT8U?SUB
  +--> ?PR?_GETANGXCALADCVAL?CALIBRATION
  +--> ?PR?_COMM_PUTINT16U?SUB
  +--> ?PR?SUB
  +--> ?PR?_COMM_PUTINT16S?SUB
  +--> ?PR?COMM_PUTNEWLINE?SUB
  +--> ?PR?COMM_SENDSTA?COMM

?PR?_COMM_PUTINT8U?SUB                      -----    -----      -----    -----      -----    -----
  +--> ?PR?SUB
  +--> ?PR?_SUB_INT8U2STR?SUB
  +--> ?PR?_COMM_PUTSTR?COMM

?PR?_COMM_PUTINT16S?SUB                     -----    -----      -----    -----      -----    -----
  +--> ?PR?SUB
  +--> ?PR?_SUB_INT16S2STR?SUB
  +--> ?PR?_COMM_PUTSTR?COMM

?PR?_SUB_INT16S2STR?SUB                     -----    -----      -----    -----      -----    -----
  +--> ?PR?_SUB_INT16U2STR?SUB

?PR?_SUB_SENDANGYCAL?SUB                    -----    -----      0026H    0001H      -----    -----
  +--> ?CO?SUB
  +--> ?PR?_COMM_PUTSTR?COMM
  +--> ?PR?_COMM_PUTINT8U?SUB
  +--> ?PR?_COMM_PUTCHAR?COMM
  +--> ?PR?_GETANGYCALADCVAL?CALIBRATION
  +--> ?PR?_COMM_PUTINT16U?SUB
  +--> ?PR?SUB
  +--> ?PR?_COMM_PUTINT16S?SUB
  +--> ?PR?COMM_PUTNEWLINE?SUB
  +--> ?PR?COMM_SENDSTA?COMM

?PR?SUB_SENDERR?SUB                         -----    -----      -----    -----      -----    -----
  +--> ?CO?SUB
  +--> ?PR?_COMM_PUTSTR?COMM
  +--> ?PR?COMM_PUTNEWLINE?SUB
  +--> ?PR?COMM_SENDSTA?COMM

?PR?_SUB_STR2INT8U?SUB                      -----    -----      -----    -----      -----    -----
  +--> ?PR?SUB

?PR?_SEND_CDEAL?SEND                        -----    -----      0021H    0004H      -----    -----
  +--> ?CO?SEND
BL51 BANKED LINKER/LOCATER V6.22                                                      06/25/2018  15:28:32  PAGE 18


  +--> ?PR?_STRNCMP?STRNCMP
  +--> ?PR?SUB_SENDERR?SUB
  +--> ?PR?SEND
  +--> ?PR?_SETANGYSYSZERO?ANGAPP
  +--> ?PR?_COMM_PUTSTR?COMM
  +--> ?PR?SUB_SENDOK?SUB
  +--> ?PR?_SETANGXUSRZERO?ANGAPP
  +--> ?PR?ADC_XCALSTA?CMDSUB
  +--> ?PR?ADC_XCALSTOP?CMDSUB
  +--> ?PR?ADC_YCALSTA?CMDSUB
  +--> ?PR?ADC_YCALSTOP?CMDSUB
  +--> ?PR?_SETANGYUSRZERO?ANGAPP
  +--> ?PR?_SETANGXSYSZERO?ANGAPP

?PR?SUB_SENDOK?SUB                          -----    -----      -----    -----      -----    -----
  +--> ?CO?SUB
  +--> ?PR?_COMM_PUTSTR?COMM
  +--> ?PR?COMM_PUTNEWLINE?SUB
  +--> ?PR?COMM_SENDSTA?COMM

?PR?_SEND_SDEAL?SEND                        -----    -----      0021H    000AH      -----    -----
  +--> ?CO?SEND
  +--> ?PR?_STRNCMP?STRNCMP
  +--> ?PR?SEND
  +--> ?PR?_COMM_PUTSTR?COMM
  +--> ?PR?SUB_SENDOK?SUB
  +--> ?PR?SUB_SENDERR?SUB
  +--> ?PR?SUB_SENDANGXY?SUB
  +--> ?PR?_SUB_STR2INT8U?SUB
  +--> ?PR?_SETFILTERCNT?SENSOR
  +--> ?PR?GETXANG?SENSOR
  +--> ?PR?_SETANGXSYSZERO?ANGAPP
  +--> ?PR?GETYANG?SENSOR
  +--> ?PR?_SETANGYSYSZERO?ANGAPP
  +--> ?PR?GETANGXRELSYS?ANGAPP
  +--> ?PR?_SETANGXUSRZERO?ANGAPP
  +--> ?PR?GETANGYRELSYS?ANGAPP
  +--> ?PR?_SETANGYUSRZERO?ANGAPP
  +--> ?PR?_SETANGXINST?ANGAPP
  +--> ?PR?_SETANGYINST?ANGAPP
  +--> ?PR?_SETANGCALCNT?CALIBRATION
  +--> ?PR?GETXFTVAL?SENSOR
  +--> ?PR?_ADC_XCALPROC?CMDSUB
  +--> ?PR?_COMM_PUTINT16U?SUB
  +--> ?PR?GETANGXCALCNT?CALIBRATION
  +--> ?PR?ADC_XCALSTOP?CMDSUB
  +--> ?PR?GETYFTVAL?SENSOR
  +--> ?PR?_ADC_YCALPROC?CMDSUB
  +--> ?PR?ADC_YCALSTOP?CMDSUB
  +--> ?PR?_DELAY_MS?DELAY
  +--> ?PR?_SUB_STR2INT32S?SUB
  +--> ?PR?_COMM_PUTCHAR?COMM
  +--> ?PR?_ANGCHKDIFF?CMDSUB

?PR?_ADC_XCALPROC?CMDSUB                    -----    -----      002BH    0006H      -----    -----
  +--> ?PR?CMDSUB
  +--> ?PR?_ANGCHKDIFF?CMDSUB
BL51 BANKED LINKER/LOCATER V6.22                                                      06/25/2018  15:28:32  PAGE 19



?PR?_ANGCHKDIFF?CMDSUB                      -----    -----      0031H    000DH      095BH    0001H
  +--> ?PR?CMDSUB

?PR?_ADC_YCALPROC?CMDSUB                    -----    -----      002BH    0006H      -----    -----
  +--> ?PR?CMDSUB
  +--> ?PR?_ANGCHKDIFF?CMDSUB

?PR?_SUB_STR2INT32S?SUB                     -----    -----      002BH    000AH      -----    -----
  +--> ?PR?SUB

?PR?_SEND_UDEAL?SEND                        -----    -----      0021H    0004H      -----    -----
  +--> ?CO?SEND
  +--> ?PR?_STRNCMP?STRNCMP
  +--> ?PR?FLASH_CALDATAUPDATE?FLASH
  +--> ?PR?SEND
  +--> ?PR?FLASH_USERDATAUPDATE?FLASH
  +--> ?PR?_COMM_PUTSTR?COMM
  +--> ?PR?SUB_SENDOK?SUB
  +--> ?PR?SUB_SENDERR?SUB

?PR?_SEND_WDEAL?SEND                        -----    -----      0021H    0004H      -----    -----
  +--> ?CO?SEND
  +--> ?PR?_STRNCMP?STRNCMP
  +--> ?PR?SUB_SENDERR?SUB
  +--> ?PR?_STRNCPY?STRNCPY
  +--> ?PR?_COMM_PUTSTR?COMM
  +--> ?PR?SUB_SENDOK?SUB

?PR?_STRNCPY?STRNCPY                        -----    -----      0025H    000AH      -----    -----

*** NEW ROOT ***************************************************

?PR?ADC_ISR?ADCDRV                          -----    -----      -----    -----      -----    -----
  +--> ?PR?_ADC_SAVEANDSWITCH?ADCDRV

?PR?_ADC_SAVEANDSWITCH?ADCDRV               -----    -----      0054H    0003H      -----    -----
  +--> ?PR?ADCDRV
  +--> ?PR?_ADCFILTER?ADCDRV
  +--> ?CO?ADCDRV

?PR?ADCDRV                                  -----    -----      -----    -----      -----    -----
  +--> ?CO?ADCDRV

?PR?_ADCFILTER?ADCDRV                       -----    -----      0057H    0005H      -----    -----
  +--> ?PR?_VALINRANGE?FILTER
  +--> ?PR?_SLIDEWINFILTER?FILTER

?PR?_SLIDEWINFILTER?FILTER                  -----    -----      005CH    0012H      -----    -----

*** NEW ROOT ***************************************************

?PR?COMM_ISR?COMM                           -----    -----      006EH    0002H      -----    -----
  +--> ?PR?_COMM_GETTXCHAR?COMM
  +--> ?PR?COMM_SENDSTOP?COMM
  +--> ?PR?_COMM_PUTRXCHAR?COMM

BL51 BANKED LINKER/LOCATER V6.22                                                      06/25/2018  15:28:32  PAGE 20


?PR?_COMM_GETTXCHAR?COMM                    -----    -----      -----    -----      -----    -----
  +--> ?PR?COMM

*** NEW ROOT ***************************************************

?PR?TIMER2_ISR?TIMER                        -----    -----      -----    -----      -----    -----
  +--> ?PR?TIMER2_TASKINISR?TIMER

?PR?TIMER2_TASKINISR?TIMER                  -----    -----      -----    -----      -----    -----
  +--> ?PR?COMM_TIMERPROC?COMM
  +--> ?PR?TIMER

?PR?COMM_TIMERPROC?COMM                     -----    -----      -----    -----      -----    -----
  +--> ?PR?COMM



SYMBOL TABLE OF MODULE:  .\obj\WTAL (?C_STARTUP)

  VALUE           TYPE          NAME
  ----------------------------------

  -------         MODULE        ?C_STARTUP
  C:327AH         SEGMENT       ?C_C51STARTUP
  I:0070H         SEGMENT       ?STACK
  C:0000H         PUBLIC        ?C_STARTUP
  D:00E0H         SYMBOL        ACC
  D:00F0H         SYMBOL        B
  D:0083H         SYMBOL        DPH
  D:0082H         SYMBOL        DPL
  N:0000H         SYMBOL        IBPSTACK
  N:0100H         SYMBOL        IBPSTACKTOP
  N:0080H         SYMBOL        IDATALEN
  C:327DH         SYMBOL        IDATALOOP
  N:0000H         SYMBOL        PBPSTACK
  N:0100H         SYMBOL        PBPSTACKTOP
  N:0000H         SYMBOL        PDATALEN
  N:0000H         SYMBOL        PDATASTART
  N:0000H         SYMBOL        PPAGE
  N:0000H         SYMBOL        PPAGEENABLE
  D:00A0H         SYMBOL        PPAGE_SFR
  D:0081H         SYMBOL        SP
  C:327AH         SYMBOL        STARTUP1
  N:0000H         SYMBOL        XBPSTACK
  N:0000H         SYMBOL        XBPSTACKTOP
  N:0000H         SYMBOL        XDATALEN
  N:0000H         SYMBOL        XDATASTART
  C:0000H         LINE#         126
  C:327AH         LINE#         133
  C:327CH         LINE#         134
  C:327DH         LINE#         135
  C:327EH         LINE#         136
  C:3280H         LINE#         185
  C:3283H         LINE#         196
  -------         ENDMOD        ?C_STARTUP

  -------         MODULE        ADCDRV
BL51 BANKED LINKER/LOCATER V6.22                                                      06/25/2018  15:28:32  PAGE 21


  C:0000H         SYMBOL        _ICE_DUMMY_
  C:4A73H         PUBLIC        Adc_Init
  D:0090H         PUBLIC        P1
  D:00A0H         PUBLIC        P2
  D:00BCH         PUBLIC        ADC0CF
  D:00E6H         PUBLIC        EIE1
  C:381EH         SYMBOL        _Adc_SaveAndSwitch
  C:4AB4H         PUBLIC        Adc_GetXVal
  C:4ABDH         PUBLIC        Adc_GetYVal
  D:00E8H         PUBLIC        ADC0CN
  D:00A7H         PUBLIC        SFRPAGE
  C:4BF2H         SYMBOL        Adc_VrefInit
  C:35F5H         PUBLIC        Adc_Isr
  X:04CFH         PUBLIC        x_axis_adc
  X:0557H         PUBLIC        y_axis_adc
  D:00BBH         PUBLIC        ADC0MX
  D:00D1H         PUBLIC        REF0CN
  C:3E1DH         SYMBOL        AdcEntityInit
  B:00E8H.5       PUBLIC        AD0INT
  C:4AC6H         PUBLIC        Adc_GetTemp
  C:457FH         SYMBOL        Adc_SetInit
  I:0018H         PUBLIC        AdcSwitchId
  C:4BF6H         SYMBOL        Adc_IsrInit
  C:0026H         PUBLIC        Adc_Enable
  I:0019H         PUBLIC        AdcEndTag
  D:00BEH         PUBLIC        ADC0H
  X:05DFH         PUBLIC        temp_adc
  D:00BDH         PUBLIC        ADC0L
  I:001AH         PUBLIC        AdcEndId
  C:4849H         SYMBOL        PinIdTab
  C:3306H         SYMBOL        _AdcFilter
  D:00BDH         PUBLIC        ADC0
  C:4856H         SYMBOL        PinMuxTab
  C:4B05H         SYMBOL        Com0019
  C:4B05H         SYMBOL        L?0026
  C:4B05H         SYMBOL        L?0027
  -------         PROC          COM0019
  -------         ENDPROC       COM0019
  -------         PROC          ADC_INIT
  C:4A73H         LINE#         45
  C:4A73H         LINE#         46
  C:4A73H         LINE#         47
  C:4A76H         LINE#         48
  C:4A79H         LINE#         49
  C:4A7CH         LINE#         50
  -------         ENDPROC       ADC_INIT
  -------         PROC          ADC_ENABLE
  C:0026H         LINE#         53
  C:0026H         LINE#         54
  C:0026H         LINE#         55
  C:0029H         LINE#         56
  -------         ENDPROC       ADC_ENABLE
  -------         PROC          ADC_GETXVAL
  C:4AB4H         LINE#         64
  C:4AB4H         LINE#         65
  C:4AB4H         LINE#         66
  C:4ABCH         LINE#         67
BL51 BANKED LINKER/LOCATER V6.22                                                      06/25/2018  15:28:32  PAGE 22


  -------         ENDPROC       ADC_GETXVAL
  -------         PROC          ADC_GETYVAL
  C:4ABDH         LINE#         75
  C:4ABDH         LINE#         76
  C:4ABDH         LINE#         77
  C:4AC5H         LINE#         78
  -------         ENDPROC       ADC_GETYVAL
  -------         PROC          ADC_GETTEMP
  C:4AC6H         LINE#         86
  C:4AC6H         LINE#         87
  C:4AC6H         LINE#         88
  C:4ACEH         LINE#         89
  -------         ENDPROC       ADC_GETTEMP
  -------         PROC          ADC_SETINIT
  -------         DO            
  D:0007H         SYMBOL        SfrPage_
  -------         ENDDO         
  C:457FH         LINE#         110
  C:457FH         LINE#         111
  C:4581H         LINE#         114
  C:4584H         LINE#         115
  C:4587H         LINE#         116
  C:458AH         LINE#         117
  C:458DH         LINE#         118
  C:4590H         LINE#         119
  C:4593H         LINE#         120
  C:4595H         LINE#         121
  C:4598H         LINE#         122
  C:459BH         LINE#         123
  C:459EH         LINE#         124
  C:45A1H         LINE#         125
  C:45A3H         LINE#         126
  C:45A6H         LINE#         127
  C:45A9H         LINE#         128
  C:45ABH         LINE#         129
  -------         ENDPROC       ADC_SETINIT
  -------         PROC          ADC_VREFINIT
  C:4BF2H         LINE#         131
  C:4BF2H         LINE#         132
  C:4BF2H         LINE#         133
  C:4BF5H         LINE#         134
  -------         ENDPROC       ADC_VREFINIT
  -------         PROC          ADC_ISRINIT
  C:4BF6H         LINE#         136
  C:4BF6H         LINE#         137
  C:4BF6H         LINE#         138
  C:4BF9H         LINE#         139
  -------         ENDPROC       ADC_ISRINIT
  -------         PROC          _ADCFILTER
  D:0057H         SYMBOL        p_adc
  D:005AH         SYMBOL        val
  C:3306H         LINE#         148
  C:3310H         LINE#         149
  C:3310H         LINE#         150
  C:3325H         LINE#         151
  C:3325H         LINE#         153
  C:3374H         LINE#         154
BL51 BANKED LINKER/LOCATER V6.22                                                      06/25/2018  15:28:32  PAGE 23


  C:3374H         LINE#         156
  C:3374H         LINE#         157
  C:3383H         LINE#         158
  C:338AH         LINE#         159
  C:338AH         LINE#         160
  -------         ENDPROC       _ADCFILTER
  -------         PROC          ADCENTITYINIT
  C:3E1DH         LINE#         218
  C:3E1DH         LINE#         219
  C:3E1DH         LINE#         221
  C:3E22H         LINE#         222
  C:3E24H         LINE#         223
  C:3E26H         LINE#         224
  C:3E2CH         LINE#         226
  C:3E36H         LINE#         228
  C:3E3CH         LINE#         229
  C:3E3FH         LINE#         230
  C:3E41H         LINE#         231
  C:3E47H         LINE#         233
  C:3E4FH         LINE#         235
  C:3E55H         LINE#         236
  C:3E58H         LINE#         237
  C:3E5AH         LINE#         238
  C:3E60H         LINE#         240
  -------         ENDPROC       ADCENTITYINIT
  -------         PROC          _ADC_SAVEANDSWITCH
  D:0004H         SYMBOL        val
  -------         DO            
  D:0054H         SYMBOL        adc_ent
  -------         ENDDO         
  C:381EH         LINE#         264
  C:3822H         LINE#         265
  C:3822H         LINE#         267
  C:382BH         LINE#         268
  C:3830H         LINE#         269
  C:3836H         LINE#         271
  C:383EH         LINE#         272
  C:383EH         LINE#         273
  C:384EH         LINE#         274
  C:384EH         LINE#         275
  C:385AH         LINE#         276
  C:385CH         LINE#         277
  C:3864H         LINE#         279
  C:386DH         LINE#         281
  C:3873H         LINE#         282
  C:3876H         LINE#         284
  C:387CH         LINE#         285
  C:3885H         LINE#         286
  C:3888H         LINE#         287
  -------         ENDPROC       _ADC_SAVEANDSWITCH
  -------         PROC          ADC_ISR
  -------         DO            
  X:04CCH         SYMBOL        sum
  X:04CEH         SYMBOL        cnt
  -------         ENDDO         
  C:35F5H         LINE#         295
  C:3612H         LINE#         300
BL51 BANKED LINKER/LOCATER V6.22                                                      06/25/2018  15:28:32  PAGE 24


  C:3614H         LINE#         301
  C:361FH         LINE#         302
  C:3628H         LINE#         303
  C:3628H         LINE#         304
  C:363DH         LINE#         305
  C:3644H         LINE#         306
  C:3646H         LINE#         307
  C:3648H         LINE#         309
  C:364BH         LINE#         310
  -------         ENDPROC       ADC_ISR
  -------         ENDMOD        ADCDRV

  -------         MODULE        CALIBRATION
  C:0000H         SYMBOL        _ICE_DUMMY_
  C:4A20H         SYMBOL        _Ang_WrAngVal
  C:4B0DH         PUBLIC        _SetAngCalCnt
  D:0090H         PUBLIC        P1
  X:0000H         PUBLIC        Ang_Xcal
  D:00A0H         PUBLIC        P2
  X:0166H         PUBLIC        Ang_Ycal
  C:4BA4H         PUBLIC        AngXCalcPrm
  C:4BAAH         PUBLIC        AngYCalcPrm
  C:2777H         SYMBOL        _Ang_CalcPrm
  C:2EA7H         PUBLIC        AngCalDataInit
  C:4B8CH         PUBLIC        GetAngXCalCnt
  C:4B92H         PUBLIC        GetAngYCalCnt
  C:4B23H         PUBLIC        _GetAngXCalAdcVal
  C:4B2AH         PUBLIC        _GetAngYCalAdcVal
  C:4B98H         PUBLIC        _SetAngXCalCnt
  C:4B9EH         PUBLIC        _SetAngYCalCnt
  C:4A8AH         SYMBOL        _Ang_RdAdcVal
  C:4BFAH         SYMBOL        _Ang_SetCalCnt
  C:494BH         PUBLIC        _SetAngXCalAdcVal
  C:495DH         PUBLIC        _SetAngYCalAdcVal
  C:4B15H         PUBLIC        _GetAngXCalAngVal
  C:4B1CH         PUBLIC        _GetAngYCalAngVal
  C:4A7FH         SYMBOL        _Ang_RdAngVal
  C:4ACFH         PUBLIC        _SetAngXCalAngVal
  C:4AD8H         PUBLIC        _SetAngYCalAngVal
  C:4981H         SYMBOL        _Ang_WrAdcVal
  C:3889H         PUBLIC        CalibInit
  C:338BH         SYMBOL        Com001E
  C:338BH         SYMBOL        L?0031
  C:338EH         SYMBOL        L?0032
  C:3394H         SYMBOL        L?0033
  C:3396H         SYMBOL        L?0034
  C:339CH         SYMBOL        L?0035
  C:33C1H         SYMBOL        L?0036
  C:33C9H         SYMBOL        L?0037
  C:33D2H         SYMBOL        L?0038
  C:33EFH         SYMBOL        L?0039
  C:33EFH         SYMBOL        L?0040
  C:33F1H         SYMBOL        L?0041
  C:33F8H         SYMBOL        L?0042
  C:33F8H         SYMBOL        L?0043
  C:33FAH         SYMBOL        L?0044
  C:3401H         SYMBOL        L?0045
BL51 BANKED LINKER/LOCATER V6.22                                                      06/25/2018  15:28:32  PAGE 25


  -------         PROC          COM001E
  -------         ENDPROC       COM001E
  -------         PROC          _ANG_SETCALCNT
  D:0001H         SYMBOL        p_cal
  D:0005H         SYMBOL        num
  C:4BFAH         LINE#         38
  C:4BFAH         LINE#         39
  C:4BFAH         LINE#         40
  -------         ENDPROC       _ANG_SETCALCNT
  -------         PROC          _ANG_RDANGVAL
  D:0001H         SYMBOL        p_cal
  D:0005H         SYMBOL        posid
  C:4A7FH         LINE#         49
  C:4A7FH         LINE#         50
  C:4A7FH         LINE#         51
  C:4A89H         LINE#         52
  -------         ENDPROC       _ANG_RDANGVAL
  -------         PROC          _ANG_RDADCVAL
  D:0001H         SYMBOL        p_cal
  D:0005H         SYMBOL        posid
  C:4A8AH         LINE#         61
  C:4A8AH         LINE#         62
  C:4A8AH         LINE#         63
  C:4A94H         LINE#         64
  -------         ENDPROC       _ANG_RDADCVAL
  -------         PROC          _ANG_WRANGVAL
  D:0001H         SYMBOL        p_cal
  D:0004H         SYMBOL        val
  D:0045H         SYMBOL        posid
  C:4A20H         LINE#         72
  C:4A20H         LINE#         73
  C:4A20H         LINE#         74
  -------         ENDPROC       _ANG_WRANGVAL
  -------         PROC          _ANG_WRADCVAL
  D:0001H         SYMBOL        p_cal
  D:0004H         SYMBOL        val
  D:003EH         SYMBOL        posid
  C:4981H         LINE#         84
  C:4981H         LINE#         85
  C:4981H         LINE#         86
  -------         ENDPROC       _ANG_WRADCVAL
  C:2867H         SYMBOL        L?0046
  -------         PROC          _ANG_CALCPRM
  D:002CH         SYMBOL        p_cal
  -------         DO            
  D:002FH         SYMBOL        ang0
  D:0033H         SYMBOL        ang1
  D:0037H         SYMBOL        i
  -------         ENDDO         
  C:2777H         LINE#         96
  C:277DH         LINE#         97
  C:277DH         LINE#         102
  C:2794H         LINE#         103
  C:2794H         LINE#         104
  C:27A5H         LINE#         105
  C:27C1H         LINE#         106
  C:2824H         LINE#         107
BL51 BANKED LINKER/LOCATER V6.22                                                      06/25/2018  15:28:32  PAGE 26


  C:2861H         LINE#         108
  C:2866H         LINE#         109
  -------         ENDPROC       _ANG_CALCPRM
  -------         PROC          GETANGXCALCNT
  C:4B8CH         LINE#         113
  C:4B8CH         LINE#         114
  C:4B8CH         LINE#         115
  C:4B91H         LINE#         116
  -------         ENDPROC       GETANGXCALCNT
  -------         PROC          GETANGYCALCNT
  C:4B92H         LINE#         123
  C:4B92H         LINE#         124
  C:4B92H         LINE#         125
  C:4B97H         LINE#         126
  -------         ENDPROC       GETANGYCALCNT
  -------         PROC          _SETANGXCALCNT
  D:0005H         SYMBOL        cnt
  C:4B98H         LINE#         137
  C:4B98H         LINE#         138
  C:4B98H         LINE#         139
  -------         ENDPROC       _SETANGXCALCNT
  -------         PROC          _SETANGYCALCNT
  D:0005H         SYMBOL        cnt
  C:4B9EH         LINE#         144
  C:4B9EH         LINE#         145
  C:4B9EH         LINE#         146
  -------         ENDPROC       _SETANGYCALCNT
  -------         PROC          _SETANGCALCNT
  D:0006H         SYMBOL        cnt
  C:4B0DH         LINE#         151
  C:4B0FH         LINE#         152
  C:4B0FH         LINE#         153
  C:4B12H         LINE#         154
  -------         ENDPROC       _SETANGCALCNT
  -------         PROC          _GETANGXCALANGVAL
  D:0005H         SYMBOL        pos
  C:4B15H         LINE#         166
  C:4B15H         LINE#         167
  C:4B15H         LINE#         168
  C:4B1BH         LINE#         169
  -------         ENDPROC       _GETANGXCALANGVAL
  -------         PROC          _GETANGYCALANGVAL
  D:0005H         SYMBOL        pos
  C:4B1CH         LINE#         177
  C:4B1CH         LINE#         178
  C:4B1CH         LINE#         179
  C:4B22H         LINE#         180
  -------         ENDPROC       _GETANGYCALANGVAL
  -------         PROC          _GETANGXCALADCVAL
  D:0005H         SYMBOL        pos
  C:4B23H         LINE#         189
  C:4B23H         LINE#         190
  C:4B23H         LINE#         191
  C:4B29H         LINE#         192
  -------         ENDPROC       _GETANGXCALADCVAL
  -------         PROC          _GETANGYCALADCVAL
  D:0005H         SYMBOL        pos
BL51 BANKED LINKER/LOCATER V6.22                                                      06/25/2018  15:28:32  PAGE 27


  C:4B2AH         LINE#         201
  C:4B2AH         LINE#         202
  C:4B2AH         LINE#         203
  C:4B30H         LINE#         204
  -------         ENDPROC       _GETANGYCALADCVAL
  -------         PROC          _SETANGXCALANGVAL
  D:0004H         SYMBOL        val
  D:003DH         SYMBOL        pos
  C:4ACFH         LINE#         217
  C:4ACFH         LINE#         218
  C:4ACFH         LINE#         219
  -------         ENDPROC       _SETANGXCALANGVAL
  -------         PROC          _SETANGYCALANGVAL
  D:0004H         SYMBOL        val
  D:003DH         SYMBOL        pos
  C:4AD8H         LINE#         228
  C:4AD8H         LINE#         229
  C:4AD8H         LINE#         230
  -------         ENDPROC       _SETANGYCALANGVAL
  -------         PROC          _SETANGXCALADCVAL
  D:0082H         SYMBOL        val
  D:0007H         SYMBOL        pos
  C:494BH         LINE#         240
  C:4951H         LINE#         241
  C:4951H         LINE#         242
  -------         ENDPROC       _SETANGXCALADCVAL
  -------         PROC          _SETANGYCALADCVAL
  D:0082H         SYMBOL        val
  D:0007H         SYMBOL        pos
  C:495DH         LINE#         251
  C:4963H         LINE#         252
  C:4963H         LINE#         253
  -------         ENDPROC       _SETANGYCALADCVAL
  -------         PROC          ANGXCALCPRM
  C:4BA4H         LINE#         263
  C:4BA4H         LINE#         264
  C:4BA4H         LINE#         265
  -------         ENDPROC       ANGXCALCPRM
  -------         PROC          ANGYCALCPRM
  C:4BAAH         LINE#         271
  C:4BAAH         LINE#         272
  C:4BAAH         LINE#         273
  -------         ENDPROC       ANGYCALCPRM
  -------         PROC          ANGCALDATAINIT
  -------         DO            
  D:0003H         SYMBOL        i
  -------         ENDDO         
  C:2EA7H         LINE#         285
  C:2EA7H         LINE#         286
  C:2EA7H         LINE#         288
  C:2EACH         LINE#         289
  C:2EAEH         LINE#         290
  C:2EAEH         LINE#         291
  C:2EB4H         LINE#         292
  C:2EC2H         LINE#         294
  C:2EC8H         LINE#         295
  C:2ED6H         LINE#         296
BL51 BANKED LINKER/LOCATER V6.22                                                      06/25/2018  15:28:32  PAGE 28


  C:2EDCH         LINE#         298
  C:2EE6H         LINE#         299
  C:2EF0H         LINE#         300
  C:2EFAH         LINE#         301
  C:2F04H         LINE#         302
  C:2F0EH         LINE#         303
  C:2F18H         LINE#         305
  C:2F22H         LINE#         306
  C:2F2CH         LINE#         307
  C:2F36H         LINE#         308
  C:2F40H         LINE#         309
  C:2F4AH         LINE#         310
  C:2F54H         LINE#         312
  -------         ENDPROC       ANGCALDATAINIT
  -------         PROC          CALIBINIT
  C:3889H         LINE#         320
  C:3889H         LINE#         321
  C:3889H         LINE#         337
  C:3895H         LINE#         338
  C:389FH         LINE#         339
  C:38A9H         LINE#         340
  C:38B3H         LINE#         341
  C:38BDH         LINE#         344
  C:38C7H         LINE#         345
  C:38D1H         LINE#         346
  C:38DBH         LINE#         347
  C:38E5H         LINE#         348
  -------         ENDPROC       CALIBINIT
  -------         ENDMOD        CALIBRATION

  -------         MODULE        CMDSUB
  C:0000H         SYMBOL        _ICE_DUMMY_
  C:48DDH         PUBLIC        Adc_YCalSta
  D:0012H         SYMBOL        px_axis
  D:0090H         PUBLIC        P1
  D:0014H         SYMBOL        py_axis
  D:00A0H         PUBLIC        P2
  C:3BD8H         PUBLIC        _AngChkDiff
  X:093AH         PUBLIC        SendSpeedNum
  X:093BH         PUBLIC        SystemVer
  X:094BH         PUBLIC        SendActPosi
  X:094CH         PUBLIC        ACalXId
  X:094DH         PUBLIC        ACalYId
  C:30ADH         PUBLIC        _Adc_XCalProc
  C:3147H         PUBLIC        _Adc_YCalProc
  C:3C2DH         PUBLIC        Adc_XCalStop
  C:3C82H         PUBLIC        Adc_YCalStop
  C:48C6H         PUBLIC        Adc_XCalSta
  C:4295H         SYMBOL        Com0018
  C:4295H         SYMBOL        L?0025
  C:4295H         SYMBOL        L?0026
  C:42A3H         SYMBOL        L?0027
  C:42A3H         SYMBOL        L?0028
  C:42B1H         SYMBOL        L?0029
  C:42B8H         SYMBOL        L?0030
  C:42BBH         SYMBOL        L?0031
  C:42BCH         SYMBOL        L?0032
BL51 BANKED LINKER/LOCATER V6.22                                                      06/25/2018  15:28:32  PAGE 29


  C:42C3H         SYMBOL        L?0033
  C:42C3H         SYMBOL        L?0034
  C:42CAH         SYMBOL        L?0035
  C:42CAH         SYMBOL        L?0036
  -------         PROC          COM0018
  -------         ENDPROC       COM0018
  -------         PROC          _ANGCHKDIFF
  D:0031H         SYMBOL        ang
  D:0035H         SYMBOL        adc
  D:0037H         SYMBOL        num
  D:0038H         SYMBOL        angarr
  D:003BH         SYMBOL        adcarr
  -------         DO            
  X:095BH         SYMBOL        i
  -------         ENDDO         
  C:3BD8H         LINE#         37
  C:3BE0H         LINE#         38
  C:3BE0H         LINE#         40
  C:3BEEH         LINE#         41
  C:3C0BH         LINE#         42
  C:3C0BH         LINE#         43
  C:3C1FH         LINE#         44
  C:3C22H         LINE#         45
  C:3C22H         LINE#         46
  C:3C2AH         LINE#         47
  C:3C2CH         LINE#         48
  -------         ENDPROC       _ANGCHKDIFF
  -------         PROC          ADC_XCALSTA
  C:48C6H         LINE#         56
  C:48C6H         LINE#         57
  C:48C6H         LINE#         58
  C:48CFH         LINE#         59
  C:48D5H         LINE#         60
  C:48DAH         LINE#         61
  C:48DCH         LINE#         62
  -------         ENDPROC       ADC_XCALSTA
  -------         PROC          _ADC_XCALPROC
  D:002BH         SYMBOL        ang
  D:002FH         SYMBOL        adc
  C:30ADH         LINE#         70
  C:30B5H         LINE#         71
  C:30B5H         LINE#         72
  C:30C0H         LINE#         73
  C:30F8H         LINE#         74
  C:30FBH         LINE#         75
  C:310DH         LINE#         76
  C:312DH         LINE#         77
  C:313EH         LINE#         78
  C:3144H         LINE#         79
  C:3146H         LINE#         80
  -------         ENDPROC       _ADC_XCALPROC
  -------         PROC          ADC_XCALSTOP
  -------         DO            
  D:002BH         SYMBOL        n
  -------         ENDDO         
  C:3C2DH         LINE#         89
  C:3C2DH         LINE#         90
BL51 BANKED LINKER/LOCATER V6.22                                                      06/25/2018  15:28:32  PAGE 30


  C:3C2DH         LINE#         91
  C:3C37H         LINE#         93
  C:3C42H         LINE#         94
  C:3C4DH         LINE#         95
  C:3C52H         LINE#         96
  C:3C7CH         LINE#         98
  C:3C7FH         LINE#         99
  C:3C81H         LINE#         100
  -------         ENDPROC       ADC_XCALSTOP
  -------         PROC          ADC_YCALSTA
  C:48DDH         LINE#         110
  C:48DDH         LINE#         111
  C:48DDH         LINE#         112
  C:48E6H         LINE#         113
  C:48ECH         LINE#         114
  C:48F1H         LINE#         115
  C:48F3H         LINE#         116
  -------         ENDPROC       ADC_YCALSTA
  -------         PROC          _ADC_YCALPROC
  D:002BH         SYMBOL        ang
  D:002FH         SYMBOL        adc
  C:3147H         LINE#         123
  C:314FH         LINE#         124
  C:314FH         LINE#         125
  C:315AH         LINE#         126
  C:3192H         LINE#         127
  C:3195H         LINE#         128
  C:31A7H         LINE#         129
  C:31C7H         LINE#         130
  C:31D8H         LINE#         131
  C:31DEH         LINE#         132
  C:31E0H         LINE#         133
  -------         ENDPROC       _ADC_YCALPROC
  -------         PROC          ADC_YCALSTOP
  -------         DO            
  D:002BH         SYMBOL        n
  -------         ENDDO         
  C:3C82H         LINE#         135
  C:3C82H         LINE#         136
  C:3C82H         LINE#         137
  C:3C8CH         LINE#         139
  C:3C97H         LINE#         140
  C:3CA2H         LINE#         141
  C:3CA7H         LINE#         142
  C:3CD1H         LINE#         144
  C:3CD4H         LINE#         145
  C:3CD6H         LINE#         146
  -------         ENDPROC       ADC_YCALSTOP
  -------         ENDMOD        CMDSUB

  -------         MODULE        COMM
  C:0000H         SYMBOL        _ICE_DUMMY_
  D:0090H         PUBLIC        P1
  D:00A0H         PUBLIC        P2
  B:00A8H.7       PUBLIC        EA
  C:4863H         PUBLIC        Comm_TimerProc
  D:00A7H         PUBLIC        SFRPAGE
BL51 BANKED LINKER/LOCATER V6.22                                                      06/25/2018  15:28:32  PAGE 31


  C:4057H         PUBLIC        _Comm_GetChar
  X:0667H         SYMBOL        CommTimer
  D:00B8H         PUBLIC        IP
  C:3495H         PUBLIC        Comm_Isr
  C:4BFEH         PUBLIC        Comm_SendStop
  C:4BB0H         PUBLIC        Comm_SendSta
  D:00ABH         PUBLIC        SBCON0
  B:0098H.7       PUBLIC        OVR0
  C:411FH         PUBLIC        _Comm_PutChar
  X:0669H         PUBLIC        CommBuf
  C:47D6H         PUBLIC        Comm_HardwareInit
  B:00A8H.4       PUBLIC        ES0
  B:0098H.0       PUBLIC        RI0
  B:0098H.1       PUBLIC        TI0
  B:0020H.0       PUBLIC        CommRxFlag
  C:490BH         PUBLIC        Comm_SoftwareInit
  B:0020H.1       PUBLIC        CommTxFlag
  C:4014H         PUBLIC        _Comm_GetTxChar
  D:0099H         PUBLIC        SBUF0
  C:4776H         PUBLIC        _Comm_PutStr
  D:00ACH         PUBLIC        SBRL0
  D:0098H         PUBLIC        SCON0
  C:430CH         PUBLIC        _Comm_PutRxChar
  C:4B31H         SYMBOL        Com0022
  C:4B31H         SYMBOL        L?0035
  C:4B31H         SYMBOL        L?0036
  -------         PROC          COM0022
  -------         ENDPROC       COM0022
  -------         PROC          COMM_ISR
  -------         DO            
  D:006EH         SYMBOL        temp
  D:006FH         SYMBOL        err
  -------         ENDDO         
  C:3495H         LINE#         29
  C:34B2H         LINE#         34
  C:34B5H         LINE#         35
  C:34B7H         LINE#         36
  C:34C2H         LINE#         37
  C:34C8H         LINE#         38
  C:34CBH         LINE#         40
  C:34CDH         LINE#         41
  C:34CFH         LINE#         43
  C:34D2H         LINE#         44
  C:34D4H         LINE#         45
  C:34D4H         LINE#         46
  C:34D4H         LINE#         48
  C:34D7H         LINE#         49
  C:34D9H         LINE#         50
  C:34DCH         LINE#         52
  C:34DFH         LINE#         54
  C:34DFH         LINE#         55
  C:34E4H         LINE#         56
  C:34EDH         LINE#         57
  C:34EDH         LINE#         58
  C:34EDH         LINE#         59
  C:34F0H         LINE#         60
  C:34F2H         LINE#         61
BL51 BANKED LINKER/LOCATER V6.22                                                      06/25/2018  15:28:32  PAGE 32


  C:34F2H         LINE#         62
  -------         ENDPROC       COMM_ISR
  -------         PROC          COMM_HARDWAREINIT
  -------         DO            
  D:0007H         SYMBOL        SfrPage_
  -------         ENDDO         
  C:47D6H         LINE#         64
  C:47D6H         LINE#         65
  C:47D8H         LINE#         68
  C:47DBH         LINE#         69
  C:47DEH         LINE#         73
  C:47E4H         LINE#         74
  C:47E7H         LINE#         88
  C:47EAH         LINE#         89
  C:47ECH         LINE#         91
  C:47EFH         LINE#         92
  C:47F1H         LINE#         93
  C:47F3H         LINE#         94
  -------         ENDPROC       COMM_HARDWAREINIT
  -------         PROC          COMM_SOFTWAREINIT
  C:490BH         LINE#         96
  C:490BH         LINE#         97
  C:490BH         LINE#         98
  C:4912H         LINE#         99
  C:4914H         LINE#         100
  C:4916H         LINE#         101
  C:491CH         LINE#         102
  C:491EH         LINE#         103
  C:4920H         LINE#         104
  -------         ENDPROC       COMM_SOFTWAREINIT
  -------         PROC          COMM_SENDSTA
  C:4BB0H         LINE#         125
  C:4BB0H         LINE#         126
  C:4BB0H         LINE#         127
  C:4BB3H         LINE#         128
  C:4BB5H         LINE#         129
  -------         ENDPROC       COMM_SENDSTA
  -------         PROC          COMM_SENDSTOP
  C:4BFEH         LINE#         131
  C:4BFEH         LINE#         132
  C:4BFEH         LINE#         133
  C:4C01H         LINE#         134
  -------         ENDPROC       COMM_SENDSTOP
  -------         PROC          _COMM_GETTXCHAR
  D:0001H         SYMBOL        err
  -------         DO            
  D:0007H         SYMBOL        c
  -------         ENDDO         
[...]
  C:4980H         LINE#         103
  C:4980H         LINE#         104
  -------         ENDPROC       TIMER2_TASKINMAIN
  -------         ENDMOD        TIMER

  -------         MODULE        ANGAPP
  C:0000H         SYMBOL        _ICE_DUMMY_
  C:4BE0H         PUBLIC        _SetAngYUsrZero
  C:3E67H         PUBLIC        GetXAngAllSetVal
  D:0090H         PUBLIC        P1
  C:3EB1H         PUBLIC        GetYAngAllSetVal
  D:00A0H         PUBLIC        P2
  C:4BCEH         PUBLIC        _SetAngXSysZero
  C:4BD4H         PUBLIC        _SetAngYSysZero
  C:4551H         PUBLIC        GetAngP
  X:08CAH         PUBLIC        FlashCnt
  X:08CBH         PUBLIC        LedMode
  X:08CCH         SYMBOL        angp
  X:08D0H         PUBLIC        DELAY_X
  X:08D6H         PUBLIC        DELAY_Y
  C:3B7EH         PUBLIC        AngInit
  X:08DCH         SYMBOL        angx_usrzero
  X:08E0H         SYMBOL        angy_usrzero
  C:4B62H         PUBLIC        GetAngXInst
  C:4B69H         PUBLIC        GetAngYInst
  X:08E4H         SYMBOL        angx_syszero
  X:08E8H         SYMBOL        angy_syszero
  C:4BE6H         PUBLIC        _SetAngXInst
  C:4BECH         PUBLIC        _SetAngYInst
  X:08ECH         SYMBOL        angx_inst
  X:08F0H         SYMBOL        angy_inst
  C:31E1H         SYMBOL        _PAngCalc
  X:08F4H         PUBLIC        LedFMode
  C:47B7H         PUBLIC        _SetAngZero
  X:08F5H         PUBLIC        EnDlyTime
  C:4B70H         PUBLIC        GetAngXZeroUsr
  C:4B54H         PUBLIC        GetAngXUsrZero
  C:4B77H         PUBLIC        GetAngYZeroUsr
  C:4B5BH         PUBLIC        GetAngYUsrZero
  C:47F4H         PUBLIC        _SetAngZeroAdd
BL51 BANKED LINKER/LOCATER V6.22                                                      06/25/2018  15:28:32  PAGE 77


  X:08F7H         SYMBOL        BufZerox_usr
  C:4B46H         PUBLIC        GetAngXSysZero
  X:08FBH         SYMBOL        BufZeroy_usr
  C:4B4DH         PUBLIC        GetAngYSysZero
  C:4B7EH         PUBLIC        GetAngXRelSys
  C:4B85H         PUBLIC        GetAngYRelSys
  X:08FFH         PUBLIC        ExDlyTime
  X:0901H         SYMBOL        BufZerox_sys
  X:0905H         SYMBOL        BufZeroy_sys
  C:4BDAH         PUBLIC        _SetAngXUsrZero
  C:4600H         SYMBOL        Com0019
  C:4600H         SYMBOL        L?0026
  C:4600H         SYMBOL        L?0027
  C:4609H         SYMBOL        L?0028
  C:4614H         SYMBOL        L?0029
  C:461DH         SYMBOL        L?0030
  C:4620H         SYMBOL        L?0031
  -------         PROC          COM0019
  -------         ENDPROC       COM0019
  -------         PROC          ANGINIT
  C:3B7EH         LINE#         34
  C:3B7EH         LINE#         35
  C:3B7EH         LINE#         36
  C:3B81H         LINE#         38
  C:3B8BH         LINE#         39
  C:3B91H         LINE#         40
  C:3B97H         LINE#         41
  C:3B9DH         LINE#         42
  C:3BA3H         LINE#         43
  C:3BA9H         LINE#         44
  C:3BAFH         LINE#         46
  C:3BB9H         LINE#         47
  C:3BC3H         LINE#         48
  C:3BCDH         LINE#         49
  C:3BD7H         LINE#         51
  -------         ENDPROC       ANGINIT
  -------         PROC          _PANGCALC
  D:0004H         SYMBOL        angx
  D:003EH         SYMBOL        angy
  -------         DO            
  D:0042H         SYMBOL        x
  D:0004H         SYMBOL        y
  D:0046H         SYMBOL        s
  -------         ENDDO         
  C:31E1H         LINE#         59
  C:31E1H         LINE#         60
  C:31E1H         LINE#         63
  C:31E8H         LINE#         64
  C:31EEH         LINE#         65
  C:31F4H         LINE#         66
  C:31FFH         LINE#         68
  C:320BH         LINE#         69
  C:3211H         LINE#         70
  C:3214H         LINE#         71
  C:321FH         LINE#         73
  C:3235H         LINE#         74
  C:3249H         LINE#         75
BL51 BANKED LINKER/LOCATER V6.22                                                      06/25/2018  15:28:32  PAGE 78


  C:3249H         LINE#         76
  C:3252H         LINE#         77
  C:3252H         LINE#         78
  C:3276H         LINE#         79
  C:3279H         LINE#         80
  -------         ENDPROC       _PANGCALC
  -------         PROC          GETANGP
  C:4551H         LINE#         88
  C:4551H         LINE#         89
  C:4551H         LINE#         91
  C:4578H         LINE#         92
  C:457EH         LINE#         93
  -------         ENDPROC       GETANGP
  -------         PROC          GETANGXSYSZERO
  C:4B46H         LINE#         95
  C:4B46H         LINE#         96
  C:4B46H         LINE#         97
  C:4B4CH         LINE#         98
  -------         ENDPROC       GETANGXSYSZERO
  -------         PROC          GETANGYSYSZERO
  C:4B4DH         LINE#         99
  C:4B4DH         LINE#         100
  C:4B4DH         LINE#         101
  C:4B53H         LINE#         102
  -------         ENDPROC       GETANGYSYSZERO
  -------         PROC          GETANGXUSRZERO
  C:4B54H         LINE#         103
  C:4B54H         LINE#         104
  C:4B54H         LINE#         105
  C:4B5AH         LINE#         106
  -------         ENDPROC       GETANGXUSRZERO
  -------         PROC          GETANGYUSRZERO
  C:4B5BH         LINE#         107
  C:4B5BH         LINE#         108
  C:4B5BH         LINE#         109
  C:4B61H         LINE#         110
  -------         ENDPROC       GETANGYUSRZERO
  -------         PROC          GETANGXINST
  C:4B62H         LINE#         112
  C:4B62H         LINE#         113
  C:4B62H         LINE#         114
  C:4B68H         LINE#         115
  -------         ENDPROC       GETANGXINST
  -------         PROC          GETANGYINST
  C:4B69H         LINE#         116
  C:4B69H         LINE#         117
  C:4B69H         LINE#         118
  C:4B6FH         LINE#         119
  -------         ENDPROC       GETANGYINST
  -------         PROC          GETANGXZEROUSR
  C:4B70H         LINE#         123
  C:4B70H         LINE#         124
  C:4B70H         LINE#         125
  C:4B76H         LINE#         126
  -------         ENDPROC       GETANGXZEROUSR
  -------         PROC          GETANGYZEROUSR
  C:4B77H         LINE#         127
BL51 BANKED LINKER/LOCATER V6.22                                                      06/25/2018  15:28:32  PAGE 79


  C:4B77H         LINE#         128
  C:4B77H         LINE#         129
  C:4B7DH         LINE#         130
  -------         ENDPROC       GETANGYZEROUSR
  -------         PROC          GETANGXRELSYS
  C:4B7EH         LINE#         132
  C:4B7EH         LINE#         133
  C:4B7EH         LINE#         134
  C:4B84H         LINE#         135
  -------         ENDPROC       GETANGXRELSYS
  -------         PROC          GETANGYRELSYS
  C:4B85H         LINE#         136
  C:4B85H         LINE#         137
  C:4B85H         LINE#         138
  C:4B8BH         LINE#         139
  -------         ENDPROC       GETANGYRELSYS
  -------         PROC          _SETANGXSYSZERO
  D:0004H         SYMBOL        zore
  C:4BCEH         LINE#         148
  C:4BCEH         LINE#         149
  C:4BCEH         LINE#         150
  -------         ENDPROC       _SETANGXSYSZERO
  -------         PROC          _SETANGYSYSZERO
  D:0004H         SYMBOL        zore
  C:4BD4H         LINE#         152
  C:4BD4H         LINE#         153
  C:4BD4H         LINE#         154
  -------         ENDPROC       _SETANGYSYSZERO
  -------         PROC          _SETANGXUSRZERO
  D:0004H         SYMBOL        zore
  C:4BDAH         LINE#         157
  C:4BDAH         LINE#         158
  C:4BDAH         LINE#         159
  -------         ENDPROC       _SETANGXUSRZERO
  -------         PROC          _SETANGYUSRZERO
  D:0004H         SYMBOL        zore
  C:4BE0H         LINE#         161
  C:4BE0H         LINE#         162
  C:4BE0H         LINE#         163
  -------         ENDPROC       _SETANGYUSRZERO
  -------         PROC          _SETANGXINST
  D:0004H         SYMBOL        ang_inst
  C:4BE6H         LINE#         166
  C:4BE6H         LINE#         167
  C:4BE6H         LINE#         168
  -------         ENDPROC       _SETANGXINST
  -------         PROC          _SETANGYINST
  D:0004H         SYMBOL        ang_inst
  C:4BECH         LINE#         170
  C:4BECH         LINE#         171
  C:4BECH         LINE#         172
  -------         ENDPROC       _SETANGYINST
  -------         PROC          _SETANGZERO
  D:0001H         SYMBOL        angval
  D:003EH         SYMBOL        setval
  C:47B7H         LINE#         184
  C:47BFH         LINE#         185
BL51 BANKED LINKER/LOCATER V6.22                                                      06/25/2018  15:28:32  PAGE 80


  C:47BFH         LINE#         186
  -------         ENDPROC       _SETANGZERO
  -------         PROC          _SETANGZEROADD
  D:0001H         SYMBOL        angval
  D:003EH         SYMBOL        setval
  C:47F4H         LINE#         189
  C:47FCH         LINE#         190
  C:47FCH         LINE#         191
  -------         ENDPROC       _SETANGZEROADD
  C:3EA2H         SYMBOL        L?0032
  -------         PROC          GETXANGALLSETVAL
  -------         DO            
  D:003AH         SYMBOL        tmp
  -------         ENDDO         
  C:3E67H         LINE#         200
  C:3E67H         LINE#         201
  C:3E67H         LINE#         203
  C:3E72H         LINE#         204
  C:3E7BH         LINE#         205
  C:3E84H         LINE#         206
  C:3E87H         LINE#         207
  C:3E90H         LINE#         208
  C:3E99H         LINE#         209
  C:3EA1H         LINE#         211
  -------         ENDPROC       GETXANGALLSETVAL
  C:3EECH         SYMBOL        L?0033
  -------         PROC          GETYANGALLSETVAL
  -------         DO            
  D:003AH         SYMBOL        tmp
  -------         ENDDO         
  C:3EB1H         LINE#         219
  C:3EB1H         LINE#         220
  C:3EB1H         LINE#         222
  C:3EBCH         LINE#         223
  C:3EC5H         LINE#         224
  C:3ECEH         LINE#         225
  C:3ED1H         LINE#         226
  C:3EDAH         LINE#         227
  C:3EE3H         LINE#         228
  C:3EEBH         LINE#         229
  -------         ENDPROC       GETYANGALLSETVAL
  -------         ENDMOD        ANGAPP

  -------         MODULE        ?C?FPADD
  C:0055H         PUBLIC        ?C?FPADD
  C:0051H         PUBLIC        ?C?FPSUB
  -------         ENDMOD        ?C?FPADD

  -------         MODULE        ?C?FPMUL
  C:0146H         PUBLIC        ?C?FPMUL
  -------         ENDMOD        ?C?FPMUL

  -------         MODULE        ?C?FPDIV
  C:024FH         PUBLIC        ?C?FPDIV
  -------         ENDMOD        ?C?FPDIV

  -------         MODULE        ?C?FPCMP
BL51 BANKED LINKER/LOCATER V6.22                                                      06/25/2018  15:28:32  PAGE 81


  C:02EEH         PUBLIC        ?C?FPCMP
  C:02ECH         PUBLIC        ?C?FPCMP3
  -------         ENDMOD        ?C?FPCMP

  -------         MODULE        ?C?FCAST
  C:0363H         PUBLIC        ?C?FCASTC
  C:035EH         PUBLIC        ?C?FCASTI
  C:0359H         PUBLIC        ?C?FCASTL
  -------         ENDMOD        ?C?FCAST

  -------         MODULE        ?C?CASTF
  C:0397H         PUBLIC        ?C?CASTF
  -------         ENDMOD        ?C?CASTF

  -------         MODULE        SQRT
  C:3007H         PUBLIC        _SQRT
  -------         ENDMOD        SQRT

  -------         MODULE        SIN
  C:218DH         PUBLIC        _COS
  C:21A3H         PUBLIC        _SIN
  C:21D5H         PUBLIC        _TAN
  -------         ENDMOD        SIN

  -------         MODULE        ASIN
  C:42D1H         PUBLIC        _ASIN
  -------         ENDMOD        ASIN

  -------         MODULE        ATAN
  C:2550H         PUBLIC        _ATAN
  -------         ENDMOD        ATAN

  -------         MODULE        ?C?CLDPTR
  C:0465H         PUBLIC        ?C?CLDPTR
  -------         ENDMOD        ?C?CLDPTR

  -------         MODULE        ?C?CLDOPTR
  C:047EH         PUBLIC        ?C?CLDOPTR
  -------         ENDMOD        ?C?CLDOPTR

  -------         MODULE        ?C?CILDPTR
  C:04ABH         PUBLIC        ?C?CILDPTR
  -------         ENDMOD        ?C?CILDPTR

  -------         MODULE        ?C?CSTPTR
  C:04CDH         PUBLIC        ?C?CSTPTR
  -------         ENDMOD        ?C?CSTPTR

  -------         MODULE        ?C?CSTOPTR
  C:04DFH         PUBLIC        ?C?CSTOPTR
  -------         ENDMOD        ?C?CSTOPTR

  -------         MODULE        ?C?IMUL
  C:0501H         PUBLIC        ?C?IMUL
  -------         ENDMOD        ?C?IMUL

  -------         MODULE        ?C?UIDIV
BL51 BANKED LINKER/LOCATER V6.22                                                      06/25/2018  15:28:32  PAGE 82


  C:0513H         PUBLIC        ?C?UIDIV
  -------         ENDMOD        ?C?UIDIV

  -------         MODULE        ?C?SIDIV
  C:0568H         PUBLIC        ?C?SIDIV
  -------         ENDMOD        ?C?SIDIV

  -------         MODULE        ?C?IILDX
  C:059EH         PUBLIC        ?C?IILDX
  -------         ENDMOD        ?C?IILDX

  -------         MODULE        ?C?ILDOPTR
  C:05B4H         PUBLIC        ?C?ILDOPTR
  -------         ENDMOD        ?C?ILDOPTR

  -------         MODULE        ?C?ISTPTR
  C:05ECH         PUBLIC        ?C?ISTPTR
  -------         ENDMOD        ?C?ISTPTR

  -------         MODULE        ?C?ISTOPTR
  C:060BH         PUBLIC        ?C?ISTOPTR
  -------         ENDMOD        ?C?ISTOPTR

  -------         MODULE        ?C?LADD
  C:0638H         PUBLIC        ?C?LADD
  -------         ENDMOD        ?C?LADD

  -------         MODULE        ?C?LMUL
  C:0645H         PUBLIC        ?C?LMUL
  -------         ENDMOD        ?C?LMUL

  -------         MODULE        ?C?ULDIV
  C:06D0H         PUBLIC        ?C?ULDIV
  -------         ENDMOD        ?C?ULDIV

  -------         MODULE        ?C?SLDIV
  C:3FD0H         PUBLIC        ?C?SLDIV
  -------         ENDMOD        ?C?SLDIV

  -------         MODULE        ?C?LNEG
  C:0762H         PUBLIC        ?C?LNEG
  -------         ENDMOD        ?C?LNEG

  -------         MODULE        ?C?SLCMP
  C:0770H         PUBLIC        ?C?SLCMP
  -------         ENDMOD        ?C?SLCMP

  -------         MODULE        ?C?ULCMP
  C:0786H         PUBLIC        ?C?ULCMP
  -------         ENDMOD        ?C?ULCMP

  -------         MODULE        ?C?ULSHR
  C:0797H         PUBLIC        ?C?ULSHR
  -------         ENDMOD        ?C?ULSHR

  -------         MODULE        ?C?LSHL
  C:07AAH         PUBLIC        ?C?LSHL
BL51 BANKED LINKER/LOCATER V6.22                                                      06/25/2018  15:28:32  PAGE 83


  -------         ENDMOD        ?C?LSHL

  -------         MODULE        ?C?LLDPTR
  C:07BDH         PUBLIC        ?C?LLDPTR
  -------         ENDMOD        ?C?LLDPTR

  -------         MODULE        ?C?LLDOPTR
  C:07DDH         PUBLIC        ?C?LLDOPTR
  -------         ENDMOD        ?C?LLDOPTR

  -------         MODULE        ?C?LSTPTR
  C:080DH         PUBLIC        ?C?LSTPTR
  -------         ENDMOD        ?C?LSTPTR

  -------         MODULE        ?C?LSTOPTR
  C:0827H         PUBLIC        ?C?LSTOPTR
  -------         ENDMOD        ?C?LSTOPTR

  -------         MODULE        ?C?LLDXDATA
  C:084BH         PUBLIC        ?C?LLDXDATA
  -------         ENDMOD        ?C?LLDXDATA

  -------         MODULE        ?C?LLDCODE
  C:0857H         PUBLIC        ?C?LLDCODE
  -------         ENDMOD        ?C?LLDCODE

  -------         MODULE        ?C?LLDXDATA0
  C:0867H         PUBLIC        ?C?LLDXDATA0
  -------         ENDMOD        ?C?LLDXDATA0

  -------         MODULE        ?C?LLDCODE0
  C:0873H         PUBLIC        ?C?LLDCODE0
  -------         ENDMOD        ?C?LLDCODE0

  -------         MODULE        ?C?LLDOPTR0
  C:0883H         PUBLIC        ?C?LLDOPTR0
  -------         ENDMOD        ?C?LLDOPTR0

  -------         MODULE        ?C?LSTXDATA
  C:08B3H         PUBLIC        ?C?LSTXDATA
  -------         ENDMOD        ?C?LSTXDATA

  -------         MODULE        ?C?LSTKXDATA
  C:08BFH         PUBLIC        ?C?LSTKXDATA
  -------         ENDMOD        ?C?LSTKXDATA

  -------         MODULE        ?C?LSTKOPTR
  C:08F0H         PUBLIC        ?C?LSTKOPTR
  -------         ENDMOD        ?C?LSTKOPTR

  -------         MODULE        ?C?OFFXADD
  C:0914H         PUBLIC        ?C?OFFXADD
  -------         ENDMOD        ?C?OFFXADD

  -------         MODULE        ?C?PLDIIDATA
  C:0920H         PUBLIC        ?C?PLDIIDATA
  -------         ENDMOD        ?C?PLDIIDATA
BL51 BANKED LINKER/LOCATER V6.22                                                      06/25/2018  15:28:32  PAGE 84



  -------         MODULE        ?C?PLDXDATA
  C:0930H         PUBLIC        ?C?PLDXDATA
  -------         ENDMOD        ?C?PLDXDATA

  -------         MODULE        ?C?PSTXDATA
  C:0939H         PUBLIC        ?C?PSTXDATA
  -------         ENDMOD        ?C?PSTXDATA

  -------         MODULE        ?C?PLDOPTR
  C:0942H         PUBLIC        ?C?PLDOPTR
  -------         ENDMOD        ?C?PLDOPTR

  -------         MODULE        ?C?PSTOPTR
  C:0972H         PUBLIC        ?C?PSTOPTR
  -------         ENDMOD        ?C?PSTOPTR

  -------         MODULE        ?C?CCASE
  C:09CBH         PUBLIC        ?C?CCASE
  -------         ENDMOD        ?C?CCASE

  -------         MODULE        ?C?ICASE
  C:09F1H         PUBLIC        ?C?ICASE
  -------         ENDMOD        ?C?ICASE

  -------         MODULE        ?C?ICALL
  C:0A1EH         PUBLIC        ?C?ICALL
  C:0A22H         PUBLIC        ?C?ICALL2
  -------         ENDMOD        ?C?ICALL

  -------         MODULE        STRNCMP
  D:002BH         PUBLIC        ?_strncmp?BYTE
  C:36D6H         PUBLIC        _strncmp
  -------         ENDMOD        STRNCMP

  -------         MODULE        STRNCPY
  D:0025H         PUBLIC        ?_strncpy?BYTE
  C:3D7CH         PUBLIC        _strncpy
  -------         ENDMOD        STRNCPY

  -------         MODULE        ?C?LLDIDATA
  C:0A24H         PUBLIC        ?C?LLDIDATA
  -------         ENDMOD        ?C?LLDIDATA

  -------         MODULE        ?C?LLDPDATA
  C:0A30H         PUBLIC        ?C?LLDPDATA
  -------         ENDMOD        ?C?LLDPDATA

  -------         MODULE        ?C?LLDIDATA0
  C:0A3CH         PUBLIC        ?C?LLDIDATA0
  -------         ENDMOD        ?C?LLDIDATA0

  -------         MODULE        ?C?LLDPDATA0
  C:0A49H         PUBLIC        ?C?LLDPDATA0
  -------         ENDMOD        ?C?LLDPDATA0

  -------         MODULE        ?C?LSTIDATA
BL51 BANKED LINKER/LOCATER V6.22                                                      06/25/2018  15:28:32  PAGE 85


  C:0A56H         PUBLIC        ?C?LSTIDATA
  -------         ENDMOD        ?C?LSTIDATA

  -------         MODULE        ?C?LSTPDATA
  C:0A62H         PUBLIC        ?C?LSTPDATA
  -------         ENDMOD        ?C?LSTPDATA

  -------         MODULE        ?C?LSTKIDATA
  C:0A6EH         PUBLIC        ?C?LSTKIDATA
  -------         ENDMOD        ?C?LSTKIDATA

  -------         MODULE        ?C?LSTKPDATA
  C:0A87H         PUBLIC        ?C?LSTKPDATA
  -------         ENDMOD        ?C?LSTKPDATA

  -------         MODULE        ?C?PLDIDATA
  C:0AA0H         PUBLIC        ?C?PLDIDATA
  -------         ENDMOD        ?C?PLDIDATA

  -------         MODULE        ?C?PSTIDATA
  C:0AA9H         PUBLIC        ?C?PSTIDATA
  -------         ENDMOD        ?C?PSTIDATA

  -------         MODULE        ?C?PLDPDATA
  C:0AB2H         PUBLIC        ?C?PLDPDATA
  -------         ENDMOD        ?C?PLDPDATA

  -------         MODULE        ?C?PSTPDATA
  C:0ABBH         PUBLIC        ?C?PSTPDATA
  -------         ENDMOD        ?C?PSTPDATA

  -------         MODULE        ?C?PLDCODE
  C:0AC4H         PUBLIC        ?C?PLDCODE
  -------         ENDMOD        ?C?PLDCODE

Program Size: data=107.4 xdata=2408 code=19463
LINK/LOCATE RUN COMPLETE.  0 WARNING(S),  0 ERROR(S)
